../Core/Src/usart.c:46:6:MX_USART1_UART_Init	8	static
../Core/Src/usart.c:75:6:MX_USART2_UART_Init	8	static
../Core/Src/usart.c:103:6:HAL_UART_MspInit	48	static
../Core/Src/usart.c:169:6:HAL_UART_MspDeInit	16	static
c:\st\stm32cubeide_1.12.0\stm32cubeide\plugins\com.st.stm32cube.ide.mcu.externaltools.gnu-tools-for-stm32.10.3-2021.10.win32_1.0.200.202301161003\tools\arm-none-eabi\include\stdio.h:214:5:fputc	16	static
c:\st\stm32cubeide_1.12.0\stm32cubeide\plugins\com.st.stm32cube.ide.mcu.externaltools.gnu-tools-for-stm32.10.3-2021.10.win32_1.0.200.202301161003\tools\arm-none-eabi\include\stdio.h:212:5:fgetc	24	static
../Core/Src/usart.c:229:7:HAL_UART_RxCpltCallback	16	static
