Archive member included to satisfy reference by file (symbol)

c:/progra~1/gnu-to~1/bin/../lib/gcc/arm-none-eabi/10.3.1/thumb/v7-m/nofp\libgcc.a(_arm_muldf3.o)
                              CMakeFiles/nbiot.elf.dir/Core/Src/ds18b20.c.obj (__aeabi_dmul)
c:/progra~1/gnu-to~1/bin/../lib/gcc/arm-none-eabi/10.3.1/thumb/v7-m/nofp\libgcc.a(_arm_mulsf3.o)
                              CMakeFiles/nbiot.elf.dir/Core/Src/mq7.c.obj (__aeabi_fmul)
c:/progra~1/gnu-to~1/bin/../lib/gcc/arm-none-eabi/10.3.1/thumb/v7-m/nofp\libgcc.a(_arm_addsubdf3.o)
                              CMakeFiles/nbiot.elf.dir/Core/Src/mq7.c.obj (__aeabi_dadd)
c:/progra~1/gnu-to~1/bin/../lib/gcc/arm-none-eabi/10.3.1/thumb/v7-m/nofp\libgcc.a(_arm_muldivdf3.o)
                              CMakeFiles/nbiot.elf.dir/Core/Src/mq7.c.obj (__aeabi_ddiv)
c:/progra~1/gnu-to~1/bin/../lib/gcc/arm-none-eabi/10.3.1/thumb/v7-m/nofp\libgcc.a(_arm_fixdfsi.o)
                              CMakeFiles/nbiot.elf.dir/Core/Src/mq7.c.obj (__aeabi_d2iz)
c:/progra~1/gnu-to~1/bin/../lib/gcc/arm-none-eabi/10.3.1/thumb/v7-m/nofp\libgcc.a(_arm_truncdfsf2.o)
                              CMakeFiles/nbiot.elf.dir/Core/Src/ds18b20.c.obj (__aeabi_d2f)
c:/progra~1/gnu-to~1/bin/../lib/gcc/arm-none-eabi/10.3.1/thumb/v7-m/nofp\libgcc.a(_arm_addsubsf3.o)
                              CMakeFiles/nbiot.elf.dir/Core/Src/mq7.c.obj (__aeabi_fsub)
c:/progra~1/gnu-to~1/bin/../lib/gcc/arm-none-eabi/10.3.1/thumb/v7-m/nofp\libgcc.a(_arm_muldivsf3.o)
                              CMakeFiles/nbiot.elf.dir/Core/Src/mq7.c.obj (__aeabi_fdiv)
c:/progra~1/gnu-to~1/bin/../lib/gcc/arm-none-eabi/10.3.1/thumb/v7-m/nofp\libgcc.a(_arm_cmpsf2.o)
                              CMakeFiles/nbiot.elf.dir/Core/Src/main.c.obj (__aeabi_fcmpgt)
c:/progra~1/gnu-to~1/bin/../lib/gcc/arm-none-eabi/10.3.1/../../../../arm-none-eabi/lib/thumb/v7-m/nofp\libg.a(lib_a-errno.o)
                              CMakeFiles/nbiot.elf.dir/Core/Src/syscalls.c.obj (__errno)
c:/progra~1/gnu-to~1/bin/../lib/gcc/arm-none-eabi/10.3.1/../../../../arm-none-eabi/lib/thumb/v7-m/nofp\libg.a(lib_a-exit.o)
                              c:/progra~1/gnu-to~1/bin/../lib/gcc/arm-none-eabi/10.3.1/../../../../arm-none-eabi/lib/thumb/v7-m/nofp/crt0.o (exit)
c:/progra~1/gnu-to~1/bin/../lib/gcc/arm-none-eabi/10.3.1/../../../../arm-none-eabi/lib/thumb/v7-m/nofp\libg.a(lib_a-impure.o)
                              c:/progra~1/gnu-to~1/bin/../lib/gcc/arm-none-eabi/10.3.1/../../../../arm-none-eabi/lib/thumb/v7-m/nofp\libg.a(lib_a-exit.o) (_global_impure_ptr)
c:/progra~1/gnu-to~1/bin/../lib/gcc/arm-none-eabi/10.3.1/../../../../arm-none-eabi/lib/thumb/v7-m/nofp\libg.a(lib_a-init.o)
                              c:/progra~1/gnu-to~1/bin/../lib/gcc/arm-none-eabi/10.3.1/../../../../arm-none-eabi/lib/thumb/v7-m/nofp/crt0.o (__libc_init_array)
c:/progra~1/gnu-to~1/bin/../lib/gcc/arm-none-eabi/10.3.1/../../../../arm-none-eabi/lib/thumb/v7-m/nofp\libg.a(lib_a-memset.o)
                              c:/progra~1/gnu-to~1/bin/../lib/gcc/arm-none-eabi/10.3.1/../../../../arm-none-eabi/lib/thumb/v7-m/nofp/crt0.o (memset)
c:/progra~1/gnu-to~1/bin/../lib/gcc/arm-none-eabi/10.3.1/../../../../arm-none-eabi/lib/thumb/v7-m/nofp\libg.a(lib_a-printf.o)
                              CMakeFiles/nbiot.elf.dir/Core/Src/main.c.obj (printf)
c:/progra~1/gnu-to~1/bin/../lib/gcc/arm-none-eabi/10.3.1/../../../../arm-none-eabi/lib/thumb/v7-m/nofp\libg.a(lib_a-sprintf.o)
                              CMakeFiles/nbiot.elf.dir/Core/Src/bc35.c.obj (sprintf)
c:/progra~1/gnu-to~1/bin/../lib/gcc/arm-none-eabi/10.3.1/../../../../arm-none-eabi/lib/thumb/v7-m/nofp\libg.a(lib_a-strlen-stub.o)
                              CMakeFiles/nbiot.elf.dir/Core/Src/bc35.c.obj (strlen)
c:/progra~1/gnu-to~1/bin/../lib/gcc/arm-none-eabi/10.3.1/../../../../arm-none-eabi/lib/thumb/v7-m/nofp\libg.a(lib_a-strstr.o)
                              CMakeFiles/nbiot.elf.dir/Core/Src/bc35.c.obj (strstr)
c:/progra~1/gnu-to~1/bin/../lib/gcc/arm-none-eabi/10.3.1/../../../../arm-none-eabi/lib/thumb/v7-m/nofp\libg.a(lib_a-svfprintf.o)
                              c:/progra~1/gnu-to~1/bin/../lib/gcc/arm-none-eabi/10.3.1/../../../../arm-none-eabi/lib/thumb/v7-m/nofp\libg.a(lib_a-sprintf.o) (_svfprintf_r)
c:/progra~1/gnu-to~1/bin/../lib/gcc/arm-none-eabi/10.3.1/../../../../arm-none-eabi/lib/thumb/v7-m/nofp\libg.a(lib_a-vfprintf.o)
                              c:/progra~1/gnu-to~1/bin/../lib/gcc/arm-none-eabi/10.3.1/../../../../arm-none-eabi/lib/thumb/v7-m/nofp\libg.a(lib_a-printf.o) (_vfprintf_r)
c:/progra~1/gnu-to~1/bin/../lib/gcc/arm-none-eabi/10.3.1/../../../../arm-none-eabi/lib/thumb/v7-m/nofp\libg.a(lib_a-vsnprintf.o)
                              CMakeFiles/nbiot.elf.dir/Core/Src/bc35.c.obj (vsnprintf)
c:/progra~1/gnu-to~1/bin/../lib/gcc/arm-none-eabi/10.3.1/../../../../arm-none-eabi/lib/thumb/v7-m/nofp\libg.a(lib_a-wsetup.o)
[...]
Memory Configuration

Name             Origin             Length             Attributes
RAM              0x20000000         0x0000c000         xrw
FLASH            0x08000000         0x00040000         xr
*default*        0x00000000         0xffffffff

Linker script and memory map

LOAD c:/progra~1/gnu-to~1/bin/../lib/gcc/arm-none-eabi/10.3.1/thumb/v7-m/nofp/crti.o
LOAD c:/progra~1/gnu-to~1/bin/../lib/gcc/arm-none-eabi/10.3.1/thumb/v7-m/nofp/crtbegin.o
LOAD c:/progra~1/gnu-to~1/bin/../lib/gcc/arm-none-eabi/10.3.1/../../../../arm-none-eabi/lib/thumb/v7-m/nofp/crt0.o
LOAD CMakeFiles/nbiot.elf.dir/Core/Src/adc.c.obj
LOAD CMakeFiles/nbiot.elf.dir/Core/Src/bc35.c.obj
LOAD CMakeFiles/nbiot.elf.dir/Core/Src/delay.c.obj
LOAD CMakeFiles/nbiot.elf.dir/Core/Src/dht11.c.obj
LOAD CMakeFiles/nbiot.elf.dir/Core/Src/dma.c.obj
LOAD CMakeFiles/nbiot.elf.dir/Core/Src/ds18b20.c.obj
LOAD CMakeFiles/nbiot.elf.dir/Core/Src/gpio.c.obj
LOAD CMakeFiles/nbiot.elf.dir/Core/Src/main.c.obj
LOAD CMakeFiles/nbiot.elf.dir/Core/Src/mq7.c.obj
LOAD CMakeFiles/nbiot.elf.dir/Core/Src/stm32f1xx_hal_msp.c.obj
LOAD CMakeFiles/nbiot.elf.dir/Core/Src/stm32f1xx_it.c.obj
LOAD CMakeFiles/nbiot.elf.dir/Core/Src/syscalls.c.obj
LOAD CMakeFiles/nbiot.elf.dir/Core/Src/sysmem.c.obj
LOAD CMakeFiles/nbiot.elf.dir/Core/Src/system_stm32f1xx.c.obj
LOAD CMakeFiles/nbiot.elf.dir/Core/Src/tim.c.obj
LOAD CMakeFiles/nbiot.elf.dir/Core/Src/usart.c.obj
LOAD CMakeFiles/nbiot.elf.dir/Core/Startup/startup_stm32f103rctx.s.obj
LOAD CMakeFiles/nbiot.elf.dir/Drivers/STM32F1xx_HAL_Driver/Src/stm32f1xx_hal.c.obj
LOAD CMakeFiles/nbiot.elf.dir/Drivers/STM32F1xx_HAL_Driver/Src/stm32f1xx_hal_adc.c.obj
LOAD CMakeFiles/nbiot.elf.dir/Drivers/STM32F1xx_HAL_Driver/Src/stm32f1xx_hal_adc_ex.c.obj
LOAD CMakeFiles/nbiot.elf.dir/Drivers/STM32F1xx_HAL_Driver/Src/stm32f1xx_hal_cortex.c.obj
LOAD CMakeFiles/nbiot.elf.dir/Drivers/STM32F1xx_HAL_Driver/Src/stm32f1xx_hal_dma.c.obj
LOAD CMakeFiles/nbiot.elf.dir/Drivers/STM32F1xx_HAL_Driver/Src/stm32f1xx_hal_exti.c.obj
LOAD CMakeFiles/nbiot.elf.dir/Drivers/STM32F1xx_HAL_Driver/Src/stm32f1xx_hal_flash.c.obj
LOAD CMakeFiles/nbiot.elf.dir/Drivers/STM32F1xx_HAL_Driver/Src/stm32f1xx_hal_flash_ex.c.obj
LOAD CMakeFiles/nbiot.elf.dir/Drivers/STM32F1xx_HAL_Driver/Src/stm32f1xx_hal_gpio.c.obj
LOAD CMakeFiles/nbiot.elf.dir/Drivers/STM32F1xx_HAL_Driver/Src/stm32f1xx_hal_gpio_ex.c.obj
LOAD CMakeFiles/nbiot.elf.dir/Drivers/STM32F1xx_HAL_Driver/Src/stm32f1xx_hal_pwr.c.obj
LOAD CMakeFiles/nbiot.elf.dir/Drivers/STM32F1xx_HAL_Driver/Src/stm32f1xx_hal_rcc.c.obj
LOAD CMakeFiles/nbiot.elf.dir/Drivers/STM32F1xx_HAL_Driver/Src/stm32f1xx_hal_rcc_ex.c.obj
LOAD CMakeFiles/nbiot.elf.dir/Drivers/STM32F1xx_HAL_Driver/Src/stm32f1xx_hal_tim.c.obj
LOAD CMakeFiles/nbiot.elf.dir/Drivers/STM32F1xx_HAL_Driver/Src/stm32f1xx_hal_tim_ex.c.obj
LOAD CMakeFiles/nbiot.elf.dir/Drivers/STM32F1xx_HAL_Driver/Src/stm32f1xx_hal_uart.c.obj
START GROUP
LOAD c:/progra~1/gnu-to~1/bin/../lib/gcc/arm-none-eabi/10.3.1/thumb/v7-m/nofp\libgcc.a
LOAD c:/progra~1/gnu-to~1/bin/../lib/gcc/arm-none-eabi/10.3.1/../../../../arm-none-eabi/lib/thumb/v7-m/nofp\libg.a
LOAD c:/progra~1/gnu-to~1/bin/../lib/gcc/arm-none-eabi/10.3.1/../../../../arm-none-eabi/lib/thumb/v7-m/nofp\libc.a
END GROUP
LOAD c:/progra~1/gnu-to~1/bin/../lib/gcc/arm-none-eabi/10.3.1/thumb/v7-m/nofp/crtend.o
LOAD c:/progra~1/gnu-to~1/bin/../lib/gcc/arm-none-eabi/10.3.1/thumb/v7-m/nofp/crtn.o
                0x2000c000                _estack = (ORIGIN (RAM) + LENGTH (RAM))
                0x00000200                _Min_Heap_Size = 0x200
                0x00000400                _Min_Stack_Size = 0x400

.isr_vector     0x08000000      0x1e4
                0x08000000                . = ALIGN (0x4)
 *(.isr_vector)
 .isr_vector    0x08000000      0x1e4 CMakeFiles/nbiot.elf.dir/Core/Startup/startup_stm32f103rctx.s.obj
                0x08000000                g_pfnVectors
                0x080001e4                . = ALIGN (0x4)

.text           0x080001e8     0xd8bc
                0x080001e8                . = ALIGN (0x4)
 *(.text)
 .text          0x080001e8       0x40 c:/progra~1/gnu-to~1/bin/../lib/gcc/arm-none-eabi/10.3.1/thumb/v7-m/nofp/crtbegin.o
 .text          0x08000228      0x378 c:/progra~1/gnu-to~1/bin/../lib/gcc/arm-none-eabi/10.3.1/thumb/v7-m/nofp\libgcc.a(_arm_addsubdf3.o)
                0x08000228                __aeabi_drsub
                0x08000230                __aeabi_dsub
                0x08000230                __subdf3
                0x08000234                __aeabi_dadd
                0x08000234                __adddf3
                0x080004ac                __floatunsidf
                0x080004ac                __aeabi_ui2d
                0x080004cc                __floatsidf
                0x080004cc                __aeabi_i2d
                0x080004f0                __aeabi_f2d
                0x080004f0                __extendsfdf2
                0x08000534                __floatundidf
                0x08000534                __aeabi_ul2d
                0x08000544                __floatdidf
                0x08000544                __aeabi_l2d
 .text          0x080005a0      0x424 c:/progra~1/gnu-to~1/bin/../lib/gcc/arm-none-eabi/10.3.1/thumb/v7-m/nofp\libgcc.a(_arm_muldivdf3.o)
                0x080005a0                __aeabi_dmul
                0x080005a0                __muldf3
                0x080007f4                __divdf3
                0x080007f4                __aeabi_ddiv
 .text          0x080009c4       0x50 c:/progra~1/gnu-to~1/bin/../lib/gcc/arm-none-eabi/10.3.1/thumb/v7-m/nofp\libgcc.a(_arm_fixdfsi.o)
                0x080009c4                __aeabi_d2iz
                0x080009c4                __fixdfsi
 .text          0x08000a14       0xa0 c:/progra~1/gnu-to~1/bin/../lib/gcc/arm-none-eabi/10.3.1/thumb/v7-m/nofp\libgcc.a(_arm_truncdfsf2.o)
                0x08000a14                __truncdfsf2
                0x08000a14                __aeabi_d2f
 .text          0x08000ab4      0x21c c:/progra~1/gnu-to~1/bin/../lib/gcc/arm-none-eabi/10.3.1/thumb/v7-m/nofp\libgcc.a(_arm_addsubsf3.o)
                0x08000ab4                __aeabi_frsub
                0x08000abc                __subsf3
                0x08000abc                __aeabi_fsub
                0x08000ac0                __aeabi_fadd
                0x08000ac0                __addsf3
                0x08000c20                __aeabi_ui2f
                0x08000c20                __floatunsisf
                0x08000c28                __aeabi_i2f
                0x08000c28                __floatsisf
                0x08000c44                __aeabi_ul2f
                0x08000c44                __floatundisf
                0x08000c54                __aeabi_l2f
                0x08000c54                __floatdisf
 .text          0x08000cd0      0x2a0 c:/progra~1/gnu-to~1/bin/../lib/gcc/arm-none-eabi/10.3.1/thumb/v7-m/nofp\libgcc.a(_arm_muldivsf3.o)
                0x08000cd0                __mulsf3
                0x08000cd0                __aeabi_fmul
                0x08000e38                __aeabi_fdiv
                0x08000e38                __divsf3
 .text          0x08000f70       0xec c:/progra~1/gnu-to~1/bin/../lib/gcc/arm-none-eabi/10.3.1/thumb/v7-m/nofp\libgcc.a(_arm_cmpsf2.o)
                0x08000f70                __gesf2
                0x08000f70                __gtsf2
                0x08000f78                __lesf2
                0x08000f78                __ltsf2
                0x08000f80                __nesf2
                0x08000f80                __eqsf2
                0x08000f80                __cmpsf2
                0x08000fe0                __aeabi_cfrcmple
                0x08000fe8                __aeabi_cfcmpeq
                0x08000fe8                __aeabi_cfcmple
                0x08000ff8                __aeabi_fcmpeq
                0x0800100c                __aeabi_fcmplt
                0x08001020                __aeabi_fcmple
                0x08001034                __aeabi_fcmpge
                0x08001048                __aeabi_fcmpgt
 .text          0x0800105c       0xec c:/progra~1/gnu-to~1/bin/../lib/gcc/arm-none-eabi/10.3.1/../../../../arm-none-eabi/lib/thumb/v7-m/nofp\libg.a(lib_a-memcpy.o)
                0x0800105c                memcpy
 .text          0x08001148      0x110 c:/progra~1/gnu-to~1/bin/../lib/gcc/arm-none-eabi/10.3.1/thumb/v7-m/nofp\libgcc.a(_arm_cmpdf2.o)
                0x08001148                __gtdf2
                0x08001148                __gedf2
                0x08001150                __ltdf2
                0x08001150                __ledf2
                0x08001158                __nedf2
                0x08001158                __eqdf2
                0x08001158                __cmpdf2
                0x080011d4                __aeabi_cdrcmple
                0x080011e4                __aeabi_cdcmpeq
                0x080011e4                __aeabi_cdcmple
                0x080011f4                __aeabi_dcmpeq
                0x08001208                __aeabi_dcmplt
                0x0800121c                __aeabi_dcmple
                0x08001230                __aeabi_dcmpge
                0x08001244                __aeabi_dcmpgt
 .text          0x08001258       0x2c c:/progra~1/gnu-to~1/bin/../lib/gcc/arm-none-eabi/10.3.1/thumb/v7-m/nofp\libgcc.a(_arm_unorddf2.o)
                0x08001258                __unorddf2
                0x08001258                __aeabi_dcmpun
 .text          0x08001284       0x30 c:/progra~1/gnu-to~1/bin/../lib/gcc/arm-none-eabi/10.3.1/thumb/v7-m/nofp\libgcc.a(_aeabi_uldivmod.o)
                0x08001284                __aeabi_uldivmod
 .text          0x080012b4      0x2d4 c:/progra~1/gnu-to~1/bin/../lib/gcc/arm-none-eabi/10.3.1/thumb/v7-m/nofp\libgcc.a(_udivmoddi4.o)
                0x080012b4                __udivmoddi4
 .text          0x08001588        0x4 c:/progra~1/gnu-to~1/bin/../lib/gcc/arm-none-eabi/10.3.1/thumb/v7-m/nofp\libgcc.a(_dvmd_tls.o)
                0x08001588                __aeabi_idiv0
                0x08001588                __aeabi_ldiv0
 *(.text*)
 .text.MX_ADC1_Init
                0x0800158c       0x58 CMakeFiles/nbiot.elf.dir/Core/Src/adc.c.obj
                0x0800158c                MX_ADC1_Init
 .text.HAL_ADC_MspInit
                0x080015e4       0x9c CMakeFiles/nbiot.elf.dir/Core/Src/adc.c.obj
                0x080015e4                HAL_ADC_MspInit
 .text.uart_printf
                0x08001680       0x32 CMakeFiles/nbiot.elf.dir/Core/Src/bc35.c.obj
                0x08001680                uart_printf
 *fill*         0x080016b2        0x2 
 .text.nb_printf
                0x080016b4       0x44 CMakeFiles/nbiot.elf.dir/Core/Src/bc35.c.obj
                0x080016b4                nb_printf
 .text.Clear_Buffer
                0x080016f8       0x1c CMakeFiles/nbiot.elf.dir/Core/Src/bc35.c.obj
                0x080016f8                Clear_Buffer
 .text.nb_init  0x08001714      0x1b8 CMakeFiles/nbiot.elf.dir/Core/Src/bc35.c.obj
                0x08001714                nb_init
 .text.nb_reg   0x080018cc       0xe4 CMakeFiles/nbiot.elf.dir/Core/Src/bc35.c.obj
                0x080018cc                nb_reg
 .text.nb_send  0x080019b0       0x88 CMakeFiles/nbiot.elf.dir/Core/Src/bc35.c.obj
                0x080019b0                nb_send
 .text.nb_sub   0x08001a38       0x28 CMakeFiles/nbiot.elf.dir/Core/Src/bc35.c.obj
                0x08001a38                nb_sub
 .text.nb_recv  0x08001a60       0x30 CMakeFiles/nbiot.elf.dir/Core/Src/bc35.c.obj
                0x08001a60                nb_recv
 .text.delay_us
                0x08001a90       0x3c CMakeFiles/nbiot.elf.dir/Core/Src/delay.c.obj
                0x08001a90                delay_us
 .text.DHT11_IO_OUT
                0x08001acc       0x2c CMakeFiles/nbiot.elf.dir/Core/Src/dht11.c.obj
                0x08001acc                DHT11_IO_OUT
 .text.DHT11_IO_IN
                0x08001af8       0x28 CMakeFiles/nbiot.elf.dir/Core/Src/dht11.c.obj
                0x08001af8                DHT11_IO_IN
 .text.DHT11_RST
                0x08001b20       0x30 CMakeFiles/nbiot.elf.dir/Core/Src/dht11.c.obj
                0x08001b20                DHT11_RST
 .text.Dht11_Check
                0x08001b50       0x58 CMakeFiles/nbiot.elf.dir/Core/Src/dht11.c.obj
                0x08001b50                Dht11_Check
 .text.Dht11_ReadBit
                0x08001ba8       0x54 CMakeFiles/nbiot.elf.dir/Core/Src/dht11.c.obj
                0x08001ba8                Dht11_ReadBit
 .text.Dht11_ReadByte
                0x08001bfc       0x1e CMakeFiles/nbiot.elf.dir/Core/Src/dht11.c.obj
                0x08001bfc                Dht11_ReadByte
 .text.DHT11_Init
                0x08001c1a        0xc CMakeFiles/nbiot.elf.dir/Core/Src/dht11.c.obj
                0x08001c1a                DHT11_Init
 .text.DHT11_ReadData
                0x08001c26       0x64 CMakeFiles/nbiot.elf.dir/Core/Src/dht11.c.obj
                0x08001c26                DHT11_ReadData
 *fill*         0x08001c8a        0x2 
 .text.MX_DMA_Init
                0x08001c8c       0x34 CMakeFiles/nbiot.elf.dir/Core/Src/dma.c.obj
                0x08001c8c                MX_DMA_Init
 .text.DS18B20_IO_IN
                0x08001cc0       0x20 CMakeFiles/nbiot.elf.dir/Core/Src/ds18b20.c.obj
                0x08001cc0                DS18B20_IO_IN
 .text.DS18B20_IO_OUT
                0x08001ce0       0x24 CMakeFiles/nbiot.elf.dir/Core/Src/ds18b20.c.obj
                0x08001ce0                DS18B20_IO_OUT
 .text.DS18B20_Rst
                0x08001d04       0x28 CMakeFiles/nbiot.elf.dir/Core/Src/ds18b20.c.obj
                0x08001d04                DS18B20_Rst
 .text.DS18B20_Check
                0x08001d2c       0x54 CMakeFiles/nbiot.elf.dir/Core/Src/ds18b20.c.obj
                0x08001d2c                DS18B20_Check
 .text.DS18B20_Read_Bit
                0x08001d80       0x40 CMakeFiles/nbiot.elf.dir/Core/Src/ds18b20.c.obj
                0x08001d80                DS18B20_Read_Bit
 .text.DS18B20_Read_Byte
                0x08001dc0       0x20 CMakeFiles/nbiot.elf.dir/Core/Src/ds18b20.c.obj
                0x08001dc0                DS18B20_Read_Byte
 .text.DS18B20_Write_Byte
                0x08001de0       0x5c CMakeFiles/nbiot.elf.dir/Core/Src/ds18b20.c.obj
                0x08001de0                DS18B20_Write_Byte
 .text.DS18B20_Start
                0x08001e3c       0x18 CMakeFiles/nbiot.elf.dir/Core/Src/ds18b20.c.obj
                0x08001e3c                DS18B20_Start
 .text.DS18B20_Init
                0x08001e54        0xc CMakeFiles/nbiot.elf.dir/Core/Src/ds18b20.c.obj
                0x08001e54                DS18B20_Init
 .text.DS18B20_Get_Temp
                0x08001e60       0x6c CMakeFiles/nbiot.elf.dir/Core/Src/ds18b20.c.obj
                0x08001e60                DS18B20_Get_Temp
 .text.MX_GPIO_Init
                0x08001ecc       0xf8 CMakeFiles/nbiot.elf.dir/Core/Src/gpio.c.obj
                0x08001ecc                MX_GPIO_Init
 .text.HAL_GPIO_EXTI_Callback
                0x08001fc4       0x40 CMakeFiles/nbiot.elf.dir/Core/Src/gpio.c.obj
                0x08001fc4                HAL_GPIO_EXTI_Callback
 .text.Error_Handler
                0x08002004        0x4 CMakeFiles/nbiot.elf.dir/Core/Src/main.c.obj
                0x08002004                Error_Handler
 .text.SystemClock_Config
                0x08002008       0x86 CMakeFiles/nbiot.elf.dir/Core/Src/main.c.obj
                0x08002008                SystemClock_Config
 *fill*         0x0800208e        0x2 
 .text.main     0x08002090      0x1c0 CMakeFiles/nbiot.elf.dir/Core/Src/main.c.obj
                0x08002090                main
 .text.Init_MQ7
                0x08002250       0x18 CMakeFiles/nbiot.elf.dir/Core/Src/mq7.c.obj
                0x08002250                Init_MQ7
 .text.Get_ADCValue_MQ7
                0x08002268       0x2c CMakeFiles/nbiot.elf.dir/Core/Src/mq7.c.obj
                0x08002268                Get_ADCValue_MQ7
 *fill*         0x08002294        0x4 
 .text.MQ7_PPM_Calibration
                0x08002298       0x2c CMakeFiles/nbiot.elf.dir/Core/Src/mq7.c.obj
                0x08002298                MQ7_PPM_Calibration
 *fill*         0x080022c4        0x4 
 .text.MQ7_GetPPM
                0x080022c8       0xac CMakeFiles/nbiot.elf.dir/Core/Src/mq7.c.obj
                0x080022c8                MQ7_GetPPM
 .text.HAL_MspInit
                0x08002374       0x30 CMakeFiles/nbiot.elf.dir/Core/Src/stm32f1xx_hal_msp.c.obj
                0x08002374                HAL_MspInit
 .text.NMI_Handler
                0x080023a4        0x2 CMakeFiles/nbiot.elf.dir/Core/Src/stm32f1xx_it.c.obj
                0x080023a4                NMI_Handler
 .text.HardFault_Handler
                0x080023a6        0x2 CMakeFiles/nbiot.elf.dir/Core/Src/stm32f1xx_it.c.obj
                0x080023a6                HardFault_Handler
 .text.MemManage_Handler
                0x080023a8        0x2 CMakeFiles/nbiot.elf.dir/Core/Src/stm32f1xx_it.c.obj
                0x080023a8                MemManage_Handler
 .text.BusFault_Handler
                0x080023aa        0x2 CMakeFiles/nbiot.elf.dir/Core/Src/stm32f1xx_it.c.obj
                0x080023aa                BusFault_Handler
 .text.UsageFault_Handler
                0x080023ac        0x2 CMakeFiles/nbiot.elf.dir/Core/Src/stm32f1xx_it.c.obj
                0x080023ac                UsageFault_Handler
 .text.SVC_Handler
                0x080023ae        0x2 CMakeFiles/nbiot.elf.dir/Core/Src/stm32f1xx_it.c.obj
                0x080023ae                SVC_Handler
 .text.DebugMon_Handler
                0x080023b0        0x2 CMakeFiles/nbiot.elf.dir/Core/Src/stm32f1xx_it.c.obj
                0x080023b0                DebugMon_Handler
 .text.PendSV_Handler
                0x080023b2        0x2 CMakeFiles/nbiot.elf.dir/Core/Src/stm32f1xx_it.c.obj
                0x080023b2                PendSV_Handler
 .text.SysTick_Handler
                0x080023b4        0x8 CMakeFiles/nbiot.elf.dir/Core/Src/stm32f1xx_it.c.obj
                0x080023b4                SysTick_Handler
 .text.DMA1_Channel1_IRQHandler
                0x080023bc       0x10 CMakeFiles/nbiot.elf.dir/Core/Src/stm32f1xx_it.c.obj
                0x080023bc                DMA1_Channel1_IRQHandler
 .text.EXTI9_5_IRQHandler
                0x080023cc        0xc CMakeFiles/nbiot.elf.dir/Core/Src/stm32f1xx_it.c.obj
                0x080023cc                EXTI9_5_IRQHandler
 .text.TIM2_IRQHandler
                0x080023d8       0x10 CMakeFiles/nbiot.elf.dir/Core/Src/stm32f1xx_it.c.obj
                0x080023d8                TIM2_IRQHandler
 .text.USART1_IRQHandler
                0x080023e8       0x10 CMakeFiles/nbiot.elf.dir/Core/Src/stm32f1xx_it.c.obj
                0x080023e8                USART1_IRQHandler
 .text.USART2_IRQHandler
                0x080023f8       0x10 CMakeFiles/nbiot.elf.dir/Core/Src/stm32f1xx_it.c.obj
                0x080023f8                USART2_IRQHandler
 .text._getpid  0x08002408        0x4 CMakeFiles/nbiot.elf.dir/Core/Src/syscalls.c.obj
                0x08002408                _getpid
 .text._kill    0x0800240c       0x10 CMakeFiles/nbiot.elf.dir/Core/Src/syscalls.c.obj
                0x0800240c                _kill
 .text._exit    0x0800241c        0xc CMakeFiles/nbiot.elf.dir/Core/Src/syscalls.c.obj
                0x0800241c                _exit
 .text._read    0x08002428       0x20 CMakeFiles/nbiot.elf.dir/Core/Src/syscalls.c.obj
                0x08002428                _read
 .text._write   0x08002448       0x1c CMakeFiles/nbiot.elf.dir/Core/Src/syscalls.c.obj
                0x08002448                _write
 .text._close   0x08002464        0x6 CMakeFiles/nbiot.elf.dir/Core/Src/syscalls.c.obj
                0x08002464                _close
 .text._fstat   0x0800246a        0xa CMakeFiles/nbiot.elf.dir/Core/Src/syscalls.c.obj
                0x0800246a                _fstat
 .text._isatty  0x08002474        0x4 CMakeFiles/nbiot.elf.dir/Core/Src/syscalls.c.obj
                0x08002474                _isatty
 .text._lseek   0x08002478        0x4 CMakeFiles/nbiot.elf.dir/Core/Src/syscalls.c.obj
                0x08002478                _lseek
 .text._sbrk    0x0800247c       0x48 CMakeFiles/nbiot.elf.dir/Core/Src/sysmem.c.obj
                0x0800247c                _sbrk
 .text.SystemInit
                0x080024c4        0x2 CMakeFiles/nbiot.elf.dir/Core/Src/system_stm32f1xx.c.obj
                0x080024c4                SystemInit
 *fill*         0x080024c6        0x2 
 .text.MX_TIM2_Init
                0x080024c8       0x6c CMakeFiles/nbiot.elf.dir/Core/Src/tim.c.obj
                0x080024c8                MX_TIM2_Init
 .text.HAL_TIM_Base_MspInit
                0x08002534       0x3a CMakeFiles/nbiot.elf.dir/Core/Src/tim.c.obj
                0x08002534                HAL_TIM_Base_MspInit
 *fill*         0x0800256e        0x2 
 .text.MX_USART1_UART_Init
                0x08002570       0x34 CMakeFiles/nbiot.elf.dir/Core/Src/usart.c.obj
                0x08002570                MX_USART1_UART_Init
 .text.MX_USART2_UART_Init
                0x080025a4       0x34 CMakeFiles/nbiot.elf.dir/Core/Src/usart.c.obj
                0x080025a4                MX_USART2_UART_Init
 .text.HAL_UART_MspInit
                0x080025d8       0xf4 CMakeFiles/nbiot.elf.dir/Core/Src/usart.c.obj
                0x080025d8                HAL_UART_MspInit
 .text.__io_putchar
                0x080026cc       0x20 CMakeFiles/nbiot.elf.dir/Core/Src/usart.c.obj
                0x080026cc                __io_putchar
 .text.HAL_UART_RxCpltCallback
                0x080026ec       0xc0 CMakeFiles/nbiot.elf.dir/Core/Src/usart.c.obj
                0x080026ec                HAL_UART_RxCpltCallback
 .text.Reset_Handler
                0x080027ac       0x48 CMakeFiles/nbiot.elf.dir/Core/Startup/startup_stm32f103rctx.s.obj
                0x080027ac                Reset_Handler
 .text.Default_Handler
                0x080027f4        0x2 CMakeFiles/nbiot.elf.dir/Core/Startup/startup_stm32f103rctx.s.obj
                0x080027f4                RTC_Alarm_IRQHandler
                0x080027f4                EXTI2_IRQHandler
                0x080027f4                TIM8_TRG_COM_IRQHandler
                0x080027f4                TIM8_CC_IRQHandler
                0x080027f4                TIM1_CC_IRQHandler
                0x080027f4                TIM6_IRQHandler
                0x080027f4                PVD_IRQHandler
                0x080027f4                SDIO_IRQHandler
                0x080027f4                EXTI3_IRQHandler
                0x080027f4                EXTI0_IRQHandler
                0x080027f4                I2C2_EV_IRQHandler
                0x080027f4                ADC1_2_IRQHandler
                0x080027f4                SPI1_IRQHandler
                0x080027f4                TAMPER_IRQHandler
                0x080027f4                TIM8_UP_IRQHandler
                0x080027f4                DMA2_Channel2_IRQHandler
                0x080027f4                DMA1_Channel4_IRQHandler
                0x080027f4                USART3_IRQHandler
                0x080027f4                RTC_IRQHandler
                0x080027f4                DMA1_Channel7_IRQHandler
                0x080027f4                CAN1_RX1_IRQHandler
                0x080027f4                UART5_IRQHandler
                0x080027f4                ADC3_IRQHandler
                0x080027f4                TIM4_IRQHandler
                0x080027f4                DMA2_Channel1_IRQHandler
                0x080027f4                I2C1_EV_IRQHandler
                0x080027f4                DMA1_Channel6_IRQHandler
                0x080027f4                UART4_IRQHandler
                0x080027f4                TIM3_IRQHandler
                0x080027f4                RCC_IRQHandler
                0x080027f4                TIM1_TRG_COM_IRQHandler
                0x080027f4                Default_Handler
                0x080027f4                EXTI15_10_IRQHandler
                0x080027f4                TIM7_IRQHandler
                0x080027f4                TIM5_IRQHandler
                0x080027f4                SPI2_IRQHandler
                0x080027f4                DMA1_Channel5_IRQHandler
                0x080027f4                EXTI4_IRQHandler
                0x080027f4                USB_LP_CAN1_RX0_IRQHandler
                0x080027f4                USB_HP_CAN1_TX_IRQHandler
                0x080027f4                DMA1_Channel3_IRQHandler
                0x080027f4                FSMC_IRQHandler
                0x080027f4                TIM1_UP_IRQHandler
                0x080027f4                WWDG_IRQHandler
                0x080027f4                TIM1_BRK_IRQHandler
                0x080027f4                EXTI1_IRQHandler
                0x080027f4                DMA2_Channel4_5_IRQHandler
                0x080027f4                I2C2_ER_IRQHandler
                0x080027f4                DMA1_Channel2_IRQHandler
                0x080027f4                TIM8_BRK_IRQHandler
                0x080027f4                CAN1_SCE_IRQHandler
                0x080027f4                FLASH_IRQHandler
                0x080027f4                SPI3_IRQHandler
                0x080027f4                I2C1_ER_IRQHandler
                0x080027f4                USBWakeUp_IRQHandler
                0x080027f4                DMA2_Channel3_IRQHandler
 *fill*         0x080027f6        0x2 
 .text.HAL_InitTick
                0x080027f8       0x4c CMakeFiles/nbiot.elf.dir/Drivers/STM32F1xx_HAL_Driver/Src/stm32f1xx_hal.c.obj
                0x080027f8                HAL_InitTick
 .text.HAL_Init
                0x08002844       0x24 CMakeFiles/nbiot.elf.dir/Drivers/STM32F1xx_HAL_Driver/Src/stm32f1xx_hal.c.obj
                0x08002844                HAL_Init
 .text.HAL_IncTick
                0x08002868       0x18 CMakeFiles/nbiot.elf.dir/Drivers/STM32F1xx_HAL_Driver/Src/stm32f1xx_hal.c.obj
                0x08002868                HAL_IncTick
 .text.HAL_GetTick
                0x08002880        0xc CMakeFiles/nbiot.elf.dir/Drivers/STM32F1xx_HAL_Driver/Src/stm32f1xx_hal.c.obj
                0x08002880                HAL_GetTick
 .text.HAL_Delay
                0x0800288c       0x28 CMakeFiles/nbiot.elf.dir/Drivers/STM32F1xx_HAL_Driver/Src/stm32f1xx_hal.c.obj
                0x0800288c                HAL_Delay
 .text.HAL_ADC_ConvCpltCallback
                0x080028b4        0x2 CMakeFiles/nbiot.elf.dir/Drivers/STM32F1xx_HAL_Driver/Src/stm32f1xx_hal_adc.c.obj
                0x080028b4                HAL_ADC_ConvCpltCallback
 .text.ADC_DMAConvCplt
                0x080028b6       0x52 CMakeFiles/nbiot.elf.dir/Drivers/STM32F1xx_HAL_Driver/Src/stm32f1xx_hal_adc.c.obj
                0x080028b6                ADC_DMAConvCplt
 .text.HAL_ADC_ConvHalfCpltCallback
                0x08002908        0x2 CMakeFiles/nbiot.elf.dir/Drivers/STM32F1xx_HAL_Driver/Src/stm32f1xx_hal_adc.c.obj
                0x08002908                HAL_ADC_ConvHalfCpltCallback
 .text.ADC_DMAHalfConvCplt
                0x0800290a        0xa CMakeFiles/nbiot.elf.dir/Drivers/STM32F1xx_HAL_Driver/Src/stm32f1xx_hal_adc.c.obj
                0x0800290a                ADC_DMAHalfConvCplt
 .text.HAL_ADC_ErrorCallback
                0x08002914        0x2 CMakeFiles/nbiot.elf.dir/Drivers/STM32F1xx_HAL_Driver/Src/stm32f1xx_hal_adc.c.obj
                0x08002914                HAL_ADC_ErrorCallback
 .text.ADC_DMAError
                0x08002916       0x1a CMakeFiles/nbiot.elf.dir/Drivers/STM32F1xx_HAL_Driver/Src/stm32f1xx_hal_adc.c.obj
                0x08002916                ADC_DMAError
 .text.HAL_ADC_ConfigChannel
                0x08002930      0x144 CMakeFiles/nbiot.elf.dir/Drivers/STM32F1xx_HAL_Driver/Src/stm32f1xx_hal_adc.c.obj
                0x08002930                HAL_ADC_ConfigChannel
 .text.ADC_Enable
                0x08002a74       0x88 CMakeFiles/nbiot.elf.dir/Drivers/STM32F1xx_HAL_Driver/Src/stm32f1xx_hal_adc.c.obj
                0x08002a74                ADC_Enable
 .text.HAL_ADC_Start_DMA
                0x08002afc      0x130 CMakeFiles/nbiot.elf.dir/Drivers/STM32F1xx_HAL_Driver/Src/stm32f1xx_hal_adc.c.obj
                0x08002afc                HAL_ADC_Start_DMA
 .text.ADC_ConversionStop_Disable
                0x08002c2c       0x56 CMakeFiles/nbiot.elf.dir/Drivers/STM32F1xx_HAL_Driver/Src/stm32f1xx_hal_adc.c.obj
                0x08002c2c                ADC_ConversionStop_Disable
 *fill*         0x08002c82        0x2 
 .text.HAL_ADC_Init
                0x08002c84      0x128 CMakeFiles/nbiot.elf.dir/Drivers/STM32F1xx_HAL_Driver/Src/stm32f1xx_hal_adc.c.obj
                0x08002c84                HAL_ADC_Init
 .text.HAL_NVIC_SetPriorityGrouping
                0x08002dac       0x24 CMakeFiles/nbiot.elf.dir/Drivers/STM32F1xx_HAL_Driver/Src/stm32f1xx_hal_cortex.c.obj
                0x08002dac                HAL_NVIC_SetPriorityGrouping
 .text.HAL_NVIC_SetPriority
                0x08002dd0       0x70 CMakeFiles/nbiot.elf.dir/Drivers/STM32F1xx_HAL_Driver/Src/stm32f1xx_hal_cortex.c.obj
                0x08002dd0                HAL_NVIC_SetPriority
 .text.HAL_NVIC_EnableIRQ
                0x08002e40       0x1c CMakeFiles/nbiot.elf.dir/Drivers/STM32F1xx_HAL_Driver/Src/stm32f1xx_hal_cortex.c.obj
                0x08002e40                HAL_NVIC_EnableIRQ
 .text.HAL_SYSTICK_Config
                0x08002e5c       0x28 CMakeFiles/nbiot.elf.dir/Drivers/STM32F1xx_HAL_Driver/Src/stm32f1xx_hal_cortex.c.obj
                0x08002e5c                HAL_SYSTICK_Config
 .text.DMA_SetConfig
                0x08002e84       0x2c CMakeFiles/nbiot.elf.dir/Drivers/STM32F1xx_HAL_Driver/Src/stm32f1xx_hal_dma.c.obj
 .text.HAL_DMA_Init
                0x08002eb0       0x98 CMakeFiles/nbiot.elf.dir/Drivers/STM32F1xx_HAL_Driver/Src/stm32f1xx_hal_dma.c.obj
                0x08002eb0                HAL_DMA_Init
 .text.HAL_DMA_Start_IT
                0x08002f48       0x76 CMakeFiles/nbiot.elf.dir/Drivers/STM32F1xx_HAL_Driver/Src/stm32f1xx_hal_dma.c.obj
                0x08002f48                HAL_DMA_Start_IT
 .text.HAL_DMA_Abort
                0x08002fbe       0x46 CMakeFiles/nbiot.elf.dir/Drivers/STM32F1xx_HAL_Driver/Src/stm32f1xx_hal_dma.c.obj
                0x08002fbe                HAL_DMA_Abort
 .text.HAL_DMA_Abort_IT
                0x08003004      0x16c CMakeFiles/nbiot.elf.dir/Drivers/STM32F1xx_HAL_Driver/Src/stm32f1xx_hal_dma.c.obj
                0x08003004                HAL_DMA_Abort_IT
 .text.HAL_DMA_IRQHandler
                0x08003170      0x2ec CMakeFiles/nbiot.elf.dir/Drivers/STM32F1xx_HAL_Driver/Src/stm32f1xx_hal_dma.c.obj
                0x08003170                HAL_DMA_IRQHandler
 .text.HAL_GPIO_Init
                0x0800345c      0x240 CMakeFiles/nbiot.elf.dir/Drivers/STM32F1xx_HAL_Driver/Src/stm32f1xx_hal_gpio.c.obj
                0x0800345c                HAL_GPIO_Init
 .text.HAL_GPIO_ReadPin
                0x0800369c        0xe CMakeFiles/nbiot.elf.dir/Drivers/STM32F1xx_HAL_Driver/Src/stm32f1xx_hal_gpio.c.obj
                0x0800369c                HAL_GPIO_ReadPin
 .text.HAL_GPIO_WritePin
                0x080036aa        0xc CMakeFiles/nbiot.elf.dir/Drivers/STM32F1xx_HAL_Driver/Src/stm32f1xx_hal_gpio.c.obj
                0x080036aa                HAL_GPIO_WritePin
 .text.HAL_GPIO_TogglePin
                0x080036b6       0x12 CMakeFiles/nbiot.elf.dir/Drivers/STM32F1xx_HAL_Driver/Src/stm32f1xx_hal_gpio.c.obj
                0x080036b6                HAL_GPIO_TogglePin
 .text.HAL_GPIO_EXTI_IRQHandler
                0x080036c8       0x1c CMakeFiles/nbiot.elf.dir/Drivers/STM32F1xx_HAL_Driver/Src/stm32f1xx_hal_gpio.c.obj
                0x080036c8                HAL_GPIO_EXTI_IRQHandler
 .text.RCC_Delay
                0x080036e4       0x2c CMakeFiles/nbiot.elf.dir/Drivers/STM32F1xx_HAL_Driver/Src/stm32f1xx_hal_rcc.c.obj
 .text.HAL_RCC_OscConfig
                0x08003710      0x410 CMakeFiles/nbiot.elf.dir/Drivers/STM32F1xx_HAL_Driver/Src/stm32f1xx_hal_rcc.c.obj
                0x08003710                HAL_RCC_OscConfig
 .text.HAL_RCC_GetSysClockFreq
                0x08003b20       0x54 CMakeFiles/nbiot.elf.dir/Drivers/STM32F1xx_HAL_Driver/Src/stm32f1xx_hal_rcc.c.obj
                0x08003b20                HAL_RCC_GetSysClockFreq
 .text.HAL_RCC_ClockConfig
                0x08003b74      0x16c CMakeFiles/nbiot.elf.dir/Drivers/STM32F1xx_HAL_Driver/Src/stm32f1xx_hal_rcc.c.obj
                0x08003b74                HAL_RCC_ClockConfig
 .text.HAL_RCC_GetHCLKFreq
                0x08003ce0        0xc CMakeFiles/nbiot.elf.dir/Drivers/STM32F1xx_HAL_Driver/Src/stm32f1xx_hal_rcc.c.obj
                0x08003ce0                HAL_RCC_GetHCLKFreq
 .text.HAL_RCC_GetPCLK1Freq
                0x08003cec       0x20 CMakeFiles/nbiot.elf.dir/Drivers/STM32F1xx_HAL_Driver/Src/stm32f1xx_hal_rcc.c.obj
                0x08003cec                HAL_RCC_GetPCLK1Freq
 .text.HAL_RCC_GetPCLK2Freq
                0x08003d0c       0x20 CMakeFiles/nbiot.elf.dir/Drivers/STM32F1xx_HAL_Driver/Src/stm32f1xx_hal_rcc.c.obj
                0x08003d0c                HAL_RCC_GetPCLK2Freq
 .text.HAL_RCCEx_PeriphCLKConfig
                0x08003d2c      0x118 CMakeFiles/nbiot.elf.dir/Drivers/STM32F1xx_HAL_Driver/Src/stm32f1xx_hal_rcc_ex.c.obj
                0x08003d2c                HAL_RCCEx_PeriphCLKConfig
 .text.TIM_TI1_ConfigInputStage
                0x08003e44       0x24 CMakeFiles/nbiot.elf.dir/Drivers/STM32F1xx_HAL_Driver/Src/stm32f1xx_hal_tim.c.obj
 .text.TIM_TI2_ConfigInputStage
                0x08003e68       0x26 CMakeFiles/nbiot.elf.dir/Drivers/STM32F1xx_HAL_Driver/Src/stm32f1xx_hal_tim.c.obj
 .text.TIM_ITRx_SetConfig
                0x08003e8e       0x10 CMakeFiles/nbiot.elf.dir/Drivers/STM32F1xx_HAL_Driver/Src/stm32f1xx_hal_tim.c.obj
 .text.HAL_TIM_PeriodElapsedCallback
                0x08003e9e        0x2 CMakeFiles/nbiot.elf.dir/Drivers/STM32F1xx_HAL_Driver/Src/stm32f1xx_hal_tim.c.obj
                0x08003e9e                HAL_TIM_PeriodElapsedCallback
 .text.HAL_TIM_OC_DelayElapsedCallback
                0x08003ea0        0x2 CMakeFiles/nbiot.elf.dir/Drivers/STM32F1xx_HAL_Driver/Src/stm32f1xx_hal_tim.c.obj
                0x08003ea0                HAL_TIM_OC_DelayElapsedCallback
 .text.HAL_TIM_IC_CaptureCallback
                0x08003ea2        0x2 CMakeFiles/nbiot.elf.dir/Drivers/STM32F1xx_HAL_Driver/Src/stm32f1xx_hal_tim.c.obj
                0x08003ea2                HAL_TIM_IC_CaptureCallback
 .text.HAL_TIM_PWM_PulseFinishedCallback
                0x08003ea4        0x2 CMakeFiles/nbiot.elf.dir/Drivers/STM32F1xx_HAL_Driver/Src/stm32f1xx_hal_tim.c.obj
                0x08003ea4                HAL_TIM_PWM_PulseFinishedCallback
 .text.HAL_TIM_TriggerCallback
                0x08003ea6        0x2 CMakeFiles/nbiot.elf.dir/Drivers/STM32F1xx_HAL_Driver/Src/stm32f1xx_hal_tim.c.obj
                0x08003ea6                HAL_TIM_TriggerCallback
 .text.HAL_TIM_IRQHandler
                0x08003ea8      0x17a CMakeFiles/nbiot.elf.dir/Drivers/STM32F1xx_HAL_Driver/Src/stm32f1xx_hal_tim.c.obj
                0x08003ea8                HAL_TIM_IRQHandler
 *fill*         0x08004022        0x2 
 .text.TIM_Base_SetConfig
                0x08004024       0x98 CMakeFiles/nbiot.elf.dir/Drivers/STM32F1xx_HAL_Driver/Src/stm32f1xx_hal_tim.c.obj
                0x08004024                TIM_Base_SetConfig
 .text.HAL_TIM_Base_Init
                0x080040bc       0x58 CMakeFiles/nbiot.elf.dir/Drivers/STM32F1xx_HAL_Driver/Src/stm32f1xx_hal_tim.c.obj
                0x080040bc                HAL_TIM_Base_Init
 .text.TIM_ETR_SetConfig
                0x08004114       0x18 CMakeFiles/nbiot.elf.dir/Drivers/STM32F1xx_HAL_Driver/Src/stm32f1xx_hal_tim.c.obj
                0x08004114                TIM_ETR_SetConfig
 .text.HAL_TIM_ConfigClockSource
                0x0800412c       0xfe CMakeFiles/nbiot.elf.dir/Drivers/STM32F1xx_HAL_Driver/Src/stm32f1xx_hal_tim.c.obj
                0x0800412c                HAL_TIM_ConfigClockSource
 *fill*         0x0800422a        0x2 
 .text.HAL_TIMEx_MasterConfigSynchronization
                0x0800422c       0x7c CMakeFiles/nbiot.elf.dir/Drivers/STM32F1xx_HAL_Driver/Src/stm32f1xx_hal_tim_ex.c.obj
                0x0800422c                HAL_TIMEx_MasterConfigSynchronization
 .text.HAL_TIMEx_CommutCallback
                0x080042a8        0x2 CMakeFiles/nbiot.elf.dir/Drivers/STM32F1xx_HAL_Driver/Src/stm32f1xx_hal_tim_ex.c.obj
                0x080042a8                HAL_TIMEx_CommutCallback
 .text.HAL_TIMEx_BreakCallback
                0x080042aa        0x2 CMakeFiles/nbiot.elf.dir/Drivers/STM32F1xx_HAL_Driver/Src/stm32f1xx_hal_tim_ex.c.obj
                0x080042aa                HAL_TIMEx_BreakCallback
 .text.UART_EndRxTransfer
                0x080042ac       0x5c CMakeFiles/nbiot.elf.dir/Drivers/STM32F1xx_HAL_Driver/Src/stm32f1xx_hal_uart.c.obj
 .text.UART_Transmit_IT
                0x08004308       0x60 CMakeFiles/nbiot.elf.dir/Drivers/STM32F1xx_HAL_Driver/Src/stm32f1xx_hal_uart.c.obj
 .text.UART_SetConfig
                0x08004368       0x94 CMakeFiles/nbiot.elf.dir/Drivers/STM32F1xx_HAL_Driver/Src/stm32f1xx_hal_uart.c.obj
 .text.UART_WaitOnFlagUntilTimeout
                0x080043fc       0x88 CMakeFiles/nbiot.elf.dir/Drivers/STM32F1xx_HAL_Driver/Src/stm32f1xx_hal_uart.c.obj
 .text.HAL_UART_Init
                0x08004484       0x60 CMakeFiles/nbiot.elf.dir/Drivers/STM32F1xx_HAL_Driver/Src/stm32f1xx_hal_uart.c.obj
                0x08004484                HAL_UART_Init
 .text.HAL_UART_Transmit
                0x080044e4       0xbe CMakeFiles/nbiot.elf.dir/Drivers/STM32F1xx_HAL_Driver/Src/stm32f1xx_hal_uart.c.obj
                0x080044e4                HAL_UART_Transmit
 .text.HAL_UART_TxCpltCallback
                0x080045a2        0x2 CMakeFiles/nbiot.elf.dir/Drivers/STM32F1xx_HAL_Driver/Src/stm32f1xx_hal_uart.c.obj
                0x080045a2                HAL_UART_TxCpltCallback
 .text.UART_EndTransmit_IT
                0x080045a4       0x1a CMakeFiles/nbiot.elf.dir/Drivers/STM32F1xx_HAL_Driver/Src/stm32f1xx_hal_uart.c.obj
 .text.HAL_UART_ErrorCallback
                0x080045be        0x2 CMakeFiles/nbiot.elf.dir/Drivers/STM32F1xx_HAL_Driver/Src/stm32f1xx_hal_uart.c.obj
                0x080045be                HAL_UART_ErrorCallback
 .text.UART_DMAAbortOnError
                0x080045c0       0x10 CMakeFiles/nbiot.elf.dir/Drivers/STM32F1xx_HAL_Driver/Src/stm32f1xx_hal_uart.c.obj
 .text.HAL_UARTEx_RxEventCallback
                0x080045d0        0x2 CMakeFiles/nbiot.elf.dir/Drivers/STM32F1xx_HAL_Driver/Src/stm32f1xx_hal_uart.c.obj
                0x080045d0                HAL_UARTEx_RxEventCallback
 .text.UART_Receive_IT
                0x080045d2       0xe6 CMakeFiles/nbiot.elf.dir/Drivers/STM32F1xx_HAL_Driver/Src/stm32f1xx_hal_uart.c.obj
 .text.HAL_UART_IRQHandler
                0x080046b8      0x288 CMakeFiles/nbiot.elf.dir/Drivers/STM32F1xx_HAL_Driver/Src/stm32f1xx_hal_uart.c.obj
                0x080046b8                HAL_UART_IRQHandler
 .text.UART_Start_Receive_IT
                0x08004940       0x36 CMakeFiles/nbiot.elf.dir/Drivers/STM32F1xx_HAL_Driver/Src/stm32f1xx_hal_uart.c.obj
                0x08004940                UART_Start_Receive_IT
 .text.HAL_UART_Receive_IT
                0x08004976       0x26 CMakeFiles/nbiot.elf.dir/Drivers/STM32F1xx_HAL_Driver/Src/stm32f1xx_hal_uart.c.obj
                0x08004976                HAL_UART_Receive_IT
 .text.__errno  0x0800499c        0xc c:/progra~1/gnu-to~1/bin/../lib/gcc/arm-none-eabi/10.3.1/../../../../arm-none-eabi/lib/thumb/v7-m/nofp\libg.a(lib_a-errno.o)
                0x0800499c                __errno
 .text.__libc_init_array
                0x080049a8       0x48 c:/progra~1/gnu-to~1/bin/../lib/gcc/arm-none-eabi/10.3.1/../../../../arm-none-eabi/lib/thumb/v7-m/nofp\libg.a(lib_a-init.o)
                0x080049a8                __libc_init_array
 .text.memset   0x080049f0       0xa4 c:/progra~1/gnu-to~1/bin/../lib/gcc/arm-none-eabi/10.3.1/../../../../arm-none-eabi/lib/thumb/v7-m/nofp\libg.a(lib_a-memset.o)
                0x080049f0                memset
 .text.printf   0x08004a94       0x28 c:/progra~1/gnu-to~1/bin/../lib/gcc/arm-none-eabi/10.3.1/../../../../arm-none-eabi/lib/thumb/v7-m/nofp\libg.a(lib_a-printf.o)
                0x08004a94                printf
 .text.sprintf  0x08004abc       0x44 c:/progra~1/gnu-to~1/bin/../lib/gcc/arm-none-eabi/10.3.1/../../../../arm-none-eabi/lib/thumb/v7-m/nofp\libg.a(lib_a-sprintf.o)
                0x08004abc                sprintf
 .text.strlen   0x08004b00       0x5c c:/progra~1/gnu-to~1/bin/../lib/gcc/arm-none-eabi/10.3.1/../../../../arm-none-eabi/lib/thumb/v7-m/nofp\libg.a(lib_a-strlen-stub.o)
                0x08004b00                strlen
 .text.two_way_long_needle
                0x08004b5c      0x2b8 c:/progra~1/gnu-to~1/bin/../lib/gcc/arm-none-eabi/10.3.1/../../../../arm-none-eabi/lib/thumb/v7-m/nofp\libg.a(lib_a-strstr.o)
 .text.strstr   0x08004e14      0x168 c:/progra~1/gnu-to~1/bin/../lib/gcc/arm-none-eabi/10.3.1/../../../../arm-none-eabi/lib/thumb/v7-m/nofp\libg.a(lib_a-strstr.o)
                0x08004e14                strstr
 .text._svfprintf_r
                0x08004f7c     0x1aa4 c:/progra~1/gnu-to~1/bin/../lib/gcc/arm-none-eabi/10.3.1/../../../../arm-none-eabi/lib/thumb/v7-m/nofp\libg.a(lib_a-svfprintf.o)
                0x08004f7c                _svfprintf_r
 .text._vfprintf_r
                0x08006a20     0x1b58 c:/progra~1/gnu-to~1/bin/../lib/gcc/arm-none-eabi/10.3.1/../../../../arm-none-eabi/lib/thumb/v7-m/nofp\libg.a(lib_a-vfprintf.o)
                0x08006a20                _vfprintf_r
 .text.__sbprintf
                0x08008578       0x84 c:/progra~1/gnu-to~1/bin/../lib/gcc/arm-none-eabi/10.3.1/../../../../arm-none-eabi/lib/thumb/v7-m/nofp\libg.a(lib_a-vfprintf.o)
 .text.vsnprintf
                0x080085fc       0x6c c:/progra~1/gnu-to~1/bin/../lib/gcc/arm-none-eabi/10.3.1/../../../../arm-none-eabi/lib/thumb/v7-m/nofp\libg.a(lib_a-vsnprintf.o)
                0x080085fc                vsnprintf
 .text.__swsetup_r
                0x08008668       0xd4 c:/progra~1/gnu-to~1/bin/../lib/gcc/arm-none-eabi/10.3.1/../../../../arm-none-eabi/lib/thumb/v7-m/nofp\libg.a(lib_a-wsetup.o)
                0x08008668                __swsetup_r
 .text.startup.register_fini
                0x0800873c       0x14 c:/progra~1/gnu-to~1/bin/../lib/gcc/arm-none-eabi/10.3.1/../../../../arm-none-eabi/lib/thumb/v7-m/nofp\libg.a(lib_a-__call_atexit.o)
 .text.atexit   0x08008750        0xc c:/progra~1/gnu-to~1/bin/../lib/gcc/arm-none-eabi/10.3.1/../../../../arm-none-eabi/lib/thumb/v7-m/nofp\libg.a(lib_a-atexit.o)
                0x08008750                atexit
 .text.quorem   0x0800875c      0x12c c:/progra~1/gnu-to~1/bin/../lib/gcc/arm-none-eabi/10.3.1/../../../../arm-none-eabi/lib/thumb/v7-m/nofp\libg.a(lib_a-dtoa.o)
 .text._dtoa_r  0x08008888      0xecc c:/progra~1/gnu-to~1/bin/../lib/gcc/arm-none-eabi/10.3.1/../../../../arm-none-eabi/lib/thumb/v7-m/nofp\libg.a(lib_a-dtoa.o)
                0x08008888                _dtoa_r
 .text.__sflush_r
                0x08009754      0x124 c:/progra~1/gnu-to~1/bin/../lib/gcc/arm-none-eabi/10.3.1/../../../../arm-none-eabi/lib/thumb/v7-m/nofp\libg.a(lib_a-fflush.o)
                0x08009754                __sflush_r
 .text._fflush_r
                0x08009878       0x5c c:/progra~1/gnu-to~1/bin/../lib/gcc/arm-none-eabi/10.3.1/../../../../arm-none-eabi/lib/thumb/v7-m/nofp\libg.a(lib_a-fflush.o)
                0x08009878                _fflush_r
 .text._cleanup_r
                0x080098d4        0xc c:/progra~1/gnu-to~1/bin/../lib/gcc/arm-none-eabi/10.3.1/../../../../arm-none-eabi/lib/thumb/v7-m/nofp\libg.a(lib_a-findfp.o)
                0x080098d4                _cleanup_r
 .text.__sinit  0x080098e0      0x10c c:/progra~1/gnu-to~1/bin/../lib/gcc/arm-none-eabi/10.3.1/../../../../arm-none-eabi/lib/thumb/v7-m/nofp\libg.a(lib_a-findfp.o)
                0x080098e0                __sinit
 .text.__sfp_lock_acquire
                0x080099ec        0xc c:/progra~1/gnu-to~1/bin/../lib/gcc/arm-none-eabi/10.3.1/../../../../arm-none-eabi/lib/thumb/v7-m/nofp\libg.a(lib_a-findfp.o)
                0x080099ec                __sfp_lock_acquire
 .text.__sfp_lock_release
                0x080099f8        0xc c:/progra~1/gnu-to~1/bin/../lib/gcc/arm-none-eabi/10.3.1/../../../../arm-none-eabi/lib/thumb/v7-m/nofp\libg.a(lib_a-findfp.o)
                0x080099f8                __sfp_lock_release
 .text.__libc_fini_array
                0x08009a04       0x2c c:/progra~1/gnu-to~1/bin/../lib/gcc/arm-none-eabi/10.3.1/../../../../arm-none-eabi/lib/thumb/v7-m/nofp\libg.a(lib_a-fini.o)
                0x08009a04                __libc_fini_array
 .text._malloc_trim_r
                0x08009a30       0xa0 c:/progra~1/gnu-to~1/bin/../lib/gcc/arm-none-eabi/10.3.1/../../../../arm-none-eabi/lib/thumb/v7-m/nofp\libg.a(lib_a-freer.o)
                0x08009a30                _malloc_trim_r
 .text._free_r  0x08009ad0      0x200 c:/progra~1/gnu-to~1/bin/../lib/gcc/arm-none-eabi/10.3.1/../../../../arm-none-eabi/lib/thumb/v7-m/nofp\libg.a(lib_a-freer.o)
                0x08009ad0                _free_r
 .text._fwalk_reent
                0x08009cd0       0x48 c:/progra~1/gnu-to~1/bin/../lib/gcc/arm-none-eabi/10.3.1/../../../../arm-none-eabi/lib/thumb/v7-m/nofp\libg.a(lib_a-fwalk.o)
                0x08009cd0                _fwalk_reent
 .text._localeconv_r
                0x08009d18        0x8 c:/progra~1/gnu-to~1/bin/../lib/gcc/arm-none-eabi/10.3.1/../../../../arm-none-eabi/lib/thumb/v7-m/nofp\libg.a(lib_a-localeconv.o)
                0x08009d18                _localeconv_r
 .text.__retarget_lock_init_recursive
                0x08009d20        0x4 c:/progra~1/gnu-to~1/bin/../lib/gcc/arm-none-eabi/10.3.1/../../../../arm-none-eabi/lib/thumb/v7-m/nofp\libg.a(lib_a-lock.o)
                0x08009d20                __retarget_lock_init_recursive
 .text.__retarget_lock_close_recursive
                0x08009d24        0x4 c:/progra~1/gnu-to~1/bin/../lib/gcc/arm-none-eabi/10.3.1/../../../../arm-none-eabi/lib/thumb/v7-m/nofp\libg.a(lib_a-lock.o)
                0x08009d24                __retarget_lock_close_recursive
 .text.__retarget_lock_acquire_recursive
                0x08009d28        0x4 c:/progra~1/gnu-to~1/bin/../lib/gcc/arm-none-eabi/10.3.1/../../../../arm-none-eabi/lib/thumb/v7-m/nofp\libg.a(lib_a-lock.o)
                0x08009d28                __retarget_lock_acquire_recursive
 .text.__retarget_lock_release_recursive
                0x08009d2c        0x4 c:/progra~1/gnu-to~1/bin/../lib/gcc/arm-none-eabi/10.3.1/../../../../arm-none-eabi/lib/thumb/v7-m/nofp\libg.a(lib_a-lock.o)
                0x08009d2c                __retarget_lock_release_recursive
 .text.__smakebuf_r
                0x08009d30       0xe0 c:/progra~1/gnu-to~1/bin/../lib/gcc/arm-none-eabi/10.3.1/../../../../arm-none-eabi/lib/thumb/v7-m/nofp\libg.a(lib_a-makebuf.o)
                0x08009d30                __smakebuf_r
 .text._malloc_r
                0x08009e10      0x558 c:/progra~1/gnu-to~1/bin/../lib/gcc/arm-none-eabi/10.3.1/../../../../arm-none-eabi/lib/thumb/v7-m/nofp\libg.a(lib_a-mallocr.o)
                0x08009e10                _malloc_r
 .text.memchr   0x0800a368       0x90 c:/progra~1/gnu-to~1/bin/../lib/gcc/arm-none-eabi/10.3.1/../../../../arm-none-eabi/lib/thumb/v7-m/nofp\libg.a(lib_a-memchr-stub.o)
                0x0800a368                memchr
 .text.memcmp   0x0800a3f8       0x68 c:/progra~1/gnu-to~1/bin/../lib/gcc/arm-none-eabi/10.3.1/../../../../arm-none-eabi/lib/thumb/v7-m/nofp\libg.a(lib_a-memcmp.o)
                0x0800a3f8                memcmp
 .text.__malloc_lock
                0x0800a460        0xc c:/progra~1/gnu-to~1/bin/../lib/gcc/arm-none-eabi/10.3.1/../../../../arm-none-eabi/lib/thumb/v7-m/nofp\libg.a(lib_a-mlock.o)
                0x0800a460                __malloc_lock
 .text.__malloc_unlock
                0x0800a46c        0xc c:/progra~1/gnu-to~1/bin/../lib/gcc/arm-none-eabi/10.3.1/../../../../arm-none-eabi/lib/thumb/v7-m/nofp\libg.a(lib_a-mlock.o)
                0x0800a46c                __malloc_unlock
 .text._Balloc  0x0800a478       0x4c c:/progra~1/gnu-to~1/bin/../lib/gcc/arm-none-eabi/10.3.1/../../../../arm-none-eabi/lib/thumb/v7-m/nofp\libg.a(lib_a-mprec.o)
                0x0800a478                _Balloc
 .text._Bfree   0x0800a4c4       0x14 c:/progra~1/gnu-to~1/bin/../lib/gcc/arm-none-eabi/10.3.1/../../../../arm-none-eabi/lib/thumb/v7-m/nofp\libg.a(lib_a-mprec.o)
                0x0800a4c4                _Bfree
 .text.__multadd
                0x0800a4d8       0xa4 c:/progra~1/gnu-to~1/bin/../lib/gcc/arm-none-eabi/10.3.1/../../../../arm-none-eabi/lib/thumb/v7-m/nofp\libg.a(lib_a-mprec.o)
                0x0800a4d8                __multadd
 .text.__hi0bits
                0x0800a57c       0x40 c:/progra~1/gnu-to~1/bin/../lib/gcc/arm-none-eabi/10.3.1/../../../../arm-none-eabi/lib/thumb/v7-m/nofp\libg.a(lib_a-mprec.o)
                0x0800a57c                __hi0bits
 .text.__lo0bits
                0x0800a5bc       0x58 c:/progra~1/gnu-to~1/bin/../lib/gcc/arm-none-eabi/10.3.1/../../../../arm-none-eabi/lib/thumb/v7-m/nofp\libg.a(lib_a-mprec.o)
                0x0800a5bc                __lo0bits
 .text.__i2b    0x0800a614       0x5c c:/progra~1/gnu-to~1/bin/../lib/gcc/arm-none-eabi/10.3.1/../../../../arm-none-eabi/lib/thumb/v7-m/nofp\libg.a(lib_a-mprec.o)
                0x0800a614                __i2b
 .text.__multiply
                0x0800a670      0x15c c:/progra~1/gnu-to~1/bin/../lib/gcc/arm-none-eabi/10.3.1/../../../../arm-none-eabi/lib/thumb/v7-m/nofp\libg.a(lib_a-mprec.o)
                0x0800a670                __multiply
 .text.__pow5mult
                0x0800a7cc       0xb8 c:/progra~1/gnu-to~1/bin/../lib/gcc/arm-none-eabi/10.3.1/../../../../arm-none-eabi/lib/thumb/v7-m/nofp\libg.a(lib_a-mprec.o)
                0x0800a7cc                __pow5mult
 .text.__lshift
                0x0800a884       0xec c:/progra~1/gnu-to~1/bin/../lib/gcc/arm-none-eabi/10.3.1/../../../../arm-none-eabi/lib/thumb/v7-m/nofp\libg.a(lib_a-mprec.o)
                0x0800a884                __lshift
 .text.__mcmp   0x0800a970       0x40 c:/progra~1/gnu-to~1/bin/../lib/gcc/arm-none-eabi/10.3.1/../../../../arm-none-eabi/lib/thumb/v7-m/nofp\libg.a(lib_a-mprec.o)
                0x0800a970                __mcmp
 .text.__mdiff  0x0800a9b0      0x14c c:/progra~1/gnu-to~1/bin/../lib/gcc/arm-none-eabi/10.3.1/../../../../arm-none-eabi/lib/thumb/v7-m/nofp\libg.a(lib_a-mprec.o)
                0x0800a9b0                __mdiff
 .text.__d2b    0x0800aafc       0xc4 c:/progra~1/gnu-to~1/bin/../lib/gcc/arm-none-eabi/10.3.1/../../../../arm-none-eabi/lib/thumb/v7-m/nofp\libg.a(lib_a-mprec.o)
                0x0800aafc                __d2b
 .text.frexp    0x0800abc0       0x70 c:/progra~1/gnu-to~1/bin/../lib/gcc/arm-none-eabi/10.3.1/../../../../arm-none-eabi/lib/thumb/v7-m/nofp\libg.a(lib_a-s_frexp.o)
                0x0800abc0                frexp
 .text._sbrk_r  0x0800ac30       0x24 c:/progra~1/gnu-to~1/bin/../lib/gcc/arm-none-eabi/10.3.1/../../../../arm-none-eabi/lib/thumb/v7-m/nofp\libg.a(lib_a-sbrkr.o)
                0x0800ac30                _sbrk_r
 .text.__sread  0x0800ac54       0x24 c:/progra~1/gnu-to~1/bin/../lib/gcc/arm-none-eabi/10.3.1/../../../../arm-none-eabi/lib/thumb/v7-m/nofp\libg.a(lib_a-stdio.o)
                0x0800ac54                __sread
 .text.__swrite
                0x0800ac78       0x40 c:/progra~1/gnu-to~1/bin/../lib/gcc/arm-none-eabi/10.3.1/../../../../arm-none-eabi/lib/thumb/v7-m/nofp\libg.a(lib_a-stdio.o)
                0x0800ac78                __swrite
 .text.__sseek  0x0800acb8       0x20 c:/progra~1/gnu-to~1/bin/../lib/gcc/arm-none-eabi/10.3.1/../../../../arm-none-eabi/lib/thumb/v7-m/nofp\libg.a(lib_a-stdio.o)
                0x0800acb8                __sseek
 .text.__sclose
                0x0800acd8        0x8 c:/progra~1/gnu-to~1/bin/../lib/gcc/arm-none-eabi/10.3.1/../../../../arm-none-eabi/lib/thumb/v7-m/nofp\libg.a(lib_a-stdio.o)
                0x0800acd8                __sclose
 .text.strchr   0x0800ace0       0xcc c:/progra~1/gnu-to~1/bin/../lib/gcc/arm-none-eabi/10.3.1/../../../../arm-none-eabi/lib/thumb/v7-m/nofp\libg.a(lib_a-strchr.o)
                0x0800ace0                strchr
 .text.strncpy  0x0800adac       0x68 c:/progra~1/gnu-to~1/bin/../lib/gcc/arm-none-eabi/10.3.1/../../../../arm-none-eabi/lib/thumb/v7-m/nofp\libg.a(lib_a-strncpy.o)
                0x0800adac                strncpy
 .text.strnlen  0x0800ae14       0x24 c:/progra~1/gnu-to~1/bin/../lib/gcc/arm-none-eabi/10.3.1/../../../../arm-none-eabi/lib/thumb/v7-m/nofp\libg.a(lib_a-strnlen.o)
                0x0800ae14                strnlen
 .text.__ssprint_r
                0x0800ae38       0xfc c:/progra~1/gnu-to~1/bin/../lib/gcc/arm-none-eabi/10.3.1/../../../../arm-none-eabi/lib/thumb/v7-m/nofp\libg.a(lib_a-svfiprintf.o)
                0x0800ae38                __ssprint_r
 .text.__sprint_r.part.0
                0x0800af34       0x78 c:/progra~1/gnu-to~1/bin/../lib/gcc/arm-none-eabi/10.3.1/../../../../arm-none-eabi/lib/thumb/v7-m/nofp\libg.a(lib_a-vfiprintf.o)
 .text.__sprint_r
                0x0800afac       0x14 c:/progra~1/gnu-to~1/bin/../lib/gcc/arm-none-eabi/10.3.1/../../../../arm-none-eabi/lib/thumb/v7-m/nofp\libg.a(lib_a-vfiprintf.o)
                0x0800afac                __sprint_r
 .text._vfiprintf_r
                0x0800afc0      0xd98 c:/progra~1/gnu-to~1/bin/../lib/gcc/arm-none-eabi/10.3.1/../../../../arm-none-eabi/lib/thumb/v7-m/nofp\libg.a(lib_a-vfiprintf.o)
                0x0800afc0                _vfiprintf_r
 .text.__sbprintf
                0x0800bd58       0x84 c:/progra~1/gnu-to~1/bin/../lib/gcc/arm-none-eabi/10.3.1/../../../../arm-none-eabi/lib/thumb/v7-m/nofp\libg.a(lib_a-vfiprintf.o)
 .text._write_r
                0x0800bddc       0x2c c:/progra~1/gnu-to~1/bin/../lib/gcc/arm-none-eabi/10.3.1/../../../../arm-none-eabi/lib/thumb/v7-m/nofp\libg.a(lib_a-writer.o)
                0x0800bddc                _write_r
 .text.__register_exitproc
                0x0800be08       0x8c c:/progra~1/gnu-to~1/bin/../lib/gcc/arm-none-eabi/10.3.1/../../../../arm-none-eabi/lib/thumb/v7-m/nofp\libg.a(lib_a-__atexit.o)
                0x0800be08                __register_exitproc
 .text.__assert_func
                0x0800be94       0x40 c:/progra~1/gnu-to~1/bin/../lib/gcc/arm-none-eabi/10.3.1/../../../../arm-none-eabi/lib/thumb/v7-m/nofp\libg.a(lib_a-assert.o)
                0x0800be94                __assert_func
 .text._calloc_r
                0x0800bed4       0x78 c:/progra~1/gnu-to~1/bin/../lib/gcc/arm-none-eabi/10.3.1/../../../../arm-none-eabi/lib/thumb/v7-m/nofp\libg.a(lib_a-callocr.o)
                0x0800bed4                _calloc_r
 .text._close_r
                0x0800bf4c       0x24 c:/progra~1/gnu-to~1/bin/../lib/gcc/arm-none-eabi/10.3.1/../../../../arm-none-eabi/lib/thumb/v7-m/nofp\libg.a(lib_a-closer.o)
                0x0800bf4c                _close_r
 .text._fclose_r
                0x0800bf70       0xcc c:/progra~1/gnu-to~1/bin/../lib/gcc/arm-none-eabi/10.3.1/../../../../arm-none-eabi/lib/thumb/v7-m/nofp\libg.a(lib_a-fclose.o)
                0x0800bf70                _fclose_r
 .text.fiprintf
                0x0800c03c       0x28 c:/progra~1/gnu-to~1/bin/../lib/gcc/arm-none-eabi/10.3.1/../../../../arm-none-eabi/lib/thumb/v7-m/nofp\libg.a(lib_a-fiprintf.o)
                0x0800c03c                fiprintf
 .text.__fputwc
                0x0800c064       0xa0 c:/progra~1/gnu-to~1/bin/../lib/gcc/arm-none-eabi/10.3.1/../../../../arm-none-eabi/lib/thumb/v7-m/nofp\libg.a(lib_a-fputwc.o)
                0x0800c064                __fputwc
 .text._fputwc_r
                0x0800c104       0x68 c:/progra~1/gnu-to~1/bin/../lib/gcc/arm-none-eabi/10.3.1/../../../../arm-none-eabi/lib/thumb/v7-m/nofp\libg.a(lib_a-fputwc.o)
                0x0800c104                _fputwc_r
 .text._fstat_r
                0x0800c16c       0x28 c:/progra~1/gnu-to~1/bin/../lib/gcc/arm-none-eabi/10.3.1/../../../../arm-none-eabi/lib/thumb/v7-m/nofp\libg.a(lib_a-fstatr.o)
                0x0800c16c                _fstat_r
 .text.__sfvwrite_r
                0x0800c194      0x2f0 c:/progra~1/gnu-to~1/bin/../lib/gcc/arm-none-eabi/10.3.1/../../../../arm-none-eabi/lib/thumb/v7-m/nofp\libg.a(lib_a-fvwrite.o)
                0x0800c194                __sfvwrite_r
 .text._isatty_r
                0x0800c484       0x24 c:/progra~1/gnu-to~1/bin/../lib/gcc/arm-none-eabi/10.3.1/../../../../arm-none-eabi/lib/thumb/v7-m/nofp\libg.a(lib_a-isattyr.o)
                0x0800c484                _isatty_r
 .text.__locale_mb_cur_max
                0x0800c4a8        0xc c:/progra~1/gnu-to~1/bin/../lib/gcc/arm-none-eabi/10.3.1/../../../../arm-none-eabi/lib/thumb/v7-m/nofp\libg.a(lib_a-locale.o)
                0x0800c4a8                __locale_mb_cur_max
 .text._lseek_r
                0x0800c4b4       0x2c c:/progra~1/gnu-to~1/bin/../lib/gcc/arm-none-eabi/10.3.1/../../../../arm-none-eabi/lib/thumb/v7-m/nofp\libg.a(lib_a-lseekr.o)
                0x0800c4b4                _lseek_r
 .text.__ascii_mbtowc
                0x0800c4e0       0x2c c:/progra~1/gnu-to~1/bin/../lib/gcc/arm-none-eabi/10.3.1/../../../../arm-none-eabi/lib/thumb/v7-m/nofp\libg.a(lib_a-mbtowc_r.o)
                0x0800c4e0                __ascii_mbtowc
 .text.memmove  0x0800c50c       0xf8 c:/progra~1/gnu-to~1/bin/../lib/gcc/arm-none-eabi/10.3.1/../../../../arm-none-eabi/lib/thumb/v7-m/nofp\libg.a(lib_a-memmove.o)
                0x0800c50c                memmove
 .text._read_r  0x0800c604       0x2c c:/progra~1/gnu-to~1/bin/../lib/gcc/arm-none-eabi/10.3.1/../../../../arm-none-eabi/lib/thumb/v7-m/nofp\libg.a(lib_a-readr.o)
                0x0800c604                _read_r
 .text._realloc_r
                0x0800c630      0x3dc c:/progra~1/gnu-to~1/bin/../lib/gcc/arm-none-eabi/10.3.1/../../../../arm-none-eabi/lib/thumb/v7-m/nofp\libg.a(lib_a-reallocr.o)
                0x0800c630                _realloc_r
 .text.__swbuf_r
                0x0800ca0c       0xb0 c:/progra~1/gnu-to~1/bin/../lib/gcc/arm-none-eabi/10.3.1/../../../../arm-none-eabi/lib/thumb/v7-m/nofp\libg.a(lib_a-wbuf.o)
                0x0800ca0c                __swbuf_r
 .text._wcrtomb_r
                0x0800cabc       0x3c c:/progra~1/gnu-to~1/bin/../lib/gcc/arm-none-eabi/10.3.1/../../../../arm-none-eabi/lib/thumb/v7-m/nofp\libg.a(lib_a-wcrtomb.o)
                0x0800cabc                _wcrtomb_r
 .text.__ascii_wctomb
                0x0800caf8       0x1c c:/progra~1/gnu-to~1/bin/../lib/gcc/arm-none-eabi/10.3.1/../../../../arm-none-eabi/lib/thumb/v7-m/nofp\libg.a(lib_a-wctomb_r.o)
                0x0800caf8                __ascii_wctomb
 .text.abort    0x0800cb14       0x10 c:/progra~1/gnu-to~1/bin/../lib/gcc/arm-none-eabi/10.3.1/../../../../arm-none-eabi/lib/thumb/v7-m/nofp\libg.a(lib_a-abort.o)
                0x0800cb14                abort
 .text.raise    0x0800cb24       0x5c c:/progra~1/gnu-to~1/bin/../lib/gcc/arm-none-eabi/10.3.1/../../../../arm-none-eabi/lib/thumb/v7-m/nofp\libg.a(lib_a-signal.o)
                0x0800cb24                raise
 .text._kill_r  0x0800cb80       0x28 c:/progra~1/gnu-to~1/bin/../lib/gcc/arm-none-eabi/10.3.1/../../../../arm-none-eabi/lib/thumb/v7-m/nofp\libg.a(lib_a-signalr.o)
                0x0800cb80                _kill_r
 .text._getpid_r
                0x0800cba8        0x4 c:/progra~1/gnu-to~1/bin/../lib/gcc/arm-none-eabi/10.3.1/../../../../arm-none-eabi/lib/thumb/v7-m/nofp\libg.a(lib_a-signalr.o)
                0x0800cba8                _getpid_r
 .text.pow      0x0800cbac       0xdc c:/progra~1/gnu-to~1/bin/../lib/gcc/arm-none-eabi/10.3.1/../../../../arm-none-eabi/lib/thumb/v7-m/nofp\libm.a(lib_a-w_pow.o)
                0x0800cbac                pow
 .text.__ieee754_pow
                0x0800cc88      0xb08 c:/progra~1/gnu-to~1/bin/../lib/gcc/arm-none-eabi/10.3.1/../../../../arm-none-eabi/lib/thumb/v7-m/nofp\libm.a(lib_a-e_pow.o)
                0x0800cc88                __ieee754_pow
 .text.__ieee754_sqrt
                0x0800d790      0x18c c:/progra~1/gnu-to~1/bin/../lib/gcc/arm-none-eabi/10.3.1/../../../../arm-none-eabi/lib/thumb/v7-m/nofp\libm.a(lib_a-e_sqrt.o)
                0x0800d790                __ieee754_sqrt
 .text.with_errno
                0x0800d91c       0x18 c:/progra~1/gnu-to~1/bin/../lib/gcc/arm-none-eabi/10.3.1/../../../../arm-none-eabi/lib/thumb/v7-m/nofp\libm.a(lib_a-math_err.o)
 .text.xflow    0x0800d934       0x30 c:/progra~1/gnu-to~1/bin/../lib/gcc/arm-none-eabi/10.3.1/../../../../arm-none-eabi/lib/thumb/v7-m/nofp\libm.a(lib_a-math_err.o)
 .text.__math_uflow
                0x0800d964        0xc c:/progra~1/gnu-to~1/bin/../lib/gcc/arm-none-eabi/10.3.1/../../../../arm-none-eabi/lib/thumb/v7-m/nofp\libm.a(lib_a-math_err.o)
                0x0800d964                __math_uflow
 .text.__math_oflow
                0x0800d970        0xc c:/progra~1/gnu-to~1/bin/../lib/gcc/arm-none-eabi/10.3.1/../../../../arm-none-eabi/lib/thumb/v7-m/nofp\libm.a(lib_a-math_err.o)
                0x0800d970                __math_oflow
 .text.fabs     0x0800d97c        0x8 c:/progra~1/gnu-to~1/bin/../lib/gcc/arm-none-eabi/10.3.1/../../../../arm-none-eabi/lib/thumb/v7-m/nofp\libm.a(lib_a-s_fabs.o)
                0x0800d97c                fabs
 .text.finite   0x0800d984        0xc c:/progra~1/gnu-to~1/bin/../lib/gcc/arm-none-eabi/10.3.1/../../../../arm-none-eabi/lib/thumb/v7-m/nofp\libm.a(lib_a-s_finite.o)
                0x0800d984                finite
 .text.scalbn   0x0800d990       0xfc c:/progra~1/gnu-to~1/bin/../lib/gcc/arm-none-eabi/10.3.1/../../../../arm-none-eabi/lib/thumb/v7-m/nofp\libm.a(lib_a-s_scalbn.o)
                0x0800d990                scalbn
 *(.glue_7)
 .glue_7        0x0800da8c        0x0 linker stubs
 *(.glue_7t)
 .glue_7t       0x0800da8c        0x0 linker stubs
 *(.eh_frame)
 .eh_frame      0x0800da8c        0x0 c:/progra~1/gnu-to~1/bin/../lib/gcc/arm-none-eabi/10.3.1/thumb/v7-m/nofp/crtbegin.o
 *(.init)
 .init          0x0800da8c        0x4 c:/progra~1/gnu-to~1/bin/../lib/gcc/arm-none-eabi/10.3.1/thumb/v7-m/nofp/crti.o
                0x0800da8c                _init
 .init          0x0800da90        0x8 c:/progra~1/gnu-to~1/bin/../lib/gcc/arm-none-eabi/10.3.1/thumb/v7-m/nofp/crtn.o
 *(.fini)
 .fini          0x0800da98        0x4 c:/progra~1/gnu-to~1/bin/../lib/gcc/arm-none-eabi/10.3.1/thumb/v7-m/nofp/crti.o
                0x0800da98                _fini
 .fini          0x0800da9c        0x8 c:/progra~1/gnu-to~1/bin/../lib/gcc/arm-none-eabi/10.3.1/thumb/v7-m/nofp/crtn.o
                0x0800daa4                . = ALIGN (0x4)
                0x0800daa4                _etext = .

.vfp11_veneer   0x0800daa4        0x0
 .vfp11_veneer  0x0800daa4        0x0 linker stubs

.v4_bx          0x0800daa4        0x0
 .v4_bx         0x0800daa4        0x0 linker stubs

.iplt           0x0800daa4        0x0
 .iplt          0x0800daa4        0x0 c:/progra~1/gnu-to~1/bin/../lib/gcc/arm-none-eabi/10.3.1/thumb/v7-m/nofp/crtbegin.o

.rodata         0x0800daa8      0x698
                0x0800daa8                . = ALIGN (0x4)
 *(.rodata)
 *(.rodata*)
 .rodata.nb_init.str1.4
                0x0800daa8       0x8c CMakeFiles/nbiot.elf.dir/Core/Src/bc35.c.obj
 .rodata.nb_reg.str1.4
                0x0800db34       0x89 CMakeFiles/nbiot.elf.dir/Core/Src/bc35.c.obj
 *fill*         0x0800dbbd        0x3 
 .rodata.nb_send.str1.4
                0x0800dbc0       0x98 CMakeFiles/nbiot.elf.dir/Core/Src/bc35.c.obj
 .rodata.nb_sub.str1.4
                0x0800dc58       0x34 CMakeFiles/nbiot.elf.dir/Core/Src/bc35.c.obj
 .rodata.nb_recv.str1.4
                0x0800dc8c        0x9 CMakeFiles/nbiot.elf.dir/Core/Src/bc35.c.obj
 *fill*         0x0800dc95        0x3 
 .rodata.main.str1.4
                0x0800dc98       0x64 CMakeFiles/nbiot.elf.dir/Core/Src/main.c.obj
 .rodata.AHBPrescTable
                0x0800dcfc       0x10 CMakeFiles/nbiot.elf.dir/Core/Src/system_stm32f1xx.c.obj
                0x0800dcfc                AHBPrescTable
 .rodata.APBPrescTable
                0x0800dd0c        0x8 CMakeFiles/nbiot.elf.dir/Core/Src/system_stm32f1xx.c.obj
                0x0800dd0c                APBPrescTable
 .rodata.aPLLMULFactorTable.1
                0x0800dd14       0x10 CMakeFiles/nbiot.elf.dir/Drivers/STM32F1xx_HAL_Driver/Src/stm32f1xx_hal_rcc.c.obj
 .rodata.aPredivFactorTable.0
                0x0800dd24        0x2 CMakeFiles/nbiot.elf.dir/Drivers/STM32F1xx_HAL_Driver/Src/stm32f1xx_hal_rcc.c.obj
 *fill*         0x0800dd26        0x2 
 .rodata._global_impure_ptr
                0x0800dd28        0x4 c:/progra~1/gnu-to~1/bin/../lib/gcc/arm-none-eabi/10.3.1/../../../../arm-none-eabi/lib/thumb/v7-m/nofp\libg.a(lib_a-impure.o)
                0x0800dd28                _global_impure_ptr
 .rodata._svfprintf_r.str1.4
                0x0800dd2c       0x3f c:/progra~1/gnu-to~1/bin/../lib/gcc/arm-none-eabi/10.3.1/../../../../arm-none-eabi/lib/thumb/v7-m/nofp\libg.a(lib_a-svfprintf.o)
                                 0x42 (size before relaxing)
 *fill*         0x0800dd6b        0x1 
 .rodata.blanks.1
                0x0800dd6c       0x10 c:/progra~1/gnu-to~1/bin/../lib/gcc/arm-none-eabi/10.3.1/../../../../arm-none-eabi/lib/thumb/v7-m/nofp\libg.a(lib_a-svfprintf.o)
 .rodata.zeroes.0
                0x0800dd7c       0x10 c:/progra~1/gnu-to~1/bin/../lib/gcc/arm-none-eabi/10.3.1/../../../../arm-none-eabi/lib/thumb/v7-m/nofp\libg.a(lib_a-svfprintf.o)
 .rodata._vfprintf_r.str1.4
                0x0800dd8c       0x42 c:/progra~1/gnu-to~1/bin/../lib/gcc/arm-none-eabi/10.3.1/../../../../arm-none-eabi/lib/thumb/v7-m/nofp\libg.a(lib_a-vfprintf.o)
 .rodata.blanks.1
                0x0800dd8c       0x10 c:/progra~1/gnu-to~1/bin/../lib/gcc/arm-none-eabi/10.3.1/../../../../arm-none-eabi/lib/thumb/v7-m/nofp\libg.a(lib_a-vfprintf.o)
 .rodata.zeroes.0
                0x0800dd9c       0x10 c:/progra~1/gnu-to~1/bin/../lib/gcc/arm-none-eabi/10.3.1/../../../../arm-none-eabi/lib/thumb/v7-m/nofp\libg.a(lib_a-vfprintf.o)
 .rodata._dtoa_r.str1.4
                0x0800ddac       0xa2 c:/progra~1/gnu-to~1/bin/../lib/gcc/arm-none-eabi/10.3.1/../../../../arm-none-eabi/lib/thumb/v7-m/nofp\libg.a(lib_a-dtoa.o)
                                 0xa6 (size before relaxing)
 *fill*         0x0800de4e        0x2 
 .rodata.__multadd.str1.4
                0x0800de50       0x7f c:/progra~1/gnu-to~1/bin/../lib/gcc/arm-none-eabi/10.3.1/../../../../arm-none-eabi/lib/thumb/v7-m/nofp\libg.a(lib_a-mprec.o)
                                 0x93 (size before relaxing)
 *fill*         0x0800decf        0x1 
 .rodata.__mprec_bigtens
                0x0800ded0       0x28 c:/progra~1/gnu-to~1/bin/../lib/gcc/arm-none-eabi/10.3.1/../../../../arm-none-eabi/lib/thumb/v7-m/nofp\libg.a(lib_a-mprec.o)
                0x0800ded0                __mprec_bigtens
 .rodata.__mprec_tens
                0x0800def8       0xc8 c:/progra~1/gnu-to~1/bin/../lib/gcc/arm-none-eabi/10.3.1/../../../../arm-none-eabi/lib/thumb/v7-m/nofp\libg.a(lib_a-mprec.o)
                0x0800def8                __mprec_tens
 .rodata.p05.0  0x0800dfc0        0xc c:/progra~1/gnu-to~1/bin/../lib/gcc/arm-none-eabi/10.3.1/../../../../arm-none-eabi/lib/thumb/v7-m/nofp\libg.a(lib_a-mprec.o)
 .rodata._vfiprintf_r.str1.4
                0x0800dfcc       0x2f c:/progra~1/gnu-to~1/bin/../lib/gcc/arm-none-eabi/10.3.1/../../../../arm-none-eabi/lib/thumb/v7-m/nofp\libg.a(lib_a-vfiprintf.o)
 .rodata.blanks.1
                0x0800dfcc       0x10 c:/progra~1/gnu-to~1/bin/../lib/gcc/arm-none-eabi/10.3.1/../../../../arm-none-eabi/lib/thumb/v7-m/nofp\libg.a(lib_a-vfiprintf.o)
 .rodata.zeroes.0
                0x0800dfdc       0x10 c:/progra~1/gnu-to~1/bin/../lib/gcc/arm-none-eabi/10.3.1/../../../../arm-none-eabi/lib/thumb/v7-m/nofp\libg.a(lib_a-vfiprintf.o)
 .rodata.__assert_func.str1.4
                0x0800dfec       0x3f c:/progra~1/gnu-to~1/bin/../lib/gcc/arm-none-eabi/10.3.1/../../../../arm-none-eabi/lib/thumb/v7-m/nofp\libg.a(lib_a-assert.o)
                                 0x43 (size before relaxing)
 *fill*         0x0800e02b        0x1 
 .rodata._setlocale_r.str1.4
                0x0800e02c        0xa c:/progra~1/gnu-to~1/bin/../lib/gcc/arm-none-eabi/10.3.1/../../../../arm-none-eabi/lib/thumb/v7-m/nofp\libg.a(lib_a-locale.o)
                                  0xd (size before relaxing)
 *fill*         0x0800e036        0x2 
 .rodata.str1.4
                0x0800e038        0x2 c:/progra~1/gnu-to~1/bin/../lib/gcc/arm-none-eabi/10.3.1/../../../../arm-none-eabi/lib/thumb/v7-m/nofp\libg.a(lib_a-locale.o)
 *fill*         0x0800e03a        0x2 
 .rodata._ctype_
                0x0800e03c      0x101 c:/progra~1/gnu-to~1/bin/../lib/gcc/arm-none-eabi/10.3.1/../../../../arm-none-eabi/lib/thumb/v7-m/nofp\libg.a(lib_a-ctype_.o)
                0x0800e03c                _ctype_
                0x0800e140                . = ALIGN (0x4)
 *fill*         0x0800e13d        0x3 

.ARM.extab      0x0800e140        0x0
                0x0800e140                . = ALIGN (0x4)
 *(.ARM.extab* .gnu.linkonce.armextab.*)
                0x0800e140                . = ALIGN (0x4)

.ARM            0x0800e140        0x8
                0x0800e140                . = ALIGN (0x4)
                0x0800e140                __exidx_start = .
 *(.ARM.exidx*)
 .ARM.exidx     0x0800e140        0x8 c:/progra~1/gnu-to~1/bin/../lib/gcc/arm-none-eabi/10.3.1/thumb/v7-m/nofp\libgcc.a(_udivmoddi4.o)
                0x0800e148                __exidx_end = .
                0x0800e148                . = ALIGN (0x4)

.rel.dyn        0x0800e148        0x0
 .rel.iplt      0x0800e148        0x0 c:/progra~1/gnu-to~1/bin/../lib/gcc/arm-none-eabi/10.3.1/thumb/v7-m/nofp/crtbegin.o

.preinit_array  0x0800e148        0x0
                0x0800e148                . = ALIGN (0x4)
                0x0800e148                PROVIDE (__preinit_array_start = .)
 *(.preinit_array*)
                0x0800e148                PROVIDE (__preinit_array_end = .)
                0x0800e148                . = ALIGN (0x4)

.init_array     0x0800e148        0x8
                0x0800e148                . = ALIGN (0x4)
                0x0800e148                PROVIDE (__init_array_start = .)
 *(SORT_BY_NAME(.init_array.*))
 .init_array.00000
                0x0800e148        0x4 c:/progra~1/gnu-to~1/bin/../lib/gcc/arm-none-eabi/10.3.1/../../../../arm-none-eabi/lib/thumb/v7-m/nofp\libg.a(lib_a-__call_atexit.o)
 *(.init_array*)
 .init_array    0x0800e14c        0x4 c:/progra~1/gnu-to~1/bin/../lib/gcc/arm-none-eabi/10.3.1/thumb/v7-m/nofp/crtbegin.o
                0x0800e150                PROVIDE (__init_array_end = .)
                0x0800e150                . = ALIGN (0x4)

.fini_array     0x0800e150        0x4
                0x0800e150                . = ALIGN (0x4)
                0x0800e150                PROVIDE (__fini_array_start = .)
 *(SORT_BY_NAME(.fini_array.*))
 *(.fini_array*)
 .fini_array    0x0800e150        0x4 c:/progra~1/gnu-to~1/bin/../lib/gcc/arm-none-eabi/10.3.1/thumb/v7-m/nofp/crtbegin.o
                0x0800e154                PROVIDE (__fini_array_end = .)
                0x0800e154                . = ALIGN (0x4)
                0x0800e154                _sidata = LOADADDR (.data)

.data           0x20000000      0x9c0 load address 0x0800e154
                0x20000000                . = ALIGN (0x4)
                0x20000000                _sdata = .
 *(.data)
 *(.data*)
 .data.R0       0x20000000        0x4 CMakeFiles/nbiot.elf.dir/Core/Src/mq7.c.obj
 .data.SystemCoreClock
                0x20000004        0x4 CMakeFiles/nbiot.elf.dir/Core/Src/system_stm32f1xx.c.obj
                0x20000004                SystemCoreClock
 .data.uwTickFreq
                0x20000008        0x1 CMakeFiles/nbiot.elf.dir/Drivers/STM32F1xx_HAL_Driver/Src/stm32f1xx_hal.c.obj
                0x20000008                uwTickFreq
 *fill*         0x20000009        0x3 
 .data.uwTickPrio
                0x2000000c        0x4 CMakeFiles/nbiot.elf.dir/Drivers/STM32F1xx_HAL_Driver/Src/stm32f1xx_hal.c.obj
                0x2000000c                uwTickPrio
 .data._impure_ptr
                0x20000010        0x4 c:/progra~1/gnu-to~1/bin/../lib/gcc/arm-none-eabi/10.3.1/../../../../arm-none-eabi/lib/thumb/v7-m/nofp\libg.a(lib_a-impure.o)
                0x20000010                _impure_ptr
 *fill*         0x20000014        0x4 
 .data.impure_data
                0x20000018      0x428 c:/progra~1/gnu-to~1/bin/../lib/gcc/arm-none-eabi/10.3.1/../../../../arm-none-eabi/lib/thumb/v7-m/nofp\libg.a(lib_a-impure.o)
 .data.__atexit_recursive_mutex
                0x20000440        0x4 c:/progra~1/gnu-to~1/bin/../lib/gcc/arm-none-eabi/10.3.1/../../../../arm-none-eabi/lib/thumb/v7-m/nofp\libg.a(lib_a-__call_atexit.o)
                0x20000440                __atexit_recursive_mutex
 .data.__malloc_av_
                0x20000444      0x408 c:/progra~1/gnu-to~1/bin/../lib/gcc/arm-none-eabi/10.3.1/../../../../arm-none-eabi/lib/thumb/v7-m/nofp\libg.a(lib_a-mallocr.o)
                0x20000444                __malloc_av_
 .data.__malloc_sbrk_base
                0x2000084c        0x4 c:/progra~1/gnu-to~1/bin/../lib/gcc/arm-none-eabi/10.3.1/../../../../arm-none-eabi/lib/thumb/v7-m/nofp\libg.a(lib_a-mallocr.o)
                0x2000084c                __malloc_sbrk_base
 .data.__malloc_trim_threshold
                0x20000850        0x4 c:/progra~1/gnu-to~1/bin/../lib/gcc/arm-none-eabi/10.3.1/../../../../arm-none-eabi/lib/thumb/v7-m/nofp\libg.a(lib_a-mallocr.o)
                0x20000850                __malloc_trim_threshold
 .data.__global_locale
                0x20000854      0x16c c:/progra~1/gnu-to~1/bin/../lib/gcc/arm-none-eabi/10.3.1/../../../../arm-none-eabi/lib/thumb/v7-m/nofp\libg.a(lib_a-locale.o)
                0x20000854                __global_locale
 *(.RamFunc)
 *(.RamFunc*)
                0x200009c0                . = ALIGN (0x4)
                0x200009c0                _edata = .

.igot.plt       0x200009c0        0x0 load address 0x0800eb14
 .igot.plt      0x200009c0        0x0 c:/progra~1/gnu-to~1/bin/../lib/gcc/arm-none-eabi/10.3.1/thumb/v7-m/nofp/crtbegin.o
                0x200009c0                . = ALIGN (0x4)

.bss            0x200009c0      0x3f0 load address 0x0800eb14
                0x200009c0                _sbss = .
                0x200009c0                __bss_start__ = _sbss
 *(.bss)
 .bss           0x200009c0       0x1c c:/progra~1/gnu-to~1/bin/../lib/gcc/arm-none-eabi/10.3.1/thumb/v7-m/nofp/crtbegin.o
 *(.bss*)
 .bss.hadc1     0x200009dc       0x30 CMakeFiles/nbiot.elf.dir/Core/Src/adc.c.obj
                0x200009dc                hadc1
 .bss.hdma_adc1
                0x20000a0c       0x44 CMakeFiles/nbiot.elf.dir/Core/Src/adc.c.obj
                0x20000a0c                hdma_adc1
 .bss.strx      0x20000a50        0x4 CMakeFiles/nbiot.elf.dir/Core/Src/bc35.c.obj
                0x20000a50                strx
 .bss.ADC1_Value
                0x20000a54       0x28 CMakeFiles/nbiot.elf.dir/Core/Src/mq7.c.obj
                0x20000a54                ADC1_Value
 .bss.__sbrk_heap_end
                0x20000a7c        0x4 CMakeFiles/nbiot.elf.dir/Core/Src/sysmem.c.obj
 .bss.htim2     0x20000a80       0x48 CMakeFiles/nbiot.elf.dir/Core/Src/tim.c.obj
                0x20000a80                htim2
 .bss.HLPUSART_NewData
                0x20000ac8        0x1 CMakeFiles/nbiot.elf.dir/Core/Src/usart.c.obj
                0x20000ac8                HLPUSART_NewData
 *fill*         0x20000ac9        0x3 
 .bss.HLPUSART_RX_BUF
                0x20000acc      0x100 CMakeFiles/nbiot.elf.dir/Core/Src/usart.c.obj
                0x20000acc                HLPUSART_RX_BUF
 .bss.HLPUSART_RX_STA
                0x20000bcc        0x2 CMakeFiles/nbiot.elf.dir/Core/Src/usart.c.obj
                0x20000bcc                HLPUSART_RX_STA
 .bss.USART2_NewData
                0x20000bce        0x1 CMakeFiles/nbiot.elf.dir/Core/Src/usart.c.obj
                0x20000bce                USART2_NewData
 *fill*         0x20000bcf        0x1 
 .bss.USART2_RX_BUF
                0x20000bd0      0x100 CMakeFiles/nbiot.elf.dir/Core/Src/usart.c.obj
                0x20000bd0                USART2_RX_BUF
 .bss.USART2_RX_STA
                0x20000cd0        0x2 CMakeFiles/nbiot.elf.dir/Core/Src/usart.c.obj
                0x20000cd0                USART2_RX_STA
 *fill*         0x20000cd2        0x2 
 .bss.huart1    0x20000cd4       0x48 CMakeFiles/nbiot.elf.dir/Core/Src/usart.c.obj
                0x20000cd4                huart1
 .bss.huart2    0x20000d1c       0x48 CMakeFiles/nbiot.elf.dir/Core/Src/usart.c.obj
                0x20000d1c                huart2
 .bss.uwTick    0x20000d64        0x4 CMakeFiles/nbiot.elf.dir/Drivers/STM32F1xx_HAL_Driver/Src/stm32f1xx_hal.c.obj
                0x20000d64                uwTick
 .bss.__lock___atexit_recursive_mutex
                0x20000d68        0x1 c:/progra~1/gnu-to~1/bin/../lib/gcc/arm-none-eabi/10.3.1/../../../../arm-none-eabi/lib/thumb/v7-m/nofp\libg.a(lib_a-lock.o)
                0x20000d68                __lock___atexit_recursive_mutex
 *fill*         0x20000d69        0x3 
 .bss.__lock___malloc_recursive_mutex
                0x20000d6c        0x1 c:/progra~1/gnu-to~1/bin/../lib/gcc/arm-none-eabi/10.3.1/../../../../arm-none-eabi/lib/thumb/v7-m/nofp\libg.a(lib_a-lock.o)
                0x20000d6c                __lock___malloc_recursive_mutex
 *fill*         0x20000d6d        0x3 
 .bss.__lock___sfp_recursive_mutex
                0x20000d70        0x1 c:/progra~1/gnu-to~1/bin/../lib/gcc/arm-none-eabi/10.3.1/../../../../arm-none-eabi/lib/thumb/v7-m/nofp\libg.a(lib_a-lock.o)
                0x20000d70                __lock___sfp_recursive_mutex
 *fill*         0x20000d71        0x3 
 .bss.__lock___sinit_recursive_mutex
                0x20000d74        0x1 c:/progra~1/gnu-to~1/bin/../lib/gcc/arm-none-eabi/10.3.1/../../../../arm-none-eabi/lib/thumb/v7-m/nofp\libg.a(lib_a-lock.o)
                0x20000d74                __lock___sinit_recursive_mutex
 *fill*         0x20000d75        0x3 
 .bss.__malloc_current_mallinfo
                0x20000d78       0x28 c:/progra~1/gnu-to~1/bin/../lib/gcc/arm-none-eabi/10.3.1/../../../../arm-none-eabi/lib/thumb/v7-m/nofp\libg.a(lib_a-mallocr.o)
                0x20000d78                __malloc_current_mallinfo
 .bss.__malloc_max_sbrked_mem
                0x20000da0        0x4 c:/progra~1/gnu-to~1/bin/../lib/gcc/arm-none-eabi/10.3.1/../../../../arm-none-eabi/lib/thumb/v7-m/nofp\libg.a(lib_a-mallocr.o)
                0x20000da0                __malloc_max_sbrked_mem
 .bss.__malloc_max_total_mem
                0x20000da4        0x4 c:/progra~1/gnu-to~1/bin/../lib/gcc/arm-none-eabi/10.3.1/../../../../arm-none-eabi/lib/thumb/v7-m/nofp\libg.a(lib_a-mallocr.o)
                0x20000da4                __malloc_max_total_mem
 .bss.__malloc_top_pad
                0x20000da8        0x4 c:/progra~1/gnu-to~1/bin/../lib/gcc/arm-none-eabi/10.3.1/../../../../arm-none-eabi/lib/thumb/v7-m/nofp\libg.a(lib_a-mallocr.o)
                0x20000da8                __malloc_top_pad
 .bss.errno     0x20000dac        0x4 c:/progra~1/gnu-to~1/bin/../lib/gcc/arm-none-eabi/10.3.1/../../../../arm-none-eabi/lib/thumb/v7-m/nofp\libg.a(lib_a-reent.o)
                0x20000dac                errno
 *(COMMON)
                0x20000db0                . = ALIGN (0x4)
                0x20000db0                _ebss = .
                0x20000db0                __bss_end__ = _ebss

._user_heap_stack
                0x20000db0      0x600 load address 0x0800eb14
                0x20000db0                . = ALIGN (0x8)
                [!provide]                PROVIDE (end = .)
                0x20000db0                PROVIDE (_end = .)
                0x20000fb0                . = (. + _Min_Heap_Size)
 *fill*         0x20000db0      0x200 
                0x200013b0                . = (. + _Min_Stack_Size)
 *fill*         0x20000fb0      0x400 
                0x200013b0                . = ALIGN (0x8)

/DISCARD/
 libc.a(*)
 libm.a(*)
 libgcc.a(*)

.ARM.attributes
                0x00000000       0x29
 *(.ARM.attributes)
 .ARM.attributes
                0x00000000       0x1d c:/progra~1/gnu-to~1/bin/../lib/gcc/arm-none-eabi/10.3.1/thumb/v7-m/nofp/crti.o
 .ARM.attributes
                0x0000001d       0x2d c:/progra~1/gnu-to~1/bin/../lib/gcc/arm-none-eabi/10.3.1/thumb/v7-m/nofp/crtbegin.o
 .ARM.attributes
                0x0000004a       0x2d CMakeFiles/nbiot.elf.dir/Core/Src/adc.c.obj
 .ARM.attributes
                0x00000077       0x2d CMakeFiles/nbiot.elf.dir/Core/Src/bc35.c.obj
 .ARM.attributes
                0x000000a4       0x2d CMakeFiles/nbiot.elf.dir/Core/Src/delay.c.obj
 .ARM.attributes
                0x000000d1       0x2d CMakeFiles/nbiot.elf.dir/Core/Src/dht11.c.obj
 .ARM.attributes
                0x000000fe       0x2d CMakeFiles/nbiot.elf.dir/Core/Src/dma.c.obj
 .ARM.attributes
                0x0000012b       0x2d CMakeFiles/nbiot.elf.dir/Core/Src/ds18b20.c.obj
 .ARM.attributes
                0x00000158       0x2d CMakeFiles/nbiot.elf.dir/Core/Src/gpio.c.obj
 .ARM.attributes
                0x00000185       0x2d CMakeFiles/nbiot.elf.dir/Core/Src/main.c.obj
 .ARM.attributes
                0x000001b2       0x2d CMakeFiles/nbiot.elf.dir/Core/Src/mq7.c.obj
 .ARM.attributes
                0x000001df       0x2d CMakeFiles/nbiot.elf.dir/Core/Src/stm32f1xx_hal_msp.c.obj
 .ARM.attributes
                0x0000020c       0x2d CMakeFiles/nbiot.elf.dir/Core/Src/stm32f1xx_it.c.obj
 .ARM.attributes
                0x00000239       0x2d CMakeFiles/nbiot.elf.dir/Core/Src/syscalls.c.obj
 .ARM.attributes
                0x00000266       0x2d CMakeFiles/nbiot.elf.dir/Core/Src/sysmem.c.obj
 .ARM.attributes
                0x00000293       0x2d CMakeFiles/nbiot.elf.dir/Core/Src/system_stm32f1xx.c.obj
 .ARM.attributes
                0x000002c0       0x2d CMakeFiles/nbiot.elf.dir/Core/Src/tim.c.obj
 .ARM.attributes
                0x000002ed       0x2d CMakeFiles/nbiot.elf.dir/Core/Src/usart.c.obj
 .ARM.attributes
                0x0000031a       0x21 CMakeFiles/nbiot.elf.dir/Core/Startup/startup_stm32f103rctx.s.obj
 .ARM.attributes
                0x0000033b       0x2d CMakeFiles/nbiot.elf.dir/Drivers/STM32F1xx_HAL_Driver/Src/stm32f1xx_hal.c.obj
 .ARM.attributes
                0x00000368       0x2d CMakeFiles/nbiot.elf.dir/Drivers/STM32F1xx_HAL_Driver/Src/stm32f1xx_hal_adc.c.obj
 .ARM.attributes
                0x00000395       0x2d CMakeFiles/nbiot.elf.dir/Drivers/STM32F1xx_HAL_Driver/Src/stm32f1xx_hal_cortex.c.obj
 .ARM.attributes
                0x000003c2       0x2d CMakeFiles/nbiot.elf.dir/Drivers/STM32F1xx_HAL_Driver/Src/stm32f1xx_hal_dma.c.obj
 .ARM.attributes
                0x000003ef       0x2d CMakeFiles/nbiot.elf.dir/Drivers/STM32F1xx_HAL_Driver/Src/stm32f1xx_hal_gpio.c.obj
 .ARM.attributes
                0x0000041c       0x2d CMakeFiles/nbiot.elf.dir/Drivers/STM32F1xx_HAL_Driver/Src/stm32f1xx_hal_rcc.c.obj
 .ARM.attributes
                0x00000449       0x2d CMakeFiles/nbiot.elf.dir/Drivers/STM32F1xx_HAL_Driver/Src/stm32f1xx_hal_rcc_ex.c.obj
 .ARM.attributes
                0x00000476       0x2d CMakeFiles/nbiot.elf.dir/Drivers/STM32F1xx_HAL_Driver/Src/stm32f1xx_hal_tim.c.obj
 .ARM.attributes
                0x000004a3       0x2d CMakeFiles/nbiot.elf.dir/Drivers/STM32F1xx_HAL_Driver/Src/stm32f1xx_hal_tim_ex.c.obj
 .ARM.attributes
                0x000004d0       0x2d CMakeFiles/nbiot.elf.dir/Drivers/STM32F1xx_HAL_Driver/Src/stm32f1xx_hal_uart.c.obj
 .ARM.attributes
                0x000004fd       0x1d c:/progra~1/gnu-to~1/bin/../lib/gcc/arm-none-eabi/10.3.1/thumb/v7-m/nofp\libgcc.a(_arm_addsubdf3.o)
 .ARM.attributes
                0x0000051a       0x1d c:/progra~1/gnu-to~1/bin/../lib/gcc/arm-none-eabi/10.3.1/thumb/v7-m/nofp\libgcc.a(_arm_muldivdf3.o)
 .ARM.attributes
                0x00000537       0x1d c:/progra~1/gnu-to~1/bin/../lib/gcc/arm-none-eabi/10.3.1/thumb/v7-m/nofp\libgcc.a(_arm_fixdfsi.o)
 .ARM.attributes
                0x00000554       0x1d c:/progra~1/gnu-to~1/bin/../lib/gcc/arm-none-eabi/10.3.1/thumb/v7-m/nofp\libgcc.a(_arm_truncdfsf2.o)
 .ARM.attributes
                0x00000571       0x1d c:/progra~1/gnu-to~1/bin/../lib/gcc/arm-none-eabi/10.3.1/thumb/v7-m/nofp\libgcc.a(_arm_addsubsf3.o)
 .ARM.attributes
                0x0000058e       0x1d c:/progra~1/gnu-to~1/bin/../lib/gcc/arm-none-eabi/10.3.1/thumb/v7-m/nofp\libgcc.a(_arm_muldivsf3.o)
 .ARM.attributes
                0x000005ab       0x1d c:/progra~1/gnu-to~1/bin/../lib/gcc/arm-none-eabi/10.3.1/thumb/v7-m/nofp\libgcc.a(_arm_cmpsf2.o)
 .ARM.attributes
                0x000005c8       0x2d c:/progra~1/gnu-to~1/bin/../lib/gcc/arm-none-eabi/10.3.1/../../../../arm-none-eabi/lib/thumb/v7-m/nofp\libg.a(lib_a-errno.o)
 .ARM.attributes
                0x000005f5       0x2d c:/progra~1/gnu-to~1/bin/../lib/gcc/arm-none-eabi/10.3.1/../../../../arm-none-eabi/lib/thumb/v7-m/nofp\libg.a(lib_a-impure.o)
 .ARM.attributes
                0x00000622       0x2d c:/progra~1/gnu-to~1/bin/../lib/gcc/arm-none-eabi/10.3.1/../../../../arm-none-eabi/lib/thumb/v7-m/nofp\libg.a(lib_a-init.o)
 .ARM.attributes
                0x0000064f       0x2d c:/progra~1/gnu-to~1/bin/../lib/gcc/arm-none-eabi/10.3.1/../../../../arm-none-eabi/lib/thumb/v7-m/nofp\libg.a(lib_a-memset.o)
 .ARM.attributes
                0x0000067c       0x2d c:/progra~1/gnu-to~1/bin/../lib/gcc/arm-none-eabi/10.3.1/../../../../arm-none-eabi/lib/thumb/v7-m/nofp\libg.a(lib_a-printf.o)
 .ARM.attributes
                0x000006a9       0x2d c:/progra~1/gnu-to~1/bin/../lib/gcc/arm-none-eabi/10.3.1/../../../../arm-none-eabi/lib/thumb/v7-m/nofp\libg.a(lib_a-sprintf.o)
 .ARM.attributes
                0x000006d6       0x2d c:/progra~1/gnu-to~1/bin/../lib/gcc/arm-none-eabi/10.3.1/../../../../arm-none-eabi/lib/thumb/v7-m/nofp\libg.a(lib_a-strlen-stub.o)
 .ARM.attributes
                0x00000703       0x2d c:/progra~1/gnu-to~1/bin/../lib/gcc/arm-none-eabi/10.3.1/../../../../arm-none-eabi/lib/thumb/v7-m/nofp\libg.a(lib_a-strstr.o)
 .ARM.attributes
                0x00000730       0x2d c:/progra~1/gnu-to~1/bin/../lib/gcc/arm-none-eabi/10.3.1/../../../../arm-none-eabi/lib/thumb/v7-m/nofp\libg.a(lib_a-svfprintf.o)
 .ARM.attributes
                0x0000075d       0x2d c:/progra~1/gnu-to~1/bin/../lib/gcc/arm-none-eabi/10.3.1/../../../../arm-none-eabi/lib/thumb/v7-m/nofp\libg.a(lib_a-vfprintf.o)
 .ARM.attributes
                0x0000078a       0x2d c:/progra~1/gnu-to~1/bin/../lib/gcc/arm-none-eabi/10.3.1/../../../../arm-none-eabi/lib/thumb/v7-m/nofp\libg.a(lib_a-vsnprintf.o)
 .ARM.attributes
                0x000007b7       0x2d c:/progra~1/gnu-to~1/bin/../lib/gcc/arm-none-eabi/10.3.1/../../../../arm-none-eabi/lib/thumb/v7-m/nofp\libg.a(lib_a-wsetup.o)
 .ARM.attributes
                0x000007e4       0x2d c:/progra~1/gnu-to~1/bin/../lib/gcc/arm-none-eabi/10.3.1/../../../../arm-none-eabi/lib/thumb/v7-m/nofp\libg.a(lib_a-__call_atexit.o)
 .ARM.attributes
                0x00000811       0x2d c:/progra~1/gnu-to~1/bin/../lib/gcc/arm-none-eabi/10.3.1/../../../../arm-none-eabi/lib/thumb/v7-m/nofp\libg.a(lib_a-atexit.o)
 .ARM.attributes
                0x0000083e       0x2d c:/progra~1/gnu-to~1/bin/../lib/gcc/arm-none-eabi/10.3.1/../../../../arm-none-eabi/lib/thumb/v7-m/nofp\libg.a(lib_a-dtoa.o)
 .ARM.attributes
                0x0000086b       0x2d c:/progra~1/gnu-to~1/bin/../lib/gcc/arm-none-eabi/10.3.1/../../../../arm-none-eabi/lib/thumb/v7-m/nofp\libg.a(lib_a-fflush.o)
 .ARM.attributes
                0x00000898       0x2d c:/progra~1/gnu-to~1/bin/../lib/gcc/arm-none-eabi/10.3.1/../../../../arm-none-eabi/lib/thumb/v7-m/nofp\libg.a(lib_a-findfp.o)
 .ARM.attributes
                0x000008c5       0x2d c:/progra~1/gnu-to~1/bin/../lib/gcc/arm-none-eabi/10.3.1/../../../../arm-none-eabi/lib/thumb/v7-m/nofp\libg.a(lib_a-fini.o)
 .ARM.attributes
                0x000008f2       0x2d c:/progra~1/gnu-to~1/bin/../lib/gcc/arm-none-eabi/10.3.1/../../../../arm-none-eabi/lib/thumb/v7-m/nofp\libg.a(lib_a-freer.o)
 .ARM.attributes
                0x0000091f       0x2d c:/progra~1/gnu-to~1/bin/../lib/gcc/arm-none-eabi/10.3.1/../../../../arm-none-eabi/lib/thumb/v7-m/nofp\libg.a(lib_a-fwalk.o)
 .ARM.attributes
                0x0000094c       0x2d c:/progra~1/gnu-to~1/bin/../lib/gcc/arm-none-eabi/10.3.1/../../../../arm-none-eabi/lib/thumb/v7-m/nofp\libg.a(lib_a-localeconv.o)
 .ARM.attributes
                0x00000979       0x2d c:/progra~1/gnu-to~1/bin/../lib/gcc/arm-none-eabi/10.3.1/../../../../arm-none-eabi/lib/thumb/v7-m/nofp\libg.a(lib_a-lock.o)
 .ARM.attributes
                0x000009a6       0x2d c:/progra~1/gnu-to~1/bin/../lib/gcc/arm-none-eabi/10.3.1/../../../../arm-none-eabi/lib/thumb/v7-m/nofp\libg.a(lib_a-makebuf.o)
 .ARM.attributes
                0x000009d3       0x2d c:/progra~1/gnu-to~1/bin/../lib/gcc/arm-none-eabi/10.3.1/../../../../arm-none-eabi/lib/thumb/v7-m/nofp\libg.a(lib_a-mallocr.o)
 .ARM.attributes
                0x00000a00       0x2d c:/progra~1/gnu-to~1/bin/../lib/gcc/arm-none-eabi/10.3.1/../../../../arm-none-eabi/lib/thumb/v7-m/nofp\libg.a(lib_a-memchr-stub.o)
 .ARM.attributes
                0x00000a2d       0x2d c:/progra~1/gnu-to~1/bin/../lib/gcc/arm-none-eabi/10.3.1/../../../../arm-none-eabi/lib/thumb/v7-m/nofp\libg.a(lib_a-memcmp.o)
 .ARM.attributes
                0x00000a5a       0x1b c:/progra~1/gnu-to~1/bin/../lib/gcc/arm-none-eabi/10.3.1/../../../../arm-none-eabi/lib/thumb/v7-m/nofp\libg.a(lib_a-memcpy.o)
 .ARM.attributes
                0x00000a75       0x2d c:/progra~1/gnu-to~1/bin/../lib/gcc/arm-none-eabi/10.3.1/../../../../arm-none-eabi/lib/thumb/v7-m/nofp\libg.a(lib_a-mlock.o)
 .ARM.attributes
                0x00000aa2       0x2d c:/progra~1/gnu-to~1/bin/../lib/gcc/arm-none-eabi/10.3.1/../../../../arm-none-eabi/lib/thumb/v7-m/nofp\libg.a(lib_a-mprec.o)
 .ARM.attributes
                0x00000acf       0x2d c:/progra~1/gnu-to~1/bin/../lib/gcc/arm-none-eabi/10.3.1/../../../../arm-none-eabi/lib/thumb/v7-m/nofp\libg.a(lib_a-s_frexp.o)
 .ARM.attributes
                0x00000afc       0x2d c:/progra~1/gnu-to~1/bin/../lib/gcc/arm-none-eabi/10.3.1/../../../../arm-none-eabi/lib/thumb/v7-m/nofp\libg.a(lib_a-sbrkr.o)
 .ARM.attributes
                0x00000b29       0x2d c:/progra~1/gnu-to~1/bin/../lib/gcc/arm-none-eabi/10.3.1/../../../../arm-none-eabi/lib/thumb/v7-m/nofp\libg.a(lib_a-stdio.o)
 .ARM.attributes
                0x00000b56       0x2d c:/progra~1/gnu-to~1/bin/../lib/gcc/arm-none-eabi/10.3.1/../../../../arm-none-eabi/lib/thumb/v7-m/nofp\libg.a(lib_a-strchr.o)
 .ARM.attributes
                0x00000b83       0x2d c:/progra~1/gnu-to~1/bin/../lib/gcc/arm-none-eabi/10.3.1/../../../../arm-none-eabi/lib/thumb/v7-m/nofp\libg.a(lib_a-strncpy.o)
 .ARM.attributes
                0x00000bb0       0x2d c:/progra~1/gnu-to~1/bin/../lib/gcc/arm-none-eabi/10.3.1/../../../../arm-none-eabi/lib/thumb/v7-m/nofp\libg.a(lib_a-strnlen.o)
 .ARM.attributes
                0x00000bdd       0x2d c:/progra~1/gnu-to~1/bin/../lib/gcc/arm-none-eabi/10.3.1/../../../../arm-none-eabi/lib/thumb/v7-m/nofp\libg.a(lib_a-svfiprintf.o)
 .ARM.attributes
                0x00000c0a       0x2d c:/progra~1/gnu-to~1/bin/../lib/gcc/arm-none-eabi/10.3.1/../../../../arm-none-eabi/lib/thumb/v7-m/nofp\libg.a(lib_a-vfiprintf.o)
 .ARM.attributes
                0x00000c37       0x2d c:/progra~1/gnu-to~1/bin/../lib/gcc/arm-none-eabi/10.3.1/../../../../arm-none-eabi/lib/thumb/v7-m/nofp\libg.a(lib_a-writer.o)
 .ARM.attributes
                0x00000c64       0x2d c:/progra~1/gnu-to~1/bin/../lib/gcc/arm-none-eabi/10.3.1/../../../../arm-none-eabi/lib/thumb/v7-m/nofp\libg.a(lib_a-__atexit.o)
 .ARM.attributes
                0x00000c91       0x2d c:/progra~1/gnu-to~1/bin/../lib/gcc/arm-none-eabi/10.3.1/../../../../arm-none-eabi/lib/thumb/v7-m/nofp\libg.a(lib_a-assert.o)
 .ARM.attributes
                0x00000cbe       0x2d c:/progra~1/gnu-to~1/bin/../lib/gcc/arm-none-eabi/10.3.1/../../../../arm-none-eabi/lib/thumb/v7-m/nofp\libg.a(lib_a-callocr.o)
 .ARM.attributes
                0x00000ceb       0x2d c:/progra~1/gnu-to~1/bin/../lib/gcc/arm-none-eabi/10.3.1/../../../../arm-none-eabi/lib/thumb/v7-m/nofp\libg.a(lib_a-closer.o)
 .ARM.attributes
                0x00000d18       0x2d c:/progra~1/gnu-to~1/bin/../lib/gcc/arm-none-eabi/10.3.1/../../../../arm-none-eabi/lib/thumb/v7-m/nofp\libg.a(lib_a-fclose.o)
 .ARM.attributes
                0x00000d45       0x2d c:/progra~1/gnu-to~1/bin/../lib/gcc/arm-none-eabi/10.3.1/../../../../arm-none-eabi/lib/thumb/v7-m/nofp\libg.a(lib_a-fiprintf.o)
 .ARM.attributes
                0x00000d72       0x2d c:/progra~1/gnu-to~1/bin/../lib/gcc/arm-none-eabi/10.3.1/../../../../arm-none-eabi/lib/thumb/v7-m/nofp\libg.a(lib_a-fputwc.o)
 .ARM.attributes
                0x00000d9f       0x2d c:/progra~1/gnu-to~1/bin/../lib/gcc/arm-none-eabi/10.3.1/../../../../arm-none-eabi/lib/thumb/v7-m/nofp\libg.a(lib_a-fstatr.o)
 .ARM.attributes
                0x00000dcc       0x2d c:/progra~1/gnu-to~1/bin/../lib/gcc/arm-none-eabi/10.3.1/../../../../arm-none-eabi/lib/thumb/v7-m/nofp\libg.a(lib_a-fvwrite.o)
 .ARM.attributes
                0x00000df9       0x2d c:/progra~1/gnu-to~1/bin/../lib/gcc/arm-none-eabi/10.3.1/../../../../arm-none-eabi/lib/thumb/v7-m/nofp\libg.a(lib_a-isattyr.o)
 .ARM.attributes
                0x00000e26       0x2d c:/progra~1/gnu-to~1/bin/../lib/gcc/arm-none-eabi/10.3.1/../../../../arm-none-eabi/lib/thumb/v7-m/nofp\libg.a(lib_a-locale.o)
 .ARM.attributes
                0x00000e53       0x2d c:/progra~1/gnu-to~1/bin/../lib/gcc/arm-none-eabi/10.3.1/../../../../arm-none-eabi/lib/thumb/v7-m/nofp\libg.a(lib_a-lseekr.o)
 .ARM.attributes
                0x00000e80       0x2d c:/progra~1/gnu-to~1/bin/../lib/gcc/arm-none-eabi/10.3.1/../../../../arm-none-eabi/lib/thumb/v7-m/nofp\libg.a(lib_a-mbtowc_r.o)
 .ARM.attributes
                0x00000ead       0x2d c:/progra~1/gnu-to~1/bin/../lib/gcc/arm-none-eabi/10.3.1/../../../../arm-none-eabi/lib/thumb/v7-m/nofp\libg.a(lib_a-memmove.o)
 .ARM.attributes
                0x00000eda       0x2d c:/progra~1/gnu-to~1/bin/../lib/gcc/arm-none-eabi/10.3.1/../../../../arm-none-eabi/lib/thumb/v7-m/nofp\libg.a(lib_a-readr.o)
 .ARM.attributes
                0x00000f07       0x2d c:/progra~1/gnu-to~1/bin/../lib/gcc/arm-none-eabi/10.3.1/../../../../arm-none-eabi/lib/thumb/v7-m/nofp\libg.a(lib_a-reallocr.o)
 .ARM.attributes