Archive member included to satisfy reference by file (symbol)

c:/progra~1/gnu-to~1/bin/../lib/gcc/arm-none-eabi/10.3.1/../../../../arm-none-eabi/lib/thumb/v7-m/nofp\libg.a(lib_a-errno.o)
                              CMakeFiles/nbiot.elf.dir/Core/Src/syscalls.c.obj (__errno)
c:/progra~1/gnu-to~1/bin/../lib/gcc/arm-none-eabi/10.3.1/../../../../arm-none-eabi/lib/thumb/v7-m/nofp\libg.a(lib_a-exit.o)
                              c:/progra~1/gnu-to~1/bin/../lib/gcc/arm-none-eabi/10.3.1/../../../../arm-none-eabi/lib/thumb/v7-m/nofp/crt0.o (exit)
c:/progra~1/gnu-to~1/bin/../lib/gcc/arm-none-eabi/10.3.1/../../../../arm-none-eabi/lib/thumb/v7-m/nofp\libg.a(lib_a-impure.o)
                              c:/progra~1/gnu-to~1/bin/../lib/gcc/arm-none-eabi/10.3.1/../../../../arm-none-eabi/lib/thumb/v7-m/nofp\libg.a(lib_a-exit.o) (_global_impure_ptr)
c:/progra~1/gnu-to~1/bin/../lib/gcc/arm-none-eabi/10.3.1/../../../../arm-none-eabi/lib/thumb/v7-m/nofp\libg.a(lib_a-init.o)
                              c:/progra~1/gnu-to~1/bin/../lib/gcc/arm-none-eabi/10.3.1/../../../../arm-none-eabi/lib/thumb/v7-m/nofp/crt0.o (__libc_init_array)
c:/progra~1/gnu-to~1/bin/../lib/gcc/arm-none-eabi/10.3.1/../../../../arm-none-eabi/lib/thumb/v7-m/nofp\libg.a(lib_a-memset.o)
                              c:/progra~1/gnu-to~1/bin/../lib/gcc/arm-none-eabi/10.3.1/../../../../arm-none-eabi/lib/thumb/v7-m/nofp/crt0.o (memset)
c:/progra~1/gnu-to~1/bin/../lib/gcc/arm-none-eabi/10.3.1/../../../../arm-none-eabi/lib/thumb/v7-m/nofp\libg.a(lib_a-printf.o)
                              CMakeFiles/nbiot.elf.dir/Core/Src/main.c.obj (printf)
c:/progra~1/gnu-to~1/bin/../lib/gcc/arm-none-eabi/10.3.1/../../../../arm-none-eabi/lib/thumb/v7-m/nofp\libg.a(lib_a-vfprintf.o)
                              c:/progra~1/gnu-to~1/bin/../lib/gcc/arm-none-eabi/10.3.1/../../../../arm-none-eabi/lib/thumb/v7-m/nofp\libg.a(lib_a-printf.o) (_vfprintf_r)
c:/progra~1/gnu-to~1/bin/../lib/gcc/arm-none-eabi/10.3.1/../../../../arm-none-eabi/lib/thumb/v7-m/nofp\libg.a(lib_a-wsetup.o)
                              c:/progra~1/gnu-to~1/bin/../lib/gcc/arm-none-eabi/10.3.1/../../../../arm-none-eabi/lib/thumb/v7-m/nofp\libg.a(lib_a-vfprintf.o) (__swsetup_r)
c:/progra~1/gnu-to~1/bin/../lib/gcc/arm-none-eabi/10.3.1/../../../../arm-none-eabi/lib/thumb/v7-m/nofp\libg.a(lib_a-__call_atexit.o)
                              c:/progra~1/gnu-to~1/bin/../lib/gcc/arm-none-eabi/10.3.1/../../../../arm-none-eabi/lib/thumb/v7-m/nofp\libg.a(lib_a-exit.o) (__call_exitprocs)
c:/progra~1/gnu-to~1/bin/../lib/gcc/arm-none-eabi/10.3.1/../../../../arm-none-eabi/lib/thumb/v7-m/nofp\libg.a(lib_a-atexit.o)
                              c:/progra~1/gnu-to~1/bin/../lib/gcc/arm-none-eabi/10.3.1/../../../../arm-none-eabi/lib/thumb/v7-m/nofp\libg.a(lib_a-__call_atexit.o) (atexit)
c:/progra~1/gnu-to~1/bin/../lib/gcc/arm-none-eabi/10.3.1/../../../../arm-none-eabi/lib/thumb/v7-m/nofp\libg.a(lib_a-dtoa.o)
                              c:/progra~1/gnu-to~1/bin/../lib/gcc/arm-none-eabi/10.3.1/../../../../arm-none-eabi/lib/thumb/v7-m/nofp\libg.a(lib_a-vfprintf.o) (_dtoa_r)
c:/progra~1/gnu-to~1/bin/../lib/gcc/arm-none-eabi/10.3.1/../../../../arm-none-eabi/lib/thumb/v7-m/nofp\libg.a(lib_a-fflush.o)
                              c:/progra~1/gnu-to~1/bin/../lib/gcc/arm-none-eabi/10.3.1/../../../../arm-none-eabi/lib/thumb/v7-m/nofp\libg.a(lib_a-vfprintf.o) (_fflush_r)
c:/progra~1/gnu-to~1/bin/../lib/gcc/arm-none-eabi/10.3.1/../../../../arm-none-eabi/lib/thumb/v7-m/nofp\libg.a(lib_a-findfp.o)
                              c:/progra~1/gnu-to~1/bin/../lib/gcc/arm-none-eabi/10.3.1/../../../../arm-none-eabi/lib/thumb/v7-m/nofp\libg.a(lib_a-vfprintf.o) (__sinit)
c:/progra~1/gnu-to~1/bin/../lib/gcc/arm-none-eabi/10.3.1/../../../../arm-none-eabi/lib/thumb/v7-m/nofp\libg.a(lib_a-fini.o)
                              c:/progra~1/gnu-to~1/bin/../lib/gcc/arm-none-eabi/10.3.1/../../../../arm-none-eabi/lib/thumb/v7-m/nofp\libg.a(lib_a-__call_atexit.o) (__libc_fini_array)
c:/progra~1/gnu-to~1/bin/../lib/gcc/arm-none-eabi/10.3.1/../../../../arm-none-eabi/lib/thumb/v7-m/nofp\libg.a(lib_a-freer.o)
                              c:/progra~1/gnu-to~1/bin/../lib/gcc/arm-none-eabi/10.3.1/../../../../arm-none-eabi/lib/thumb/v7-m/nofp\libg.a(lib_a-vfprintf.o) (_free_r)
c:/progra~1/gnu-to~1/bin/../lib/gcc/arm-none-eabi/10.3.1/../../../../arm-none-eabi/lib/thumb/v7-m/nofp\libg.a(lib_a-fwalk.o)
                              c:/progra~1/gnu-to~1/bin/../lib/gcc/arm-none-eabi/10.3.1/../../../../arm-none-eabi/lib/thumb/v7-m/nofp\libg.a(lib_a-findfp.o) (_fwalk)
c:/progra~1/gnu-to~1/bin/../lib/gcc/arm-none-eabi/10.3.1/../../../../arm-none-eabi/lib/thumb/v7-m/nofp\libg.a(lib_a-localeconv.o)
                              c:/progra~1/gnu-to~1/bin/../lib/gcc/arm-none-eabi/10.3.1/../../../../arm-none-eabi/lib/thumb/v7-m/nofp\libg.a(lib_a-vfprintf.o) (_localeconv_r)
[...]
Memory Configuration

Name             Origin             Length             Attributes
RAM              0x20000000         0x0000c000         xrw
FLASH            0x08000000         0x00040000         xr
*default*        0x00000000         0xffffffff

Linker script and memory map

LOAD c:/progra~1/gnu-to~1/bin/../lib/gcc/arm-none-eabi/10.3.1/thumb/v7-m/nofp/crti.o
LOAD c:/progra~1/gnu-to~1/bin/../lib/gcc/arm-none-eabi/10.3.1/thumb/v7-m/nofp/crtbegin.o
LOAD c:/progra~1/gnu-to~1/bin/../lib/gcc/arm-none-eabi/10.3.1/../../../../arm-none-eabi/lib/thumb/v7-m/nofp/crt0.o
LOAD CMakeFiles/nbiot.elf.dir/Core/Src/gpio.c.obj
LOAD CMakeFiles/nbiot.elf.dir/Core/Src/main.c.obj
LOAD CMakeFiles/nbiot.elf.dir/Core/Src/stm32f1xx_hal_msp.c.obj
LOAD CMakeFiles/nbiot.elf.dir/Core/Src/stm32f1xx_it.c.obj
LOAD CMakeFiles/nbiot.elf.dir/Core/Src/syscalls.c.obj
LOAD CMakeFiles/nbiot.elf.dir/Core/Src/sysmem.c.obj
LOAD CMakeFiles/nbiot.elf.dir/Core/Src/system_stm32f1xx.c.obj
LOAD CMakeFiles/nbiot.elf.dir/Core/Src/tim.c.obj
LOAD CMakeFiles/nbiot.elf.dir/Core/Src/usart.c.obj
LOAD CMakeFiles/nbiot.elf.dir/Core/Startup/startup_stm32f103rctx.s.obj
LOAD CMakeFiles/nbiot.elf.dir/Drivers/STM32F1xx_HAL_Driver/Src/stm32f1xx_hal.c.obj
LOAD CMakeFiles/nbiot.elf.dir/Drivers/STM32F1xx_HAL_Driver/Src/stm32f1xx_hal_cortex.c.obj
LOAD CMakeFiles/nbiot.elf.dir/Drivers/STM32F1xx_HAL_Driver/Src/stm32f1xx_hal_dma.c.obj
LOAD CMakeFiles/nbiot.elf.dir/Drivers/STM32F1xx_HAL_Driver/Src/stm32f1xx_hal_exti.c.obj
LOAD CMakeFiles/nbiot.elf.dir/Drivers/STM32F1xx_HAL_Driver/Src/stm32f1xx_hal_flash.c.obj
LOAD CMakeFiles/nbiot.elf.dir/Drivers/STM32F1xx_HAL_Driver/Src/stm32f1xx_hal_flash_ex.c.obj
LOAD CMakeFiles/nbiot.elf.dir/Drivers/STM32F1xx_HAL_Driver/Src/stm32f1xx_hal_gpio.c.obj
LOAD CMakeFiles/nbiot.elf.dir/Drivers/STM32F1xx_HAL_Driver/Src/stm32f1xx_hal_gpio_ex.c.obj
LOAD CMakeFiles/nbiot.elf.dir/Drivers/STM32F1xx_HAL_Driver/Src/stm32f1xx_hal_pwr.c.obj
LOAD CMakeFiles/nbiot.elf.dir/Drivers/STM32F1xx_HAL_Driver/Src/stm32f1xx_hal_rcc.c.obj
LOAD CMakeFiles/nbiot.elf.dir/Drivers/STM32F1xx_HAL_Driver/Src/stm32f1xx_hal_rcc_ex.c.obj
LOAD CMakeFiles/nbiot.elf.dir/Drivers/STM32F1xx_HAL_Driver/Src/stm32f1xx_hal_tim.c.obj
LOAD CMakeFiles/nbiot.elf.dir/Drivers/STM32F1xx_HAL_Driver/Src/stm32f1xx_hal_tim_ex.c.obj
LOAD CMakeFiles/nbiot.elf.dir/Drivers/STM32F1xx_HAL_Driver/Src/stm32f1xx_hal_uart.c.obj
START GROUP
LOAD c:/progra~1/gnu-to~1/bin/../lib/gcc/arm-none-eabi/10.3.1/thumb/v7-m/nofp\libgcc.a
LOAD c:/progra~1/gnu-to~1/bin/../lib/gcc/arm-none-eabi/10.3.1/../../../../arm-none-eabi/lib/thumb/v7-m/nofp\libg.a
LOAD c:/progra~1/gnu-to~1/bin/../lib/gcc/arm-none-eabi/10.3.1/../../../../arm-none-eabi/lib/thumb/v7-m/nofp\libc.a
END GROUP
LOAD c:/progra~1/gnu-to~1/bin/../lib/gcc/arm-none-eabi/10.3.1/thumb/v7-m/nofp/crtend.o
LOAD c:/progra~1/gnu-to~1/bin/../lib/gcc/arm-none-eabi/10.3.1/thumb/v7-m/nofp/crtn.o
                0x2000c000                _estack = (ORIGIN (RAM) + LENGTH (RAM))
                0x00000200                _Min_Heap_Size = 0x200
                0x00000400                _Min_Stack_Size = 0x400

.isr_vector     0x08000000      0x1e4
                0x08000000                . = ALIGN (0x4)
 *(.isr_vector)
 .isr_vector    0x08000000      0x1e4 CMakeFiles/nbiot.elf.dir/Core/Startup/startup_stm32f103rctx.s.obj
                0x08000000                g_pfnVectors
                0x080001e4                . = ALIGN (0x4)

.text           0x080001e8     0x8a4c
                0x080001e8                . = ALIGN (0x4)
 *(.text)
 .text          0x080001e8       0x40 c:/progra~1/gnu-to~1/bin/../lib/gcc/arm-none-eabi/10.3.1/thumb/v7-m/nofp/crtbegin.o
 .text          0x08000228       0xec c:/progra~1/gnu-to~1/bin/../lib/gcc/arm-none-eabi/10.3.1/../../../../arm-none-eabi/lib/thumb/v7-m/nofp\libg.a(lib_a-memcpy.o)
                0x08000228                memcpy
 .text          0x08000314      0x378 c:/progra~1/gnu-to~1/bin/../lib/gcc/arm-none-eabi/10.3.1/thumb/v7-m/nofp\libgcc.a(_arm_addsubdf3.o)
                0x08000314                __aeabi_drsub
                0x0800031c                __aeabi_dsub
                0x0800031c                __subdf3
                0x08000320                __aeabi_dadd
                0x08000320                __adddf3
                0x08000598                __floatunsidf
                0x08000598                __aeabi_ui2d
                0x080005b8                __floatsidf
                0x080005b8                __aeabi_i2d
                0x080005dc                __aeabi_f2d
                0x080005dc                __extendsfdf2
                0x08000620                __floatundidf
                0x08000620                __aeabi_ul2d
                0x08000630                __floatdidf
                0x08000630                __aeabi_l2d
 .text          0x0800068c      0x424 c:/progra~1/gnu-to~1/bin/../lib/gcc/arm-none-eabi/10.3.1/thumb/v7-m/nofp\libgcc.a(_arm_muldivdf3.o)
                0x0800068c                __aeabi_dmul
                0x0800068c                __muldf3
                0x080008e0                __divdf3
                0x080008e0                __aeabi_ddiv
 .text          0x08000ab0      0x110 c:/progra~1/gnu-to~1/bin/../lib/gcc/arm-none-eabi/10.3.1/thumb/v7-m/nofp\libgcc.a(_arm_cmpdf2.o)
                0x08000ab0                __gtdf2
                0x08000ab0                __gedf2
                0x08000ab8                __ltdf2
                0x08000ab8                __ledf2
                0x08000ac0                __nedf2
                0x08000ac0                __eqdf2
                0x08000ac0                __cmpdf2
                0x08000b3c                __aeabi_cdrcmple
                0x08000b4c                __aeabi_cdcmpeq
                0x08000b4c                __aeabi_cdcmple
                0x08000b5c                __aeabi_dcmpeq
                0x08000b70                __aeabi_dcmplt
                0x08000b84                __aeabi_dcmple
                0x08000b98                __aeabi_dcmpge
                0x08000bac                __aeabi_dcmpgt
 .text          0x08000bc0       0x2c c:/progra~1/gnu-to~1/bin/../lib/gcc/arm-none-eabi/10.3.1/thumb/v7-m/nofp\libgcc.a(_arm_unorddf2.o)
                0x08000bc0                __unorddf2
                0x08000bc0                __aeabi_dcmpun
 .text          0x08000bec       0x50 c:/progra~1/gnu-to~1/bin/../lib/gcc/arm-none-eabi/10.3.1/thumb/v7-m/nofp\libgcc.a(_arm_fixdfsi.o)
                0x08000bec                __aeabi_d2iz
                0x08000bec                __fixdfsi
 .text          0x08000c3c       0x30 c:/progra~1/gnu-to~1/bin/../lib/gcc/arm-none-eabi/10.3.1/thumb/v7-m/nofp\libgcc.a(_aeabi_uldivmod.o)
                0x08000c3c                __aeabi_uldivmod
 .text          0x08000c6c      0x2d4 c:/progra~1/gnu-to~1/bin/../lib/gcc/arm-none-eabi/10.3.1/thumb/v7-m/nofp\libgcc.a(_udivmoddi4.o)
                0x08000c6c                __udivmoddi4
 .text          0x08000f40        0x4 c:/progra~1/gnu-to~1/bin/../lib/gcc/arm-none-eabi/10.3.1/thumb/v7-m/nofp\libgcc.a(_dvmd_tls.o)
                0x08000f40                __aeabi_idiv0
                0x08000f40                __aeabi_ldiv0
 *(.text*)
 .text.MX_GPIO_Init
                0x08000f44       0xac CMakeFiles/nbiot.elf.dir/Core/Src/gpio.c.obj
                0x08000f44                MX_GPIO_Init
 .text.Error_Handler
                0x08000ff0        0x4 CMakeFiles/nbiot.elf.dir/Core/Src/main.c.obj
                0x08000ff0                Error_Handler
 .text.SystemClock_Config
                0x08000ff4       0x64 CMakeFiles/nbiot.elf.dir/Core/Src/main.c.obj
                0x08000ff4                SystemClock_Config
 .text.main     0x08001058       0xf8 CMakeFiles/nbiot.elf.dir/Core/Src/main.c.obj
                0x08001058                main
 .text.HAL_MspInit
                0x08001150       0x30 CMakeFiles/nbiot.elf.dir/Core/Src/stm32f1xx_hal_msp.c.obj
                0x08001150                HAL_MspInit
 .text.NMI_Handler
                0x08001180        0x2 CMakeFiles/nbiot.elf.dir/Core/Src/stm32f1xx_it.c.obj
                0x08001180                NMI_Handler
 .text.HardFault_Handler
                0x08001182        0x2 CMakeFiles/nbiot.elf.dir/Core/Src/stm32f1xx_it.c.obj
                0x08001182                HardFault_Handler
 .text.MemManage_Handler
                0x08001184        0x2 CMakeFiles/nbiot.elf.dir/Core/Src/stm32f1xx_it.c.obj
                0x08001184                MemManage_Handler
 .text.BusFault_Handler
                0x08001186        0x2 CMakeFiles/nbiot.elf.dir/Core/Src/stm32f1xx_it.c.obj
                0x08001186                BusFault_Handler
 .text.UsageFault_Handler
                0x08001188        0x2 CMakeFiles/nbiot.elf.dir/Core/Src/stm32f1xx_it.c.obj
                0x08001188                UsageFault_Handler
 .text.SVC_Handler
                0x0800118a        0x2 CMakeFiles/nbiot.elf.dir/Core/Src/stm32f1xx_it.c.obj
                0x0800118a                SVC_Handler
 .text.DebugMon_Handler
                0x0800118c        0x2 CMakeFiles/nbiot.elf.dir/Core/Src/stm32f1xx_it.c.obj
                0x0800118c                DebugMon_Handler
 .text.PendSV_Handler
                0x0800118e        0x2 CMakeFiles/nbiot.elf.dir/Core/Src/stm32f1xx_it.c.obj
                0x0800118e                PendSV_Handler
 .text.SysTick_Handler
                0x08001190        0x8 CMakeFiles/nbiot.elf.dir/Core/Src/stm32f1xx_it.c.obj
                0x08001190                SysTick_Handler
 .text.TIM2_IRQHandler
                0x08001198       0x10 CMakeFiles/nbiot.elf.dir/Core/Src/stm32f1xx_it.c.obj
                0x08001198                TIM2_IRQHandler
 .text.USART1_IRQHandler
                0x080011a8       0x10 CMakeFiles/nbiot.elf.dir/Core/Src/stm32f1xx_it.c.obj
                0x080011a8                USART1_IRQHandler
 .text.USART2_IRQHandler
                0x080011b8       0x10 CMakeFiles/nbiot.elf.dir/Core/Src/stm32f1xx_it.c.obj
                0x080011b8                USART2_IRQHandler
 .text._getpid  0x080011c8        0x4 CMakeFiles/nbiot.elf.dir/Core/Src/syscalls.c.obj
                0x080011c8                _getpid
 .text._kill    0x080011cc       0x10 CMakeFiles/nbiot.elf.dir/Core/Src/syscalls.c.obj
                0x080011cc                _kill
 .text._exit    0x080011dc        0xc CMakeFiles/nbiot.elf.dir/Core/Src/syscalls.c.obj
                0x080011dc                _exit
 .text._read    0x080011e8       0x20 CMakeFiles/nbiot.elf.dir/Core/Src/syscalls.c.obj
                0x080011e8                _read
 .text._write   0x08001208       0x1c CMakeFiles/nbiot.elf.dir/Core/Src/syscalls.c.obj
                0x08001208                _write
 .text._close   0x08001224        0x6 CMakeFiles/nbiot.elf.dir/Core/Src/syscalls.c.obj
                0x08001224                _close
 .text._fstat   0x0800122a        0xa CMakeFiles/nbiot.elf.dir/Core/Src/syscalls.c.obj
                0x0800122a                _fstat
 .text._isatty  0x08001234        0x4 CMakeFiles/nbiot.elf.dir/Core/Src/syscalls.c.obj
                0x08001234                _isatty
 .text._lseek   0x08001238        0x4 CMakeFiles/nbiot.elf.dir/Core/Src/syscalls.c.obj
                0x08001238                _lseek
 .text._sbrk    0x0800123c       0x48 CMakeFiles/nbiot.elf.dir/Core/Src/sysmem.c.obj
                0x0800123c                _sbrk
 .text.SystemInit
                0x08001284        0x2 CMakeFiles/nbiot.elf.dir/Core/Src/system_stm32f1xx.c.obj
                0x08001284                SystemInit
 *fill*         0x08001286        0x2 
 .text.MX_TIM2_Init
                0x08001288       0x6c CMakeFiles/nbiot.elf.dir/Core/Src/tim.c.obj
                0x08001288                MX_TIM2_Init
 .text.HAL_TIM_Base_MspInit
                0x080012f4       0x3a CMakeFiles/nbiot.elf.dir/Core/Src/tim.c.obj
                0x080012f4                HAL_TIM_Base_MspInit
 *fill*         0x0800132e        0x2 
 .text.MX_USART1_UART_Init
                0x08001330       0x34 CMakeFiles/nbiot.elf.dir/Core/Src/usart.c.obj
                0x08001330                MX_USART1_UART_Init
 .text.MX_USART2_UART_Init
                0x08001364       0x34 CMakeFiles/nbiot.elf.dir/Core/Src/usart.c.obj
                0x08001364                MX_USART2_UART_Init
 .text.HAL_UART_MspInit
                0x08001398       0xf4 CMakeFiles/nbiot.elf.dir/Core/Src/usart.c.obj
                0x08001398                HAL_UART_MspInit
 .text.HAL_UART_RxCpltCallback
                0x0800148c       0xc0 CMakeFiles/nbiot.elf.dir/Core/Src/usart.c.obj
                0x0800148c                HAL_UART_RxCpltCallback
 .text.Reset_Handler
                0x0800154c       0x48 CMakeFiles/nbiot.elf.dir/Core/Startup/startup_stm32f103rctx.s.obj
                0x0800154c                Reset_Handler
 .text.Default_Handler
                0x08001594        0x2 CMakeFiles/nbiot.elf.dir/Core/Startup/startup_stm32f103rctx.s.obj
                0x08001594                RTC_Alarm_IRQHandler
                0x08001594                EXTI2_IRQHandler
                0x08001594                TIM8_TRG_COM_IRQHandler
                0x08001594                TIM8_CC_IRQHandler
                0x08001594                TIM1_CC_IRQHandler
                0x08001594                TIM6_IRQHandler
                0x08001594                PVD_IRQHandler
                0x08001594                SDIO_IRQHandler
                0x08001594                EXTI3_IRQHandler
                0x08001594                EXTI0_IRQHandler
                0x08001594                I2C2_EV_IRQHandler
                0x08001594                ADC1_2_IRQHandler
                0x08001594                SPI1_IRQHandler
                0x08001594                TAMPER_IRQHandler
                0x08001594                TIM8_UP_IRQHandler
                0x08001594                DMA2_Channel2_IRQHandler
                0x08001594                DMA1_Channel4_IRQHandler
                0x08001594                USART3_IRQHandler
                0x08001594                RTC_IRQHandler
                0x08001594                DMA1_Channel7_IRQHandler
                0x08001594                CAN1_RX1_IRQHandler
                0x08001594                UART5_IRQHandler
                0x08001594                ADC3_IRQHandler
                0x08001594                TIM4_IRQHandler
                0x08001594                DMA2_Channel1_IRQHandler
                0x08001594                I2C1_EV_IRQHandler
                0x08001594                DMA1_Channel6_IRQHandler
                0x08001594                UART4_IRQHandler
                0x08001594                TIM3_IRQHandler
                0x08001594                RCC_IRQHandler
                0x08001594                TIM1_TRG_COM_IRQHandler
                0x08001594                DMA1_Channel1_IRQHandler
                0x08001594                Default_Handler
                0x08001594                EXTI15_10_IRQHandler
                0x08001594                TIM7_IRQHandler
                0x08001594                TIM5_IRQHandler
                0x08001594                EXTI9_5_IRQHandler
                0x08001594                SPI2_IRQHandler
                0x08001594                DMA1_Channel5_IRQHandler
                0x08001594                EXTI4_IRQHandler
                0x08001594                USB_LP_CAN1_RX0_IRQHandler
                0x08001594                USB_HP_CAN1_TX_IRQHandler
                0x08001594                DMA1_Channel3_IRQHandler
                0x08001594                FSMC_IRQHandler
                0x08001594                TIM1_UP_IRQHandler
                0x08001594                WWDG_IRQHandler
                0x08001594                TIM1_BRK_IRQHandler
                0x08001594                EXTI1_IRQHandler
                0x08001594                DMA2_Channel4_5_IRQHandler
                0x08001594                I2C2_ER_IRQHandler
                0x08001594                DMA1_Channel2_IRQHandler
                0x08001594                TIM8_BRK_IRQHandler
                0x08001594                CAN1_SCE_IRQHandler
                0x08001594                FLASH_IRQHandler
                0x08001594                SPI3_IRQHandler
                0x08001594                I2C1_ER_IRQHandler
                0x08001594                USBWakeUp_IRQHandler
                0x08001594                DMA2_Channel3_IRQHandler
 *fill*         0x08001596        0x2 
 .text.HAL_InitTick
                0x08001598       0x4c CMakeFiles/nbiot.elf.dir/Drivers/STM32F1xx_HAL_Driver/Src/stm32f1xx_hal.c.obj
                0x08001598                HAL_InitTick
 .text.HAL_Init
                0x080015e4       0x24 CMakeFiles/nbiot.elf.dir/Drivers/STM32F1xx_HAL_Driver/Src/stm32f1xx_hal.c.obj
                0x080015e4                HAL_Init
 .text.HAL_IncTick
                0x08001608       0x18 CMakeFiles/nbiot.elf.dir/Drivers/STM32F1xx_HAL_Driver/Src/stm32f1xx_hal.c.obj
                0x08001608                HAL_IncTick
 .text.HAL_GetTick
                0x08001620        0xc CMakeFiles/nbiot.elf.dir/Drivers/STM32F1xx_HAL_Driver/Src/stm32f1xx_hal.c.obj
                0x08001620                HAL_GetTick
 .text.HAL_Delay
                0x0800162c       0x28 CMakeFiles/nbiot.elf.dir/Drivers/STM32F1xx_HAL_Driver/Src/stm32f1xx_hal.c.obj
                0x0800162c                HAL_Delay
 .text.HAL_NVIC_SetPriorityGrouping
                0x08001654       0x24 CMakeFiles/nbiot.elf.dir/Drivers/STM32F1xx_HAL_Driver/Src/stm32f1xx_hal_cortex.c.obj
                0x08001654                HAL_NVIC_SetPriorityGrouping
 .text.HAL_NVIC_SetPriority
                0x08001678       0x70 CMakeFiles/nbiot.elf.dir/Drivers/STM32F1xx_HAL_Driver/Src/stm32f1xx_hal_cortex.c.obj
                0x08001678                HAL_NVIC_SetPriority
 .text.HAL_NVIC_EnableIRQ
                0x080016e8       0x1c CMakeFiles/nbiot.elf.dir/Drivers/STM32F1xx_HAL_Driver/Src/stm32f1xx_hal_cortex.c.obj
                0x080016e8                HAL_NVIC_EnableIRQ
 .text.HAL_SYSTICK_Config
                0x08001704       0x28 CMakeFiles/nbiot.elf.dir/Drivers/STM32F1xx_HAL_Driver/Src/stm32f1xx_hal_cortex.c.obj
                0x08001704                HAL_SYSTICK_Config
 .text.HAL_DMA_Abort
                0x0800172c       0x46 CMakeFiles/nbiot.elf.dir/Drivers/STM32F1xx_HAL_Driver/Src/stm32f1xx_hal_dma.c.obj
                0x0800172c                HAL_DMA_Abort
 *fill*         0x08001772        0x2 
 .text.HAL_DMA_Abort_IT
                0x08001774      0x16c CMakeFiles/nbiot.elf.dir/Drivers/STM32F1xx_HAL_Driver/Src/stm32f1xx_hal_dma.c.obj
                0x08001774                HAL_DMA_Abort_IT
 .text.HAL_GPIO_Init
                0x080018e0      0x240 CMakeFiles/nbiot.elf.dir/Drivers/STM32F1xx_HAL_Driver/Src/stm32f1xx_hal_gpio.c.obj
                0x080018e0                HAL_GPIO_Init
 .text.HAL_GPIO_WritePin
                0x08001b20        0xc CMakeFiles/nbiot.elf.dir/Drivers/STM32F1xx_HAL_Driver/Src/stm32f1xx_hal_gpio.c.obj
                0x08001b20                HAL_GPIO_WritePin
 .text.HAL_GPIO_TogglePin
                0x08001b2c       0x12 CMakeFiles/nbiot.elf.dir/Drivers/STM32F1xx_HAL_Driver/Src/stm32f1xx_hal_gpio.c.obj
                0x08001b2c                HAL_GPIO_TogglePin
 *fill*         0x08001b3e        0x2 
 .text.RCC_Delay
                0x08001b40       0x2c CMakeFiles/nbiot.elf.dir/Drivers/STM32F1xx_HAL_Driver/Src/stm32f1xx_hal_rcc.c.obj
 .text.HAL_RCC_OscConfig
                0x08001b6c      0x410 CMakeFiles/nbiot.elf.dir/Drivers/STM32F1xx_HAL_Driver/Src/stm32f1xx_hal_rcc.c.obj
                0x08001b6c                HAL_RCC_OscConfig
 .text.HAL_RCC_GetSysClockFreq
                0x08001f7c       0x54 CMakeFiles/nbiot.elf.dir/Drivers/STM32F1xx_HAL_Driver/Src/stm32f1xx_hal_rcc.c.obj
                0x08001f7c                HAL_RCC_GetSysClockFreq
 .text.HAL_RCC_ClockConfig
                0x08001fd0      0x16c CMakeFiles/nbiot.elf.dir/Drivers/STM32F1xx_HAL_Driver/Src/stm32f1xx_hal_rcc.c.obj
                0x08001fd0                HAL_RCC_ClockConfig
 .text.HAL_RCC_GetHCLKFreq
                0x0800213c        0xc CMakeFiles/nbiot.elf.dir/Drivers/STM32F1xx_HAL_Driver/Src/stm32f1xx_hal_rcc.c.obj
                0x0800213c                HAL_RCC_GetHCLKFreq
 .text.HAL_RCC_GetPCLK1Freq
                0x08002148       0x20 CMakeFiles/nbiot.elf.dir/Drivers/STM32F1xx_HAL_Driver/Src/stm32f1xx_hal_rcc.c.obj
                0x08002148                HAL_RCC_GetPCLK1Freq
 .text.HAL_RCC_GetPCLK2Freq
                0x08002168       0x20 CMakeFiles/nbiot.elf.dir/Drivers/STM32F1xx_HAL_Driver/Src/stm32f1xx_hal_rcc.c.obj
                0x08002168                HAL_RCC_GetPCLK2Freq
 .text.TIM_TI1_ConfigInputStage
                0x08002188       0x24 CMakeFiles/nbiot.elf.dir/Drivers/STM32F1xx_HAL_Driver/Src/stm32f1xx_hal_tim.c.obj
 .text.TIM_TI2_ConfigInputStage
                0x080021ac       0x26 CMakeFiles/nbiot.elf.dir/Drivers/STM32F1xx_HAL_Driver/Src/stm32f1xx_hal_tim.c.obj
 .text.TIM_ITRx_SetConfig
                0x080021d2       0x10 CMakeFiles/nbiot.elf.dir/Drivers/STM32F1xx_HAL_Driver/Src/stm32f1xx_hal_tim.c.obj
 .text.HAL_TIM_PeriodElapsedCallback
                0x080021e2        0x2 CMakeFiles/nbiot.elf.dir/Drivers/STM32F1xx_HAL_Driver/Src/stm32f1xx_hal_tim.c.obj
                0x080021e2                HAL_TIM_PeriodElapsedCallback
 .text.HAL_TIM_OC_DelayElapsedCallback
                0x080021e4        0x2 CMakeFiles/nbiot.elf.dir/Drivers/STM32F1xx_HAL_Driver/Src/stm32f1xx_hal_tim.c.obj
                0x080021e4                HAL_TIM_OC_DelayElapsedCallback
 .text.HAL_TIM_IC_CaptureCallback
                0x080021e6        0x2 CMakeFiles/nbiot.elf.dir/Drivers/STM32F1xx_HAL_Driver/Src/stm32f1xx_hal_tim.c.obj
                0x080021e6                HAL_TIM_IC_CaptureCallback
 .text.HAL_TIM_PWM_PulseFinishedCallback
                0x080021e8        0x2 CMakeFiles/nbiot.elf.dir/Drivers/STM32F1xx_HAL_Driver/Src/stm32f1xx_hal_tim.c.obj
                0x080021e8                HAL_TIM_PWM_PulseFinishedCallback
 .text.HAL_TIM_TriggerCallback
                0x080021ea        0x2 CMakeFiles/nbiot.elf.dir/Drivers/STM32F1xx_HAL_Driver/Src/stm32f1xx_hal_tim.c.obj
                0x080021ea                HAL_TIM_TriggerCallback
 .text.HAL_TIM_IRQHandler
                0x080021ec      0x17a CMakeFiles/nbiot.elf.dir/Drivers/STM32F1xx_HAL_Driver/Src/stm32f1xx_hal_tim.c.obj
                0x080021ec                HAL_TIM_IRQHandler
 *fill*         0x08002366        0x2 
 .text.TIM_Base_SetConfig
                0x08002368       0x98 CMakeFiles/nbiot.elf.dir/Drivers/STM32F1xx_HAL_Driver/Src/stm32f1xx_hal_tim.c.obj
                0x08002368                TIM_Base_SetConfig
 .text.HAL_TIM_Base_Init
                0x08002400       0x58 CMakeFiles/nbiot.elf.dir/Drivers/STM32F1xx_HAL_Driver/Src/stm32f1xx_hal_tim.c.obj
                0x08002400                HAL_TIM_Base_Init
 .text.TIM_ETR_SetConfig
                0x08002458       0x18 CMakeFiles/nbiot.elf.dir/Drivers/STM32F1xx_HAL_Driver/Src/stm32f1xx_hal_tim.c.obj
                0x08002458                TIM_ETR_SetConfig
 .text.HAL_TIM_ConfigClockSource
                0x08002470       0xfe CMakeFiles/nbiot.elf.dir/Drivers/STM32F1xx_HAL_Driver/Src/stm32f1xx_hal_tim.c.obj
                0x08002470                HAL_TIM_ConfigClockSource
 *fill*         0x0800256e        0x2 
 .text.HAL_TIMEx_MasterConfigSynchronization
                0x08002570       0x7c CMakeFiles/nbiot.elf.dir/Drivers/STM32F1xx_HAL_Driver/Src/stm32f1xx_hal_tim_ex.c.obj
                0x08002570                HAL_TIMEx_MasterConfigSynchronization
 .text.HAL_TIMEx_CommutCallback
                0x080025ec        0x2 CMakeFiles/nbiot.elf.dir/Drivers/STM32F1xx_HAL_Driver/Src/stm32f1xx_hal_tim_ex.c.obj
                0x080025ec                HAL_TIMEx_CommutCallback
 .text.HAL_TIMEx_BreakCallback
                0x080025ee        0x2 CMakeFiles/nbiot.elf.dir/Drivers/STM32F1xx_HAL_Driver/Src/stm32f1xx_hal_tim_ex.c.obj
                0x080025ee                HAL_TIMEx_BreakCallback
 .text.UART_EndRxTransfer
                0x080025f0       0x5c CMakeFiles/nbiot.elf.dir/Drivers/STM32F1xx_HAL_Driver/Src/stm32f1xx_hal_uart.c.obj
 .text.UART_Transmit_IT
                0x0800264c       0x60 CMakeFiles/nbiot.elf.dir/Drivers/STM32F1xx_HAL_Driver/Src/stm32f1xx_hal_uart.c.obj
 .text.UART_SetConfig
                0x080026ac       0x94 CMakeFiles/nbiot.elf.dir/Drivers/STM32F1xx_HAL_Driver/Src/stm32f1xx_hal_uart.c.obj
 .text.HAL_UART_Init
                0x08002740       0x60 CMakeFiles/nbiot.elf.dir/Drivers/STM32F1xx_HAL_Driver/Src/stm32f1xx_hal_uart.c.obj
                0x08002740                HAL_UART_Init
 .text.HAL_UART_Transmit_IT
                0x080027a0       0x38 CMakeFiles/nbiot.elf.dir/Drivers/STM32F1xx_HAL_Driver/Src/stm32f1xx_hal_uart.c.obj
                0x080027a0                HAL_UART_Transmit_IT
 .text.HAL_UART_TxCpltCallback
                0x080027d8        0x2 CMakeFiles/nbiot.elf.dir/Drivers/STM32F1xx_HAL_Driver/Src/stm32f1xx_hal_uart.c.obj
                0x080027d8                HAL_UART_TxCpltCallback
 .text.UART_EndTransmit_IT
                0x080027da       0x1a CMakeFiles/nbiot.elf.dir/Drivers/STM32F1xx_HAL_Driver/Src/stm32f1xx_hal_uart.c.obj
 .text.HAL_UART_ErrorCallback
                0x080027f4        0x2 CMakeFiles/nbiot.elf.dir/Drivers/STM32F1xx_HAL_Driver/Src/stm32f1xx_hal_uart.c.obj
                0x080027f4                HAL_UART_ErrorCallback
 .text.UART_DMAAbortOnError
                0x080027f6       0x10 CMakeFiles/nbiot.elf.dir/Drivers/STM32F1xx_HAL_Driver/Src/stm32f1xx_hal_uart.c.obj
 .text.HAL_UARTEx_RxEventCallback
                0x08002806        0x2 CMakeFiles/nbiot.elf.dir/Drivers/STM32F1xx_HAL_Driver/Src/stm32f1xx_hal_uart.c.obj
                0x08002806                HAL_UARTEx_RxEventCallback
 .text.UART_Receive_IT
                0x08002808       0xe6 CMakeFiles/nbiot.elf.dir/Drivers/STM32F1xx_HAL_Driver/Src/stm32f1xx_hal_uart.c.obj
 *fill*         0x080028ee        0x2 
 .text.HAL_UART_IRQHandler
                0x080028f0      0x288 CMakeFiles/nbiot.elf.dir/Drivers/STM32F1xx_HAL_Driver/Src/stm32f1xx_hal_uart.c.obj
                0x080028f0                HAL_UART_IRQHandler
 .text.UART_Start_Receive_IT
                0x08002b78       0x36 CMakeFiles/nbiot.elf.dir/Drivers/STM32F1xx_HAL_Driver/Src/stm32f1xx_hal_uart.c.obj
                0x08002b78                UART_Start_Receive_IT
 .text.HAL_UART_Receive_IT
                0x08002bae       0x26 CMakeFiles/nbiot.elf.dir/Drivers/STM32F1xx_HAL_Driver/Src/stm32f1xx_hal_uart.c.obj
                0x08002bae                HAL_UART_Receive_IT
 .text.__errno  0x08002bd4        0xc c:/progra~1/gnu-to~1/bin/../lib/gcc/arm-none-eabi/10.3.1/../../../../arm-none-eabi/lib/thumb/v7-m/nofp\libg.a(lib_a-errno.o)
                0x08002bd4                __errno
 .text.__libc_init_array
                0x08002be0       0x48 c:/progra~1/gnu-to~1/bin/../lib/gcc/arm-none-eabi/10.3.1/../../../../arm-none-eabi/lib/thumb/v7-m/nofp\libg.a(lib_a-init.o)
                0x08002be0                __libc_init_array
 .text.memset   0x08002c28       0xa4 c:/progra~1/gnu-to~1/bin/../lib/gcc/arm-none-eabi/10.3.1/../../../../arm-none-eabi/lib/thumb/v7-m/nofp\libg.a(lib_a-memset.o)
                0x08002c28                memset
 .text.printf   0x08002ccc       0x28 c:/progra~1/gnu-to~1/bin/../lib/gcc/arm-none-eabi/10.3.1/../../../../arm-none-eabi/lib/thumb/v7-m/nofp\libg.a(lib_a-printf.o)
                0x08002ccc                printf
 .text._vfprintf_r
                0x08002cf4     0x1b58 c:/progra~1/gnu-to~1/bin/../lib/gcc/arm-none-eabi/10.3.1/../../../../arm-none-eabi/lib/thumb/v7-m/nofp\libg.a(lib_a-vfprintf.o)
                0x08002cf4                _vfprintf_r
 .text.__sbprintf
                0x0800484c       0x84 c:/progra~1/gnu-to~1/bin/../lib/gcc/arm-none-eabi/10.3.1/../../../../arm-none-eabi/lib/thumb/v7-m/nofp\libg.a(lib_a-vfprintf.o)
 .text.__swsetup_r
                0x080048d0       0xd4 c:/progra~1/gnu-to~1/bin/../lib/gcc/arm-none-eabi/10.3.1/../../../../arm-none-eabi/lib/thumb/v7-m/nofp\libg.a(lib_a-wsetup.o)
                0x080048d0                __swsetup_r
 .text.startup.register_fini
                0x080049a4       0x14 c:/progra~1/gnu-to~1/bin/../lib/gcc/arm-none-eabi/10.3.1/../../../../arm-none-eabi/lib/thumb/v7-m/nofp\libg.a(lib_a-__call_atexit.o)
 .text.atexit   0x080049b8        0xc c:/progra~1/gnu-to~1/bin/../lib/gcc/arm-none-eabi/10.3.1/../../../../arm-none-eabi/lib/thumb/v7-m/nofp\libg.a(lib_a-atexit.o)
                0x080049b8                atexit
 .text.quorem   0x080049c4      0x12c c:/progra~1/gnu-to~1/bin/../lib/gcc/arm-none-eabi/10.3.1/../../../../arm-none-eabi/lib/thumb/v7-m/nofp\libg.a(lib_a-dtoa.o)
 .text._dtoa_r  0x08004af0      0xecc c:/progra~1/gnu-to~1/bin/../lib/gcc/arm-none-eabi/10.3.1/../../../../arm-none-eabi/lib/thumb/v7-m/nofp\libg.a(lib_a-dtoa.o)
                0x08004af0                _dtoa_r
 .text.__sflush_r
                0x080059bc      0x124 c:/progra~1/gnu-to~1/bin/../lib/gcc/arm-none-eabi/10.3.1/../../../../arm-none-eabi/lib/thumb/v7-m/nofp\libg.a(lib_a-fflush.o)
                0x080059bc                __sflush_r
 .text._fflush_r
                0x08005ae0       0x5c c:/progra~1/gnu-to~1/bin/../lib/gcc/arm-none-eabi/10.3.1/../../../../arm-none-eabi/lib/thumb/v7-m/nofp\libg.a(lib_a-fflush.o)
                0x08005ae0                _fflush_r
 .text._cleanup_r
                0x08005b3c        0xc c:/progra~1/gnu-to~1/bin/../lib/gcc/arm-none-eabi/10.3.1/../../../../arm-none-eabi/lib/thumb/v7-m/nofp\libg.a(lib_a-findfp.o)
                0x08005b3c                _cleanup_r
 .text.__sinit  0x08005b48      0x10c c:/progra~1/gnu-to~1/bin/../lib/gcc/arm-none-eabi/10.3.1/../../../../arm-none-eabi/lib/thumb/v7-m/nofp\libg.a(lib_a-findfp.o)
                0x08005b48                __sinit
 .text.__sfp_lock_acquire
                0x08005c54        0xc c:/progra~1/gnu-to~1/bin/../lib/gcc/arm-none-eabi/10.3.1/../../../../arm-none-eabi/lib/thumb/v7-m/nofp\libg.a(lib_a-findfp.o)
                0x08005c54                __sfp_lock_acquire
 .text.__sfp_lock_release
                0x08005c60        0xc c:/progra~1/gnu-to~1/bin/../lib/gcc/arm-none-eabi/10.3.1/../../../../arm-none-eabi/lib/thumb/v7-m/nofp\libg.a(lib_a-findfp.o)
                0x08005c60                __sfp_lock_release
 .text.__libc_fini_array
                0x08005c6c       0x2c c:/progra~1/gnu-to~1/bin/../lib/gcc/arm-none-eabi/10.3.1/../../../../arm-none-eabi/lib/thumb/v7-m/nofp\libg.a(lib_a-fini.o)
                0x08005c6c                __libc_fini_array
 .text._malloc_trim_r
                0x08005c98       0xa0 c:/progra~1/gnu-to~1/bin/../lib/gcc/arm-none-eabi/10.3.1/../../../../arm-none-eabi/lib/thumb/v7-m/nofp\libg.a(lib_a-freer.o)
                0x08005c98                _malloc_trim_r
 .text._free_r  0x08005d38      0x200 c:/progra~1/gnu-to~1/bin/../lib/gcc/arm-none-eabi/10.3.1/../../../../arm-none-eabi/lib/thumb/v7-m/nofp\libg.a(lib_a-freer.o)
                0x08005d38                _free_r
 .text._fwalk_reent
                0x08005f38       0x48 c:/progra~1/gnu-to~1/bin/../lib/gcc/arm-none-eabi/10.3.1/../../../../arm-none-eabi/lib/thumb/v7-m/nofp\libg.a(lib_a-fwalk.o)
                0x08005f38                _fwalk_reent
 .text._localeconv_r
                0x08005f80        0x8 c:/progra~1/gnu-to~1/bin/../lib/gcc/arm-none-eabi/10.3.1/../../../../arm-none-eabi/lib/thumb/v7-m/nofp\libg.a(lib_a-localeconv.o)
                0x08005f80                _localeconv_r
 .text.__retarget_lock_init_recursive
                0x08005f88        0x4 c:/progra~1/gnu-to~1/bin/../lib/gcc/arm-none-eabi/10.3.1/../../../../arm-none-eabi/lib/thumb/v7-m/nofp\libg.a(lib_a-lock.o)
                0x08005f88                __retarget_lock_init_recursive
 .text.__retarget_lock_close_recursive
                0x08005f8c        0x4 c:/progra~1/gnu-to~1/bin/../lib/gcc/arm-none-eabi/10.3.1/../../../../arm-none-eabi/lib/thumb/v7-m/nofp\libg.a(lib_a-lock.o)
                0x08005f8c                __retarget_lock_close_recursive
 .text.__retarget_lock_acquire_recursive
                0x08005f90        0x4 c:/progra~1/gnu-to~1/bin/../lib/gcc/arm-none-eabi/10.3.1/../../../../arm-none-eabi/lib/thumb/v7-m/nofp\libg.a(lib_a-lock.o)
                0x08005f90                __retarget_lock_acquire_recursive
 .text.__retarget_lock_release_recursive
                0x08005f94        0x4 c:/progra~1/gnu-to~1/bin/../lib/gcc/arm-none-eabi/10.3.1/../../../../arm-none-eabi/lib/thumb/v7-m/nofp\libg.a(lib_a-lock.o)
                0x08005f94                __retarget_lock_release_recursive
 .text.__smakebuf_r
                0x08005f98       0xe0 c:/progra~1/gnu-to~1/bin/../lib/gcc/arm-none-eabi/10.3.1/../../../../arm-none-eabi/lib/thumb/v7-m/nofp\libg.a(lib_a-makebuf.o)
                0x08005f98                __smakebuf_r
 .text._malloc_r
                0x08006078      0x558 c:/progra~1/gnu-to~1/bin/../lib/gcc/arm-none-eabi/10.3.1/../../../../arm-none-eabi/lib/thumb/v7-m/nofp\libg.a(lib_a-mallocr.o)
                0x08006078                _malloc_r
 .text.memchr   0x080065d0       0x90 c:/progra~1/gnu-to~1/bin/../lib/gcc/arm-none-eabi/10.3.1/../../../../arm-none-eabi/lib/thumb/v7-m/nofp\libg.a(lib_a-memchr-stub.o)
                0x080065d0                memchr
 .text.__malloc_lock
                0x08006660        0xc c:/progra~1/gnu-to~1/bin/../lib/gcc/arm-none-eabi/10.3.1/../../../../arm-none-eabi/lib/thumb/v7-m/nofp\libg.a(lib_a-mlock.o)
                0x08006660                __malloc_lock
 .text.__malloc_unlock
                0x0800666c        0xc c:/progra~1/gnu-to~1/bin/../lib/gcc/arm-none-eabi/10.3.1/../../../../arm-none-eabi/lib/thumb/v7-m/nofp\libg.a(lib_a-mlock.o)
                0x0800666c                __malloc_unlock
 .text._Balloc  0x08006678       0x4c c:/progra~1/gnu-to~1/bin/../lib/gcc/arm-none-eabi/10.3.1/../../../../arm-none-eabi/lib/thumb/v7-m/nofp\libg.a(lib_a-mprec.o)
                0x08006678                _Balloc
 .text._Bfree   0x080066c4       0x14 c:/progra~1/gnu-to~1/bin/../lib/gcc/arm-none-eabi/10.3.1/../../../../arm-none-eabi/lib/thumb/v7-m/nofp\libg.a(lib_a-mprec.o)
                0x080066c4                _Bfree
 .text.__multadd
                0x080066d8       0xa4 c:/progra~1/gnu-to~1/bin/../lib/gcc/arm-none-eabi/10.3.1/../../../../arm-none-eabi/lib/thumb/v7-m/nofp\libg.a(lib_a-mprec.o)
                0x080066d8                __multadd
 .text.__hi0bits
                0x0800677c       0x40 c:/progra~1/gnu-to~1/bin/../lib/gcc/arm-none-eabi/10.3.1/../../../../arm-none-eabi/lib/thumb/v7-m/nofp\libg.a(lib_a-mprec.o)
                0x0800677c                __hi0bits
 .text.__lo0bits
                0x080067bc       0x58 c:/progra~1/gnu-to~1/bin/../lib/gcc/arm-none-eabi/10.3.1/../../../../arm-none-eabi/lib/thumb/v7-m/nofp\libg.a(lib_a-mprec.o)
                0x080067bc                __lo0bits
 .text.__i2b    0x08006814       0x5c c:/progra~1/gnu-to~1/bin/../lib/gcc/arm-none-eabi/10.3.1/../../../../arm-none-eabi/lib/thumb/v7-m/nofp\libg.a(lib_a-mprec.o)
                0x08006814                __i2b
 .text.__multiply
                0x08006870      0x15c c:/progra~1/gnu-to~1/bin/../lib/gcc/arm-none-eabi/10.3.1/../../../../arm-none-eabi/lib/thumb/v7-m/nofp\libg.a(lib_a-mprec.o)
                0x08006870                __multiply
 .text.__pow5mult
                0x080069cc       0xb8 c:/progra~1/gnu-to~1/bin/../lib/gcc/arm-none-eabi/10.3.1/../../../../arm-none-eabi/lib/thumb/v7-m/nofp\libg.a(lib_a-mprec.o)
                0x080069cc                __pow5mult
 .text.__lshift
                0x08006a84       0xec c:/progra~1/gnu-to~1/bin/../lib/gcc/arm-none-eabi/10.3.1/../../../../arm-none-eabi/lib/thumb/v7-m/nofp\libg.a(lib_a-mprec.o)
                0x08006a84                __lshift
 .text.__mcmp   0x08006b70       0x40 c:/progra~1/gnu-to~1/bin/../lib/gcc/arm-none-eabi/10.3.1/../../../../arm-none-eabi/lib/thumb/v7-m/nofp\libg.a(lib_a-mprec.o)
                0x08006b70                __mcmp
 .text.__mdiff  0x08006bb0      0x14c c:/progra~1/gnu-to~1/bin/../lib/gcc/arm-none-eabi/10.3.1/../../../../arm-none-eabi/lib/thumb/v7-m/nofp\libg.a(lib_a-mprec.o)
                0x08006bb0                __mdiff
 .text.__d2b    0x08006cfc       0xc4 c:/progra~1/gnu-to~1/bin/../lib/gcc/arm-none-eabi/10.3.1/../../../../arm-none-eabi/lib/thumb/v7-m/nofp\libg.a(lib_a-mprec.o)
                0x08006cfc                __d2b
 .text.frexp    0x08006dc0       0x70 c:/progra~1/gnu-to~1/bin/../lib/gcc/arm-none-eabi/10.3.1/../../../../arm-none-eabi/lib/thumb/v7-m/nofp\libg.a(lib_a-s_frexp.o)
                0x08006dc0                frexp
 .text._sbrk_r  0x08006e30       0x24 c:/progra~1/gnu-to~1/bin/../lib/gcc/arm-none-eabi/10.3.1/../../../../arm-none-eabi/lib/thumb/v7-m/nofp\libg.a(lib_a-sbrkr.o)
                0x08006e30                _sbrk_r
 .text.__sread  0x08006e54       0x24 c:/progra~1/gnu-to~1/bin/../lib/gcc/arm-none-eabi/10.3.1/../../../../arm-none-eabi/lib/thumb/v7-m/nofp\libg.a(lib_a-stdio.o)
                0x08006e54                __sread
 .text.__swrite
                0x08006e78       0x40 c:/progra~1/gnu-to~1/bin/../lib/gcc/arm-none-eabi/10.3.1/../../../../arm-none-eabi/lib/thumb/v7-m/nofp\libg.a(lib_a-stdio.o)
                0x08006e78                __swrite
 .text.__sseek  0x08006eb8       0x20 c:/progra~1/gnu-to~1/bin/../lib/gcc/arm-none-eabi/10.3.1/../../../../arm-none-eabi/lib/thumb/v7-m/nofp\libg.a(lib_a-stdio.o)
                0x08006eb8                __sseek
 .text.__sclose
                0x08006ed8        0x8 c:/progra~1/gnu-to~1/bin/../lib/gcc/arm-none-eabi/10.3.1/../../../../arm-none-eabi/lib/thumb/v7-m/nofp\libg.a(lib_a-stdio.o)
                0x08006ed8                __sclose
 .text.strlen   0x08006ee0       0x5c c:/progra~1/gnu-to~1/bin/../lib/gcc/arm-none-eabi/10.3.1/../../../../arm-none-eabi/lib/thumb/v7-m/nofp\libg.a(lib_a-strlen-stub.o)
                0x08006ee0                strlen
 .text.strncpy  0x08006f3c       0x68 c:/progra~1/gnu-to~1/bin/../lib/gcc/arm-none-eabi/10.3.1/../../../../arm-none-eabi/lib/thumb/v7-m/nofp\libg.a(lib_a-strncpy.o)
                0x08006f3c                strncpy
 .text.__sprint_r.part.0
                0x08006fa4       0x78 c:/progra~1/gnu-to~1/bin/../lib/gcc/arm-none-eabi/10.3.1/../../../../arm-none-eabi/lib/thumb/v7-m/nofp\libg.a(lib_a-vfiprintf.o)
 .text.__sprint_r
                0x0800701c       0x14 c:/progra~1/gnu-to~1/bin/../lib/gcc/arm-none-eabi/10.3.1/../../../../arm-none-eabi/lib/thumb/v7-m/nofp\libg.a(lib_a-vfiprintf.o)
                0x0800701c                __sprint_r
 .text._vfiprintf_r
                0x08007030      0xd98 c:/progra~1/gnu-to~1/bin/../lib/gcc/arm-none-eabi/10.3.1/../../../../arm-none-eabi/lib/thumb/v7-m/nofp\libg.a(lib_a-vfiprintf.o)
                0x08007030                _vfiprintf_r
 .text.__sbprintf
                0x08007dc8       0x84 c:/progra~1/gnu-to~1/bin/../lib/gcc/arm-none-eabi/10.3.1/../../../../arm-none-eabi/lib/thumb/v7-m/nofp\libg.a(lib_a-vfiprintf.o)
 .text._write_r
                0x08007e4c       0x2c c:/progra~1/gnu-to~1/bin/../lib/gcc/arm-none-eabi/10.3.1/../../../../arm-none-eabi/lib/thumb/v7-m/nofp\libg.a(lib_a-writer.o)
                0x08007e4c                _write_r
 .text.__register_exitproc
                0x08007e78       0x8c c:/progra~1/gnu-to~1/bin/../lib/gcc/arm-none-eabi/10.3.1/../../../../arm-none-eabi/lib/thumb/v7-m/nofp\libg.a(lib_a-__atexit.o)
                0x08007e78                __register_exitproc
 .text.__assert_func
                0x08007f04       0x40 c:/progra~1/gnu-to~1/bin/../lib/gcc/arm-none-eabi/10.3.1/../../../../arm-none-eabi/lib/thumb/v7-m/nofp\libg.a(lib_a-assert.o)
                0x08007f04                __assert_func
 .text._calloc_r
                0x08007f44       0x78 c:/progra~1/gnu-to~1/bin/../lib/gcc/arm-none-eabi/10.3.1/../../../../arm-none-eabi/lib/thumb/v7-m/nofp\libg.a(lib_a-callocr.o)
                0x08007f44                _calloc_r
 .text._close_r
                0x08007fbc       0x24 c:/progra~1/gnu-to~1/bin/../lib/gcc/arm-none-eabi/10.3.1/../../../../arm-none-eabi/lib/thumb/v7-m/nofp\libg.a(lib_a-closer.o)
                0x08007fbc                _close_r
 .text._fclose_r
                0x08007fe0       0xcc c:/progra~1/gnu-to~1/bin/../lib/gcc/arm-none-eabi/10.3.1/../../../../arm-none-eabi/lib/thumb/v7-m/nofp\libg.a(lib_a-fclose.o)
                0x08007fe0                _fclose_r
 .text.fiprintf
                0x080080ac       0x28 c:/progra~1/gnu-to~1/bin/../lib/gcc/arm-none-eabi/10.3.1/../../../../arm-none-eabi/lib/thumb/v7-m/nofp\libg.a(lib_a-fiprintf.o)
                0x080080ac                fiprintf
 .text.__fputwc
                0x080080d4       0xa0 c:/progra~1/gnu-to~1/bin/../lib/gcc/arm-none-eabi/10.3.1/../../../../arm-none-eabi/lib/thumb/v7-m/nofp\libg.a(lib_a-fputwc.o)
                0x080080d4                __fputwc
 .text._fputwc_r
                0x08008174       0x68 c:/progra~1/gnu-to~1/bin/../lib/gcc/arm-none-eabi/10.3.1/../../../../arm-none-eabi/lib/thumb/v7-m/nofp\libg.a(lib_a-fputwc.o)
                0x08008174                _fputwc_r
 .text._fstat_r
                0x080081dc       0x28 c:/progra~1/gnu-to~1/bin/../lib/gcc/arm-none-eabi/10.3.1/../../../../arm-none-eabi/lib/thumb/v7-m/nofp\libg.a(lib_a-fstatr.o)
                0x080081dc                _fstat_r
 .text.__sfvwrite_r
                0x08008204      0x2f0 c:/progra~1/gnu-to~1/bin/../lib/gcc/arm-none-eabi/10.3.1/../../../../arm-none-eabi/lib/thumb/v7-m/nofp\libg.a(lib_a-fvwrite.o)
                0x08008204                __sfvwrite_r
 .text._isatty_r
                0x080084f4       0x24 c:/progra~1/gnu-to~1/bin/../lib/gcc/arm-none-eabi/10.3.1/../../../../arm-none-eabi/lib/thumb/v7-m/nofp\libg.a(lib_a-isattyr.o)
                0x080084f4                _isatty_r
 .text.__locale_mb_cur_max
                0x08008518        0xc c:/progra~1/gnu-to~1/bin/../lib/gcc/arm-none-eabi/10.3.1/../../../../arm-none-eabi/lib/thumb/v7-m/nofp\libg.a(lib_a-locale.o)
                0x08008518                __locale_mb_cur_max
 .text._lseek_r
                0x08008524       0x2c c:/progra~1/gnu-to~1/bin/../lib/gcc/arm-none-eabi/10.3.1/../../../../arm-none-eabi/lib/thumb/v7-m/nofp\libg.a(lib_a-lseekr.o)
                0x08008524                _lseek_r
 .text.__ascii_mbtowc
                0x08008550       0x2c c:/progra~1/gnu-to~1/bin/../lib/gcc/arm-none-eabi/10.3.1/../../../../arm-none-eabi/lib/thumb/v7-m/nofp\libg.a(lib_a-mbtowc_r.o)
                0x08008550                __ascii_mbtowc
 .text.memmove  0x0800857c       0xf8 c:/progra~1/gnu-to~1/bin/../lib/gcc/arm-none-eabi/10.3.1/../../../../arm-none-eabi/lib/thumb/v7-m/nofp\libg.a(lib_a-memmove.o)
                0x0800857c                memmove
 .text._read_r  0x08008674       0x2c c:/progra~1/gnu-to~1/bin/../lib/gcc/arm-none-eabi/10.3.1/../../../../arm-none-eabi/lib/thumb/v7-m/nofp\libg.a(lib_a-readr.o)
                0x08008674                _read_r
 .text._realloc_r
                0x080086a0      0x3dc c:/progra~1/gnu-to~1/bin/../lib/gcc/arm-none-eabi/10.3.1/../../../../arm-none-eabi/lib/thumb/v7-m/nofp\libg.a(lib_a-reallocr.o)
                0x080086a0                _realloc_r
 .text.__swbuf_r
                0x08008a7c       0xb0 c:/progra~1/gnu-to~1/bin/../lib/gcc/arm-none-eabi/10.3.1/../../../../arm-none-eabi/lib/thumb/v7-m/nofp\libg.a(lib_a-wbuf.o)
                0x08008a7c                __swbuf_r
 .text._wcrtomb_r
                0x08008b2c       0x3c c:/progra~1/gnu-to~1/bin/../lib/gcc/arm-none-eabi/10.3.1/../../../../arm-none-eabi/lib/thumb/v7-m/nofp\libg.a(lib_a-wcrtomb.o)
                0x08008b2c                _wcrtomb_r
 .text.__ascii_wctomb
                0x08008b68       0x1c c:/progra~1/gnu-to~1/bin/../lib/gcc/arm-none-eabi/10.3.1/../../../../arm-none-eabi/lib/thumb/v7-m/nofp\libg.a(lib_a-wctomb_r.o)
                0x08008b68                __ascii_wctomb
 .text.abort    0x08008b84       0x10 c:/progra~1/gnu-to~1/bin/../lib/gcc/arm-none-eabi/10.3.1/../../../../arm-none-eabi/lib/thumb/v7-m/nofp\libg.a(lib_a-abort.o)
                0x08008b84                abort
 .text.raise    0x08008b94       0x5c c:/progra~1/gnu-to~1/bin/../lib/gcc/arm-none-eabi/10.3.1/../../../../arm-none-eabi/lib/thumb/v7-m/nofp\libg.a(lib_a-signal.o)
                0x08008b94                raise
 .text._kill_r  0x08008bf0       0x28 c:/progra~1/gnu-to~1/bin/../lib/gcc/arm-none-eabi/10.3.1/../../../../arm-none-eabi/lib/thumb/v7-m/nofp\libg.a(lib_a-signalr.o)
                0x08008bf0                _kill_r
 .text._getpid_r
                0x08008c18        0x4 c:/progra~1/gnu-to~1/bin/../lib/gcc/arm-none-eabi/10.3.1/../../../../arm-none-eabi/lib/thumb/v7-m/nofp\libg.a(lib_a-signalr.o)
                0x08008c18                _getpid_r
 *(.glue_7)
 .glue_7        0x08008c1c        0x0 linker stubs
 *(.glue_7t)
 .glue_7t       0x08008c1c        0x0 linker stubs
 *(.eh_frame)
 .eh_frame      0x08008c1c        0x0 c:/progra~1/gnu-to~1/bin/../lib/gcc/arm-none-eabi/10.3.1/thumb/v7-m/nofp/crtbegin.o
 *(.init)
 .init          0x08008c1c        0x4 c:/progra~1/gnu-to~1/bin/../lib/gcc/arm-none-eabi/10.3.1/thumb/v7-m/nofp/crti.o
                0x08008c1c                _init
 .init          0x08008c20        0x8 c:/progra~1/gnu-to~1/bin/../lib/gcc/arm-none-eabi/10.3.1/thumb/v7-m/nofp/crtn.o
 *(.fini)
 .fini          0x08008c28        0x4 c:/progra~1/gnu-to~1/bin/../lib/gcc/arm-none-eabi/10.3.1/thumb/v7-m/nofp/crti.o
                0x08008c28                _fini
 .fini          0x08008c2c        0x8 c:/progra~1/gnu-to~1/bin/../lib/gcc/arm-none-eabi/10.3.1/thumb/v7-m/nofp/crtn.o
                0x08008c34                . = ALIGN (0x4)
                0x08008c34                _etext = .

.vfp11_veneer   0x08008c34        0x0
 .vfp11_veneer  0x08008c34        0x0 linker stubs

.v4_bx          0x08008c34        0x0
 .v4_bx         0x08008c34        0x0 linker stubs

.iplt           0x08008c34        0x0
 .iplt          0x08008c34        0x0 c:/progra~1/gnu-to~1/bin/../lib/gcc/arm-none-eabi/10.3.1/thumb/v7-m/nofp/crtbegin.o

.rodata         0x08008c38      0x448
                0x08008c38                . = ALIGN (0x4)
 *(.rodata)
 *(.rodata*)
 .rodata.main.str1.4
                0x08008c38       0x1b CMakeFiles/nbiot.elf.dir/Core/Src/main.c.obj
 *fill*         0x08008c53        0x1 
 .rodata.AHBPrescTable
                0x08008c54       0x10 CMakeFiles/nbiot.elf.dir/Core/Src/system_stm32f1xx.c.obj
                0x08008c54                AHBPrescTable
 .rodata.APBPrescTable
                0x08008c64        0x8 CMakeFiles/nbiot.elf.dir/Core/Src/system_stm32f1xx.c.obj
                0x08008c64                APBPrescTable
 .rodata.aPLLMULFactorTable.1
                0x08008c6c       0x10 CMakeFiles/nbiot.elf.dir/Drivers/STM32F1xx_HAL_Driver/Src/stm32f1xx_hal_rcc.c.obj
 .rodata.aPredivFactorTable.0
                0x08008c7c        0x2 CMakeFiles/nbiot.elf.dir/Drivers/STM32F1xx_HAL_Driver/Src/stm32f1xx_hal_rcc.c.obj
 *fill*         0x08008c7e        0x2 
 .rodata._global_impure_ptr
                0x08008c80        0x4 c:/progra~1/gnu-to~1/bin/../lib/gcc/arm-none-eabi/10.3.1/../../../../arm-none-eabi/lib/thumb/v7-m/nofp\libg.a(lib_a-impure.o)
                0x08008c80                _global_impure_ptr
 .rodata._vfprintf_r.str1.4
                0x08008c84       0x42 c:/progra~1/gnu-to~1/bin/../lib/gcc/arm-none-eabi/10.3.1/../../../../arm-none-eabi/lib/thumb/v7-m/nofp\libg.a(lib_a-vfprintf.o)
 *fill*         0x08008cc6        0x2 
 .rodata.blanks.1
                0x08008cc8       0x10 c:/progra~1/gnu-to~1/bin/../lib/gcc/arm-none-eabi/10.3.1/../../../../arm-none-eabi/lib/thumb/v7-m/nofp\libg.a(lib_a-vfprintf.o)
 .rodata.zeroes.0
                0x08008cd8       0x10 c:/progra~1/gnu-to~1/bin/../lib/gcc/arm-none-eabi/10.3.1/../../../../arm-none-eabi/lib/thumb/v7-m/nofp\libg.a(lib_a-vfprintf.o)
 .rodata._dtoa_r.str1.4
                0x08008ce8       0xa2 c:/progra~1/gnu-to~1/bin/../lib/gcc/arm-none-eabi/10.3.1/../../../../arm-none-eabi/lib/thumb/v7-m/nofp\libg.a(lib_a-dtoa.o)
                                 0xa6 (size before relaxing)
 *fill*         0x08008d8a        0x2 
 .rodata.__multadd.str1.4
                0x08008d8c       0x7f c:/progra~1/gnu-to~1/bin/../lib/gcc/arm-none-eabi/10.3.1/../../../../arm-none-eabi/lib/thumb/v7-m/nofp\libg.a(lib_a-mprec.o)
                                 0x93 (size before relaxing)
 *fill*         0x08008e0b        0x5 
 .rodata.__mprec_bigtens
                0x08008e10       0x28 c:/progra~1/gnu-to~1/bin/../lib/gcc/arm-none-eabi/10.3.1/../../../../arm-none-eabi/lib/thumb/v7-m/nofp\libg.a(lib_a-mprec.o)
                0x08008e10                __mprec_bigtens
 .rodata.__mprec_tens
                0x08008e38       0xc8 c:/progra~1/gnu-to~1/bin/../lib/gcc/arm-none-eabi/10.3.1/../../../../arm-none-eabi/lib/thumb/v7-m/nofp\libg.a(lib_a-mprec.o)
                0x08008e38                __mprec_tens
 .rodata.p05.0  0x08008f00        0xc c:/progra~1/gnu-to~1/bin/../lib/gcc/arm-none-eabi/10.3.1/../../../../arm-none-eabi/lib/thumb/v7-m/nofp\libg.a(lib_a-mprec.o)
 .rodata._vfiprintf_r.str1.4
                0x08008f0c       0x2f c:/progra~1/gnu-to~1/bin/../lib/gcc/arm-none-eabi/10.3.1/../../../../arm-none-eabi/lib/thumb/v7-m/nofp\libg.a(lib_a-vfiprintf.o)
 .rodata.blanks.1
                0x08008f0c       0x10 c:/progra~1/gnu-to~1/bin/../lib/gcc/arm-none-eabi/10.3.1/../../../../arm-none-eabi/lib/thumb/v7-m/nofp\libg.a(lib_a-vfiprintf.o)
 .rodata.zeroes.0
                0x08008f1c       0x10 c:/progra~1/gnu-to~1/bin/../lib/gcc/arm-none-eabi/10.3.1/../../../../arm-none-eabi/lib/thumb/v7-m/nofp\libg.a(lib_a-vfiprintf.o)
 .rodata.__assert_func.str1.4
                0x08008f2c       0x3f c:/progra~1/gnu-to~1/bin/../lib/gcc/arm-none-eabi/10.3.1/../../../../arm-none-eabi/lib/thumb/v7-m/nofp\libg.a(lib_a-assert.o)
                                 0x43 (size before relaxing)
 *fill*         0x08008f6b        0x1 
 .rodata._setlocale_r.str1.4
                0x08008f6c        0xa c:/progra~1/gnu-to~1/bin/../lib/gcc/arm-none-eabi/10.3.1/../../../../arm-none-eabi/lib/thumb/v7-m/nofp\libg.a(lib_a-locale.o)
                                  0xd (size before relaxing)
 *fill*         0x08008f76        0x2 
 .rodata.str1.4
                0x08008f78        0x2 c:/progra~1/gnu-to~1/bin/../lib/gcc/arm-none-eabi/10.3.1/../../../../arm-none-eabi/lib/thumb/v7-m/nofp\libg.a(lib_a-locale.o)
 *fill*         0x08008f7a        0x2 
 .rodata._ctype_
                0x08008f7c      0x101 c:/progra~1/gnu-to~1/bin/../lib/gcc/arm-none-eabi/10.3.1/../../../../arm-none-eabi/lib/thumb/v7-m/nofp\libg.a(lib_a-ctype_.o)
                0x08008f7c                _ctype_
                0x08009080                . = ALIGN (0x4)
 *fill*         0x0800907d        0x3 

.ARM.extab      0x08009080        0x0
                0x08009080                . = ALIGN (0x4)
 *(.ARM.extab* .gnu.linkonce.armextab.*)
                0x08009080                . = ALIGN (0x4)

.ARM            0x08009080        0x8
                0x08009080                . = ALIGN (0x4)
                0x08009080                __exidx_start = .
 *(.ARM.exidx*)
 .ARM.exidx     0x08009080        0x8 c:/progra~1/gnu-to~1/bin/../lib/gcc/arm-none-eabi/10.3.1/thumb/v7-m/nofp\libgcc.a(_udivmoddi4.o)
                0x08009088                __exidx_end = .
                0x08009088                . = ALIGN (0x4)

.rel.dyn        0x08009088        0x0
 .rel.iplt      0x08009088        0x0 c:/progra~1/gnu-to~1/bin/../lib/gcc/arm-none-eabi/10.3.1/thumb/v7-m/nofp/crtbegin.o

.preinit_array  0x08009088        0x0
                0x08009088                . = ALIGN (0x4)
                0x08009088                PROVIDE (__preinit_array_start = .)
 *(.preinit_array*)
                0x08009088                PROVIDE (__preinit_array_end = .)
                0x08009088                . = ALIGN (0x4)

.init_array     0x08009088        0x8
                0x08009088                . = ALIGN (0x4)
                0x08009088                PROVIDE (__init_array_start = .)
 *(SORT_BY_NAME(.init_array.*))
 .init_array.00000
                0x08009088        0x4 c:/progra~1/gnu-to~1/bin/../lib/gcc/arm-none-eabi/10.3.1/../../../../arm-none-eabi/lib/thumb/v7-m/nofp\libg.a(lib_a-__call_atexit.o)
 *(.init_array*)
 .init_array    0x0800908c        0x4 c:/progra~1/gnu-to~1/bin/../lib/gcc/arm-none-eabi/10.3.1/thumb/v7-m/nofp/crtbegin.o
                0x08009090                PROVIDE (__init_array_end = .)
                0x08009090                . = ALIGN (0x4)

.fini_array     0x08009090        0x4
                0x08009090                . = ALIGN (0x4)
                0x08009090                PROVIDE (__fini_array_start = .)
 *(SORT_BY_NAME(.fini_array.*))
 *(.fini_array*)
 .fini_array    0x08009090        0x4 c:/progra~1/gnu-to~1/bin/../lib/gcc/arm-none-eabi/10.3.1/thumb/v7-m/nofp/crtbegin.o
                0x08009094                PROVIDE (__fini_array_end = .)
                0x08009094                . = ALIGN (0x4)
                0x08009094                _sidata = LOADADDR (.data)

.data           0x20000000      0x9b8 load address 0x08009094
                0x20000000                . = ALIGN (0x4)
                0x20000000                _sdata = .
 *(.data)
 *(.data*)
 .data.SystemCoreClock
                0x20000000        0x4 CMakeFiles/nbiot.elf.dir/Core/Src/system_stm32f1xx.c.obj
                0x20000000                SystemCoreClock
 .data.uwTickFreq
                0x20000004        0x1 CMakeFiles/nbiot.elf.dir/Drivers/STM32F1xx_HAL_Driver/Src/stm32f1xx_hal.c.obj
                0x20000004                uwTickFreq
 *fill*         0x20000005        0x3 
 .data.uwTickPrio
                0x20000008        0x4 CMakeFiles/nbiot.elf.dir/Drivers/STM32F1xx_HAL_Driver/Src/stm32f1xx_hal.c.obj
                0x20000008                uwTickPrio
 .data._impure_ptr
                0x2000000c        0x4 c:/progra~1/gnu-to~1/bin/../lib/gcc/arm-none-eabi/10.3.1/../../../../arm-none-eabi/lib/thumb/v7-m/nofp\libg.a(lib_a-impure.o)
                0x2000000c                _impure_ptr
 .data.impure_data
                0x20000010      0x428 c:/progra~1/gnu-to~1/bin/../lib/gcc/arm-none-eabi/10.3.1/../../../../arm-none-eabi/lib/thumb/v7-m/nofp\libg.a(lib_a-impure.o)
 .data.__atexit_recursive_mutex
                0x20000438        0x4 c:/progra~1/gnu-to~1/bin/../lib/gcc/arm-none-eabi/10.3.1/../../../../arm-none-eabi/lib/thumb/v7-m/nofp\libg.a(lib_a-__call_atexit.o)
                0x20000438                __atexit_recursive_mutex
 .data.__malloc_av_
                0x2000043c      0x408 c:/progra~1/gnu-to~1/bin/../lib/gcc/arm-none-eabi/10.3.1/../../../../arm-none-eabi/lib/thumb/v7-m/nofp\libg.a(lib_a-mallocr.o)
                0x2000043c                __malloc_av_
 .data.__malloc_sbrk_base
                0x20000844        0x4 c:/progra~1/gnu-to~1/bin/../lib/gcc/arm-none-eabi/10.3.1/../../../../arm-none-eabi/lib/thumb/v7-m/nofp\libg.a(lib_a-mallocr.o)
                0x20000844                __malloc_sbrk_base
 .data.__malloc_trim_threshold
                0x20000848        0x4 c:/progra~1/gnu-to~1/bin/../lib/gcc/arm-none-eabi/10.3.1/../../../../arm-none-eabi/lib/thumb/v7-m/nofp\libg.a(lib_a-mallocr.o)
                0x20000848                __malloc_trim_threshold
 .data.__global_locale
                0x2000084c      0x16c c:/progra~1/gnu-to~1/bin/../lib/gcc/arm-none-eabi/10.3.1/../../../../arm-none-eabi/lib/thumb/v7-m/nofp\libg.a(lib_a-locale.o)
                0x2000084c                __global_locale
 *(.RamFunc)
 *(.RamFunc*)
                0x200009b8                . = ALIGN (0x4)
                0x200009b8                _edata = .

.igot.plt       0x200009b8        0x0 load address 0x08009a4c
 .igot.plt      0x200009b8        0x0 c:/progra~1/gnu-to~1/bin/../lib/gcc/arm-none-eabi/10.3.1/thumb/v7-m/nofp/crtbegin.o
                0x200009b8                . = ALIGN (0x4)

.bss            0x200009b8      0x350 load address 0x08009a4c
                0x200009b8                _sbss = .
                0x200009b8                __bss_start__ = _sbss
 *(.bss)
 .bss           0x200009b8       0x1c c:/progra~1/gnu-to~1/bin/../lib/gcc/arm-none-eabi/10.3.1/thumb/v7-m/nofp/crtbegin.o
 *(.bss*)
 .bss.__sbrk_heap_end
                0x200009d4        0x4 CMakeFiles/nbiot.elf.dir/Core/Src/sysmem.c.obj
 .bss.htim2     0x200009d8       0x48 CMakeFiles/nbiot.elf.dir/Core/Src/tim.c.obj
                0x200009d8                htim2
 .bss.HLPUSART_NewData
                0x20000a20        0x1 CMakeFiles/nbiot.elf.dir/Core/Src/usart.c.obj
                0x20000a20                HLPUSART_NewData
 *fill*         0x20000a21        0x3 
 .bss.HLPUSART_RX_BUF
                0x20000a24      0x100 CMakeFiles/nbiot.elf.dir/Core/Src/usart.c.obj
                0x20000a24                HLPUSART_RX_BUF
 .bss.HLPUSART_RX_STA
                0x20000b24        0x2 CMakeFiles/nbiot.elf.dir/Core/Src/usart.c.obj
                0x20000b24                HLPUSART_RX_STA
 .bss.USART2_NewData
                0x20000b26        0x1 CMakeFiles/nbiot.elf.dir/Core/Src/usart.c.obj
                0x20000b26                USART2_NewData
 *fill*         0x20000b27        0x1 
 .bss.USART2_RX_BUF
                0x20000b28      0x100 CMakeFiles/nbiot.elf.dir/Core/Src/usart.c.obj
                0x20000b28                USART2_RX_BUF
 .bss.USART2_RX_STA
                0x20000c28        0x2 CMakeFiles/nbiot.elf.dir/Core/Src/usart.c.obj
                0x20000c28                USART2_RX_STA
 *fill*         0x20000c2a        0x2 
 .bss.huart1    0x20000c2c       0x48 CMakeFiles/nbiot.elf.dir/Core/Src/usart.c.obj
                0x20000c2c                huart1
 .bss.huart2    0x20000c74       0x48 CMakeFiles/nbiot.elf.dir/Core/Src/usart.c.obj
                0x20000c74                huart2
 .bss.uwTick    0x20000cbc        0x4 CMakeFiles/nbiot.elf.dir/Drivers/STM32F1xx_HAL_Driver/Src/stm32f1xx_hal.c.obj
                0x20000cbc                uwTick
 .bss.__lock___atexit_recursive_mutex
                0x20000cc0        0x1 c:/progra~1/gnu-to~1/bin/../lib/gcc/arm-none-eabi/10.3.1/../../../../arm-none-eabi/lib/thumb/v7-m/nofp\libg.a(lib_a-lock.o)
                0x20000cc0                __lock___atexit_recursive_mutex
 *fill*         0x20000cc1        0x3 
 .bss.__lock___malloc_recursive_mutex
                0x20000cc4        0x1 c:/progra~1/gnu-to~1/bin/../lib/gcc/arm-none-eabi/10.3.1/../../../../arm-none-eabi/lib/thumb/v7-m/nofp\libg.a(lib_a-lock.o)
                0x20000cc4                __lock___malloc_recursive_mutex
 *fill*         0x20000cc5        0x3 
 .bss.__lock___sfp_recursive_mutex
                0x20000cc8        0x1 c:/progra~1/gnu-to~1/bin/../lib/gcc/arm-none-eabi/10.3.1/../../../../arm-none-eabi/lib/thumb/v7-m/nofp\libg.a(lib_a-lock.o)
                0x20000cc8                __lock___sfp_recursive_mutex
 *fill*         0x20000cc9        0x3 
 .bss.__lock___sinit_recursive_mutex
                0x20000ccc        0x1 c:/progra~1/gnu-to~1/bin/../lib/gcc/arm-none-eabi/10.3.1/../../../../arm-none-eabi/lib/thumb/v7-m/nofp\libg.a(lib_a-lock.o)
                0x20000ccc                __lock___sinit_recursive_mutex
 *fill*         0x20000ccd        0x3 
 .bss.__malloc_current_mallinfo
                0x20000cd0       0x28 c:/progra~1/gnu-to~1/bin/../lib/gcc/arm-none-eabi/10.3.1/../../../../arm-none-eabi/lib/thumb/v7-m/nofp\libg.a(lib_a-mallocr.o)
                0x20000cd0                __malloc_current_mallinfo
 .bss.__malloc_max_sbrked_mem
                0x20000cf8        0x4 c:/progra~1/gnu-to~1/bin/../lib/gcc/arm-none-eabi/10.3.1/../../../../arm-none-eabi/lib/thumb/v7-m/nofp\libg.a(lib_a-mallocr.o)
                0x20000cf8                __malloc_max_sbrked_mem
 .bss.__malloc_max_total_mem
                0x20000cfc        0x4 c:/progra~1/gnu-to~1/bin/../lib/gcc/arm-none-eabi/10.3.1/../../../../arm-none-eabi/lib/thumb/v7-m/nofp\libg.a(lib_a-mallocr.o)
                0x20000cfc                __malloc_max_total_mem
 .bss.__malloc_top_pad
                0x20000d00        0x4 c:/progra~1/gnu-to~1/bin/../lib/gcc/arm-none-eabi/10.3.1/../../../../arm-none-eabi/lib/thumb/v7-m/nofp\libg.a(lib_a-mallocr.o)
                0x20000d00                __malloc_top_pad
 .bss.errno     0x20000d04        0x4 c:/progra~1/gnu-to~1/bin/../lib/gcc/arm-none-eabi/10.3.1/../../../../arm-none-eabi/lib/thumb/v7-m/nofp\libg.a(lib_a-reent.o)
                0x20000d04                errno
 *(COMMON)
                0x20000d08                . = ALIGN (0x4)
                0x20000d08                _ebss = .
                0x20000d08                __bss_end__ = _ebss

._user_heap_stack
                0x20000d08      0x600 load address 0x08009a4c
                0x20000d08                . = ALIGN (0x8)
                [!provide]                PROVIDE (end = .)
                0x20000d08                PROVIDE (_end = .)
                0x20000f08                . = (. + _Min_Heap_Size)
 *fill*         0x20000d08      0x200 
                0x20001308                . = (. + _Min_Stack_Size)
 *fill*         0x20000f08      0x400 
                0x20001308                . = ALIGN (0x8)

/DISCARD/
 libc.a(*)
 libm.a(*)
 libgcc.a(*)

.ARM.attributes
                0x00000000       0x29
 *(.ARM.attributes)
 .ARM.attributes
                0x00000000       0x1d c:/progra~1/gnu-to~1/bin/../lib/gcc/arm-none-eabi/10.3.1/thumb/v7-m/nofp/crti.o
 .ARM.attributes
                0x0000001d       0x2d c:/progra~1/gnu-to~1/bin/../lib/gcc/arm-none-eabi/10.3.1/thumb/v7-m/nofp/crtbegin.o
 .ARM.attributes
                0x0000004a       0x2d CMakeFiles/nbiot.elf.dir/Core/Src/gpio.c.obj
 .ARM.attributes
                0x00000077       0x2d CMakeFiles/nbiot.elf.dir/Core/Src/main.c.obj
 .ARM.attributes
                0x000000a4       0x2d CMakeFiles/nbiot.elf.dir/Core/Src/stm32f1xx_hal_msp.c.obj
 .ARM.attributes
                0x000000d1       0x2d CMakeFiles/nbiot.elf.dir/Core/Src/stm32f1xx_it.c.obj
 .ARM.attributes
                0x000000fe       0x2d CMakeFiles/nbiot.elf.dir/Core/Src/syscalls.c.obj
 .ARM.attributes
                0x0000012b       0x2d CMakeFiles/nbiot.elf.dir/Core/Src/sysmem.c.obj
 .ARM.attributes
                0x00000158       0x2d CMakeFiles/nbiot.elf.dir/Core/Src/system_stm32f1xx.c.obj
 .ARM.attributes
                0x00000185       0x2d CMakeFiles/nbiot.elf.dir/Core/Src/tim.c.obj
 .ARM.attributes
                0x000001b2       0x2d CMakeFiles/nbiot.elf.dir/Core/Src/usart.c.obj
 .ARM.attributes
                0x000001df       0x21 CMakeFiles/nbiot.elf.dir/Core/Startup/startup_stm32f103rctx.s.obj
 .ARM.attributes
                0x00000200       0x2d CMakeFiles/nbiot.elf.dir/Drivers/STM32F1xx_HAL_Driver/Src/stm32f1xx_hal.c.obj
 .ARM.attributes
                0x0000022d       0x2d CMakeFiles/nbiot.elf.dir/Drivers/STM32F1xx_HAL_Driver/Src/stm32f1xx_hal_cortex.c.obj
 .ARM.attributes
                0x0000025a       0x2d CMakeFiles/nbiot.elf.dir/Drivers/STM32F1xx_HAL_Driver/Src/stm32f1xx_hal_dma.c.obj
 .ARM.attributes
                0x00000287       0x2d CMakeFiles/nbiot.elf.dir/Drivers/STM32F1xx_HAL_Driver/Src/stm32f1xx_hal_gpio.c.obj
 .ARM.attributes
                0x000002b4       0x2d CMakeFiles/nbiot.elf.dir/Drivers/STM32F1xx_HAL_Driver/Src/stm32f1xx_hal_rcc.c.obj
 .ARM.attributes
                0x000002e1       0x2d CMakeFiles/nbiot.elf.dir/Drivers/STM32F1xx_HAL_Driver/Src/stm32f1xx_hal_tim.c.obj
 .ARM.attributes
                0x0000030e       0x2d CMakeFiles/nbiot.elf.dir/Drivers/STM32F1xx_HAL_Driver/Src/stm32f1xx_hal_tim_ex.c.obj
 .ARM.attributes
                0x0000033b       0x2d CMakeFiles/nbiot.elf.dir/Drivers/STM32F1xx_HAL_Driver/Src/stm32f1xx_hal_uart.c.obj
 .ARM.attributes
                0x00000368       0x2d c:/progra~1/gnu-to~1/bin/../lib/gcc/arm-none-eabi/10.3.1/../../../../arm-none-eabi/lib/thumb/v7-m/nofp\libg.a(lib_a-errno.o)
 .ARM.attributes
                0x00000395       0x2d c:/progra~1/gnu-to~1/bin/../lib/gcc/arm-none-eabi/10.3.1/../../../../arm-none-eabi/lib/thumb/v7-m/nofp\libg.a(lib_a-impure.o)
 .ARM.attributes
                0x000003c2       0x2d c:/progra~1/gnu-to~1/bin/../lib/gcc/arm-none-eabi/10.3.1/../../../../arm-none-eabi/lib/thumb/v7-m/nofp\libg.a(lib_a-init.o)
 .ARM.attributes
                0x000003ef       0x2d c:/progra~1/gnu-to~1/bin/../lib/gcc/arm-none-eabi/10.3.1/../../../../arm-none-eabi/lib/thumb/v7-m/nofp\libg.a(lib_a-memset.o)
 .ARM.attributes
                0x0000041c       0x2d c:/progra~1/gnu-to~1/bin/../lib/gcc/arm-none-eabi/10.3.1/../../../../arm-none-eabi/lib/thumb/v7-m/nofp\libg.a(lib_a-printf.o)
 .ARM.attributes
                0x00000449       0x2d c:/progra~1/gnu-to~1/bin/../lib/gcc/arm-none-eabi/10.3.1/../../../../arm-none-eabi/lib/thumb/v7-m/nofp\libg.a(lib_a-vfprintf.o)
 .ARM.attributes
                0x00000476       0x2d c:/progra~1/gnu-to~1/bin/../lib/gcc/arm-none-eabi/10.3.1/../../../../arm-none-eabi/lib/thumb/v7-m/nofp\libg.a(lib_a-wsetup.o)
 .ARM.attributes
                0x000004a3       0x2d c:/progra~1/gnu-to~1/bin/../lib/gcc/arm-none-eabi/10.3.1/../../../../arm-none-eabi/lib/thumb/v7-m/nofp\libg.a(lib_a-__call_atexit.o)
 .ARM.attributes
                0x000004d0       0x2d c:/progra~1/gnu-to~1/bin/../lib/gcc/arm-none-eabi/10.3.1/../../../../arm-none-eabi/lib/thumb/v7-m/nofp\libg.a(lib_a-atexit.o)
 .ARM.attributes
                0x000004fd       0x2d c:/progra~1/gnu-to~1/bin/../lib/gcc/arm-none-eabi/10.3.1/../../../../arm-none-eabi/lib/thumb/v7-m/nofp\libg.a(lib_a-dtoa.o)
 .ARM.attributes
                0x0000052a       0x2d c:/progra~1/gnu-to~1/bin/../lib/gcc/arm-none-eabi/10.3.1/../../../../arm-none-eabi/lib/thumb/v7-m/nofp\libg.a(lib_a-fflush.o)
 .ARM.attributes
                0x00000557       0x2d c:/progra~1/gnu-to~1/bin/../lib/gcc/arm-none-eabi/10.3.1/../../../../arm-none-eabi/lib/thumb/v7-m/nofp\libg.a(lib_a-findfp.o)
 .ARM.attributes
                0x00000584       0x2d c:/progra~1/gnu-to~1/bin/../lib/gcc/arm-none-eabi/10.3.1/../../../../arm-none-eabi/lib/thumb/v7-m/nofp\libg.a(lib_a-fini.o)
 .ARM.attributes
                0x000005b1       0x2d c:/progra~1/gnu-to~1/bin/../lib/gcc/arm-none-eabi/10.3.1/../../../../arm-none-eabi/lib/thumb/v7-m/nofp\libg.a(lib_a-freer.o)
 .ARM.attributes
                0x000005de       0x2d c:/progra~1/gnu-to~1/bin/../lib/gcc/arm-none-eabi/10.3.1/../../../../arm-none-eabi/lib/thumb/v7-m/nofp\libg.a(lib_a-fwalk.o)
 .ARM.attributes
                0x0000060b       0x2d c:/progra~1/gnu-to~1/bin/../lib/gcc/arm-none-eabi/10.3.1/../../../../arm-none-eabi/lib/thumb/v7-m/nofp\libg.a(lib_a-localeconv.o)
 .ARM.attributes
                0x00000638       0x2d c:/progra~1/gnu-to~1/bin/../lib/gcc/arm-none-eabi/10.3.1/../../../../arm-none-eabi/lib/thumb/v7-m/nofp\libg.a(lib_a-lock.o)
 .ARM.attributes
                0x00000665       0x2d c:/progra~1/gnu-to~1/bin/../lib/gcc/arm-none-eabi/10.3.1/../../../../arm-none-eabi/lib/thumb/v7-m/nofp\libg.a(lib_a-makebuf.o)
 .ARM.attributes
                0x00000692       0x2d c:/progra~1/gnu-to~1/bin/../lib/gcc/arm-none-eabi/10.3.1/../../../../arm-none-eabi/lib/thumb/v7-m/nofp\libg.a(lib_a-mallocr.o)
 .ARM.attributes
                0x000006bf       0x2d c:/progra~1/gnu-to~1/bin/../lib/gcc/arm-none-eabi/10.3.1/../../../../arm-none-eabi/lib/thumb/v7-m/nofp\libg.a(lib_a-memchr-stub.o)
 .ARM.attributes
                0x000006ec       0x1b c:/progra~1/gnu-to~1/bin/../lib/gcc/arm-none-eabi/10.3.1/../../../../arm-none-eabi/lib/thumb/v7-m/nofp\libg.a(lib_a-memcpy.o)
 .ARM.attributes
                0x00000707       0x2d c:/progra~1/gnu-to~1/bin/../lib/gcc/arm-none-eabi/10.3.1/../../../../arm-none-eabi/lib/thumb/v7-m/nofp\libg.a(lib_a-mlock.o)
 .ARM.attributes
                0x00000734       0x2d c:/progra~1/gnu-to~1/bin/../lib/gcc/arm-none-eabi/10.3.1/../../../../arm-none-eabi/lib/thumb/v7-m/nofp\libg.a(lib_a-mprec.o)
 .ARM.attributes
                0x00000761       0x2d c:/progra~1/gnu-to~1/bin/../lib/gcc/arm-none-eabi/10.3.1/../../../../arm-none-eabi/lib/thumb/v7-m/nofp\libg.a(lib_a-s_frexp.o)
 .ARM.attributes
                0x0000078e       0x2d c:/progra~1/gnu-to~1/bin/../lib/gcc/arm-none-eabi/10.3.1/../../../../arm-none-eabi/lib/thumb/v7-m/nofp\libg.a(lib_a-sbrkr.o)
 .ARM.attributes
                0x000007bb       0x2d c:/progra~1/gnu-to~1/bin/../lib/gcc/arm-none-eabi/10.3.1/../../../../arm-none-eabi/lib/thumb/v7-m/nofp\libg.a(lib_a-stdio.o)
 .ARM.attributes
                0x000007e8       0x2d c:/progra~1/gnu-to~1/bin/../lib/gcc/arm-none-eabi/10.3.1/../../../../arm-none-eabi/lib/thumb/v7-m/nofp\libg.a(lib_a-strlen-stub.o)
 .ARM.attributes
                0x00000815       0x2d c:/progra~1/gnu-to~1/bin/../lib/gcc/arm-none-eabi/10.3.1/../../../../arm-none-eabi/lib/thumb/v7-m/nofp\libg.a(lib_a-strncpy.o)
 .ARM.attributes
                0x00000842       0x2d c:/progra~1/gnu-to~1/bin/../lib/gcc/arm-none-eabi/10.3.1/../../../../arm-none-eabi/lib/thumb/v7-m/nofp\libg.a(lib_a-vfiprintf.o)
 .ARM.attributes
                0x0000086f       0x2d c:/progra~1/gnu-to~1/bin/../lib/gcc/arm-none-eabi/10.3.1/../../../../arm-none-eabi/lib/thumb/v7-m/nofp\libg.a(lib_a-writer.o)
 .ARM.attributes
                0x0000089c       0x2d c:/progra~1/gnu-to~1/bin/../lib/gcc/arm-none-eabi/10.3.1/../../../../arm-none-eabi/lib/thumb/v7-m/nofp\libg.a(lib_a-__atexit.o)
 .ARM.attributes
                0x000008c9       0x2d c:/progra~1/gnu-to~1/bin/../lib/gcc/arm-none-eabi/10.3.1/../../../../arm-none-eabi/lib/thumb/v7-m/nofp\libg.a(lib_a-assert.o)
 .ARM.attributes
                0x000008f6       0x2d c:/progra~1/gnu-to~1/bin/../lib/gcc/arm-none-eabi/10.3.1/../../../../arm-none-eabi/lib/thumb/v7-m/nofp\libg.a(lib_a-callocr.o)
 .ARM.attributes
                0x00000923       0x2d c:/progra~1/gnu-to~1/bin/../lib/gcc/arm-none-eabi/10.3.1/../../../../arm-none-eabi/lib/thumb/v7-m/nofp\libg.a(lib_a-closer.o)
 .ARM.attributes
                0x00000950       0x2d c:/progra~1/gnu-to~1/bin/../lib/gcc/arm-none-eabi/10.3.1/../../../../arm-none-eabi/lib/thumb/v7-m/nofp\libg.a(lib_a-fclose.o)
 .ARM.attributes
                0x0000097d       0x2d c:/progra~1/gnu-to~1/bin/../lib/gcc/arm-none-eabi/10.3.1/../../../../arm-none-eabi/lib/thumb/v7-m/nofp\libg.a(lib_a-fiprintf.o)
 .ARM.attributes
                0x000009aa       0x2d c:/progra~1/gnu-to~1/bin/../lib/gcc/arm-none-eabi/10.3.1/../../../../arm-none-eabi/lib/thumb/v7-m/nofp\libg.a(lib_a-fputwc.o)
 .ARM.attributes
                0x000009d7       0x2d c:/progra~1/gnu-to~1/bin/../lib/gcc/arm-none-eabi/10.3.1/../../../../arm-none-eabi/lib/thumb/v7-m/nofp\libg.a(lib_a-fstatr.o)
 .ARM.attributes
                0x00000a04       0x2d c:/progra~1/gnu-to~1/bin/../lib/gcc/arm-none-eabi/10.3.1/../../../../arm-none-eabi/lib/thumb/v7-m/nofp\libg.a(lib_a-fvwrite.o)
 .ARM.attributes
                0x00000a31       0x2d c:/progra~1/gnu-to~1/bin/../lib/gcc/arm-none-eabi/10.3.1/../../../../arm-none-eabi/lib/thumb/v7-m/nofp\libg.a(lib_a-isattyr.o)
 .ARM.attributes
                0x00000a5e       0x2d c:/progra~1/gnu-to~1/bin/../lib/gcc/arm-none-eabi/10.3.1/../../../../arm-none-eabi/lib/thumb/v7-m/nofp\libg.a(lib_a-locale.o)
 .ARM.attributes
                0x00000a8b       0x2d c:/progra~1/gnu-to~1/bin/../lib/gcc/arm-none-eabi/10.3.1/../../../../arm-none-eabi/lib/thumb/v7-m/nofp\libg.a(lib_a-lseekr.o)
 .ARM.attributes
                0x00000ab8       0x2d c:/progra~1/gnu-to~1/bin/../lib/gcc/arm-none-eabi/10.3.1/../../../../arm-none-eabi/lib/thumb/v7-m/nofp\libg.a(lib_a-mbtowc_r.o)
 .ARM.attributes
                0x00000ae5       0x2d c:/progra~1/gnu-to~1/bin/../lib/gcc/arm-none-eabi/10.3.1/../../../../arm-none-eabi/lib/thumb/v7-m/nofp\libg.a(lib_a-memmove.o)
 .ARM.attributes
                0x00000b12       0x2d c:/progra~1/gnu-to~1/bin/../lib/gcc/arm-none-eabi/10.3.1/../../../../arm-none-eabi/lib/thumb/v7-m/nofp\libg.a(lib_a-readr.o)
 .ARM.attributes
                0x00000b3f       0x2d c:/progra~1/gnu-to~1/bin/../lib/gcc/arm-none-eabi/10.3.1/../../../../arm-none-eabi/lib/thumb/v7-m/nofp\libg.a(lib_a-reallocr.o)
 .ARM.attributes
                0x00000b6c       0x2d c:/progra~1/gnu-to~1/bin/../lib/gcc/arm-none-eabi/10.3.1/../../../../arm-none-eabi/lib/thumb/v7-m/nofp\libg.a(lib_a-reent.o)
 .ARM.attributes
                0x00000b99       0x2d c:/progra~1/gnu-to~1/bin/../lib/gcc/arm-none-eabi/10.3.1/../../../../arm-none-eabi/lib/thumb/v7-m/nofp\libg.a(lib_a-wbuf.o)
 .ARM.attributes
                0x00000bc6       0x2d c:/progra~1/gnu-to~1/bin/../lib/gcc/arm-none-eabi/10.3.1/../../../../arm-none-eabi/lib/thumb/v7-m/nofp\libg.a(lib_a-wcrtomb.o)
 .ARM.attributes
                0x00000bf3       0x2d c:/progra~1/gnu-to~1/bin/../lib/gcc/arm-none-eabi/10.3.1/../../../../arm-none-eabi/lib/thumb/v7-m/nofp\libg.a(lib_a-wctomb_r.o)
 .ARM.attributes
                0x00000c20       0x2d c:/progra~1/gnu-to~1/bin/../lib/gcc/arm-none-eabi/10.3.1/../../../../arm-none-eabi/lib/thumb/v7-m/nofp\libg.a(lib_a-abort.o)
 .ARM.attributes
                0x00000c4d       0x2d c:/progra~1/gnu-to~1/bin/../lib/gcc/arm-none-eabi/10.3.1/../../../../arm-none-eabi/lib/thumb/v7-m/nofp\libg.a(lib_a-ctype_.o)
 .ARM.attributes
                0x00000c7a       0x2d c:/progra~1/gnu-to~1/bin/../lib/gcc/arm-none-eabi/10.3.1/../../../../arm-none-eabi/lib/thumb/v7-m/nofp\libg.a(lib_a-signal.o)
 .ARM.attributes
                0x00000ca7       0x2d c:/progra~1/gnu-to~1/bin/../lib/gcc/arm-none-eabi/10.3.1/../../../../arm-none-eabi/lib/thumb/v7-m/nofp\libg.a(lib_a-signalr.o)
 .ARM.attributes
                0x00000cd4       0x1d c:/progra~1/gnu-to~1/bin/../lib/gcc/arm-none-eabi/10.3.1/thumb/v7-m/nofp\libgcc.a(_arm_addsubdf3.o)
 .ARM.attributes
                0x00000cf1       0x1d c:/progra~1/gnu-to~1/bin/../lib/gcc/arm-none-eabi/10.3.1/thumb/v7-m/nofp\libgcc.a(_arm_muldivdf3.o)
 .ARM.attributes
                0x00000d0e       0x1d c:/progra~1/gnu-to~1/bin/../lib/gcc/arm-none-eabi/10.3.1/thumb/v7-m/nofp\libgcc.a(_arm_cmpdf2.o)
 .ARM.attributes
                0x00000d2b       0x1d c:/progra~1/gnu-to~1/bin/../lib/gcc/arm-none-eabi/10.3.1/thumb/v7-m/nofp\libgcc.a(_arm_unorddf2.o)
 .ARM.attributes
                0x00000d48       0x1d c:/progra~1/gnu-to~1/bin/../lib/gcc/arm-none-eabi/10.3.1/thumb/v7-m/nofp\libgcc.a(_arm_fixdfsi.o)
 .ARM.attributes
                0x00000d65       0x1d c:/progra~1/gnu-to~1/bin/../lib/gcc/arm-none-eabi/10.3.1/thumb/v7-m/nofp\libgcc.a(_aeabi_uldivmod.o)
 .ARM.attributes
                0x00000d82       0x2d c:/progra~1/gnu-to~1/bin/../lib/gcc/arm-none-eabi/10.3.1/thumb/v7-m/nofp\libgcc.a(_udivmoddi4.o)
 .ARM.attributes
                0x00000daf       0x1d c:/progra~1/gnu-to~1/bin/../lib/gcc/arm-none-eabi/10.3.1/thumb/v7-m/nofp\libgcc.a(_dvmd_tls.o)
 .ARM.attributes
                0x00000dcc       0x1d c:/progra~1/gnu-to~1/bin/../lib/gcc/arm-none-eabi/10.3.1/thumb/v7-m/nofp/crtn.o
OUTPUT(nbiot.elf elf32-littlearm)
LOAD linker stubs
LOAD c:/progra~1/gnu-to~1/bin/../lib/gcc/arm-none-eabi/10.3.1/../../../../arm-none-eabi/lib/thumb/v7-m/nofp\libc.a
LOAD c:/progra~1/gnu-to~1/bin/../lib/gcc/arm-none-eabi/10.3.1/../../../../arm-none-eabi/lib/thumb/v7-m/nofp\libm.a
LOAD c:/progra~1/gnu-to~1/bin/../lib/gcc/arm-none-eabi/10.3.1/thumb/v7-m/nofp\libgcc.a

.debug_info     0x00000000    0x10eb1
 .debug_info    0x00000000      0x34b CMakeFiles/nbiot.elf.dir/Core/Src/gpio.c.obj
 .debug_info    0x0000034b      0xa65 CMakeFiles/nbiot.elf.dir/Core/Src/main.c.obj
 .debug_info    0x00000db0      0x17c CMakeFiles/nbiot.elf.dir/Core/Src/stm32f1xx_hal_msp.c.obj
 .debug_info    0x00000f2c      0x9f5 CMakeFiles/nbiot.elf.dir/Core/Src/stm32f1xx_it.c.obj
 .debug_info    0x00001921      0x7af CMakeFiles/nbiot.elf.dir/Core/Src/syscalls.c.obj
 .debug_info    0x000020d0      0x174 CMakeFiles/nbiot.elf.dir/Core/Src/sysmem.c.obj
 .debug_info    0x00002244      0x248 CMakeFiles/nbiot.elf.dir/Core/Src/system_stm32f1xx.c.obj
 .debug_info    0x0000248c      0xac2 CMakeFiles/nbiot.elf.dir/Core/Src/tim.c.obj
 .debug_info    0x00002f4e     0x162f CMakeFiles/nbiot.elf.dir/Core/Src/usart.c.obj
 .debug_info    0x0000457d       0x22 CMakeFiles/nbiot.elf.dir/Core/Startup/startup_stm32f103rctx.s.obj
 .debug_info    0x0000459f      0x80e CMakeFiles/nbiot.elf.dir/Drivers/STM32F1xx_HAL_Driver/Src/stm32f1xx_hal.c.obj
 .debug_info    0x00004dad      0xdf0 CMakeFiles/nbiot.elf.dir/Drivers/STM32F1xx_HAL_Driver/Src/stm32f1xx_hal_cortex.c.obj
 .debug_info    0x00005b9d      0x84b CMakeFiles/nbiot.elf.dir/Drivers/STM32F1xx_HAL_Driver/Src/stm32f1xx_hal_dma.c.obj
 .debug_info    0x000063e8      0x66f CMakeFiles/nbiot.elf.dir/Drivers/STM32F1xx_HAL_Driver/Src/stm32f1xx_hal_gpio.c.obj
 .debug_info    0x00006a57      0xa3b CMakeFiles/nbiot.elf.dir/Drivers/STM32F1xx_HAL_Driver/Src/stm32f1xx_hal_rcc.c.obj
 .debug_info    0x00007492     0x3d52 CMakeFiles/nbiot.elf.dir/Drivers/STM32F1xx_HAL_Driver/Src/stm32f1xx_hal_tim.c.obj
 .debug_info    0x0000b1e4     0x1abb CMakeFiles/nbiot.elf.dir/Drivers/STM32F1xx_HAL_Driver/Src/stm32f1xx_hal_tim_ex.c.obj
 .debug_info    0x0000cc9f     0x4212 CMakeFiles/nbiot.elf.dir/Drivers/STM32F1xx_HAL_Driver/Src/stm32f1xx_hal_uart.c.obj

.debug_abbrev   0x00000000     0x213a
 .debug_abbrev  0x00000000      0x13c CMakeFiles/nbiot.elf.dir/Core/Src/gpio.c.obj
 .debug_abbrev  0x0000013c      0x213 CMakeFiles/nbiot.elf.dir/Core/Src/main.c.obj
 .debug_abbrev  0x0000034f       0xbf CMakeFiles/nbiot.elf.dir/Core/Src/stm32f1xx_hal_msp.c.obj
 .debug_abbrev  0x0000040e      0x180 CMakeFiles/nbiot.elf.dir/Core/Src/stm32f1xx_it.c.obj
 .debug_abbrev  0x0000058e      0x1a3 CMakeFiles/nbiot.elf.dir/Core/Src/syscalls.c.obj
 .debug_abbrev  0x00000731       0xe7 CMakeFiles/nbiot.elf.dir/Core/Src/sysmem.c.obj
 .debug_abbrev  0x00000818      0x13e CMakeFiles/nbiot.elf.dir/Core/Src/system_stm32f1xx.c.obj
 .debug_abbrev  0x00000956      0x1de CMakeFiles/nbiot.elf.dir/Core/Src/tim.c.obj
 .debug_abbrev  0x00000b34      0x2d2 CMakeFiles/nbiot.elf.dir/Core/Src/usart.c.obj
 .debug_abbrev  0x00000e06       0x12 CMakeFiles/nbiot.elf.dir/Core/Startup/startup_stm32f103rctx.s.obj
 .debug_abbrev  0x00000e18      0x1f4 CMakeFiles/nbiot.elf.dir/Drivers/STM32F1xx_HAL_Driver/Src/stm32f1xx_hal.c.obj
 .debug_abbrev  0x0000100c      0x341 CMakeFiles/nbiot.elf.dir/Drivers/STM32F1xx_HAL_Driver/Src/stm32f1xx_hal_cortex.c.obj
 .debug_abbrev  0x0000134d      0x223 CMakeFiles/nbiot.elf.dir/Drivers/STM32F1xx_HAL_Driver/Src/stm32f1xx_hal_dma.c.obj
 .debug_abbrev  0x00001570      0x1e6 CMakeFiles/nbiot.elf.dir/Drivers/STM32F1xx_HAL_Driver/Src/stm32f1xx_hal_gpio.c.obj
 .debug_abbrev  0x00001756      0x27a CMakeFiles/nbiot.elf.dir/Drivers/STM32F1xx_HAL_Driver/Src/stm32f1xx_hal_rcc.c.obj
 .debug_abbrev  0x000019d0      0x245 CMakeFiles/nbiot.elf.dir/Drivers/STM32F1xx_HAL_Driver/Src/stm32f1xx_hal_tim.c.obj
 .debug_abbrev  0x00001c15      0x248 CMakeFiles/nbiot.elf.dir/Drivers/STM32F1xx_HAL_Driver/Src/stm32f1xx_hal_tim_ex.c.obj
 .debug_abbrev  0x00001e5d      0x2dd CMakeFiles/nbiot.elf.dir/Drivers/STM32F1xx_HAL_Driver/Src/stm32f1xx_hal_uart.c.obj

.debug_aranges  0x00000000      0xc98
 .debug_aranges
                0x00000000       0x20 CMakeFiles/nbiot.elf.dir/Core/Src/gpio.c.obj
 .debug_aranges
                0x00000020       0x30 CMakeFiles/nbiot.elf.dir/Core/Src/main.c.obj
 .debug_aranges
                0x00000050       0x20 CMakeFiles/nbiot.elf.dir/Core/Src/stm32f1xx_hal_msp.c.obj
 .debug_aranges
                0x00000070       0x78 CMakeFiles/nbiot.elf.dir/Core/Src/stm32f1xx_it.c.obj
 .debug_aranges
                0x000000e8       0xa8 CMakeFiles/nbiot.elf.dir/Core/Src/syscalls.c.obj
 .debug_aranges
                0x00000190       0x20 CMakeFiles/nbiot.elf.dir/Core/Src/sysmem.c.obj
 .debug_aranges
                0x000001b0       0x28 CMakeFiles/nbiot.elf.dir/Core/Src/system_stm32f1xx.c.obj
 .debug_aranges
                0x000001d8       0x30 CMakeFiles/nbiot.elf.dir/Core/Src/tim.c.obj
 .debug_aranges
                0x00000208       0x50 CMakeFiles/nbiot.elf.dir/Core/Src/usart.c.obj
 .debug_aranges
                0x00000258       0x28 CMakeFiles/nbiot.elf.dir/Core/Startup/startup_stm32f103rctx.s.obj
 .debug_aranges
                0x00000280       0xe0 CMakeFiles/nbiot.elf.dir/Drivers/STM32F1xx_HAL_Driver/Src/stm32f1xx_hal.c.obj
 .debug_aranges
                0x00000360       0x90 CMakeFiles/nbiot.elf.dir/Drivers/STM32F1xx_HAL_Driver/Src/stm32f1xx_hal_cortex.c.obj
 .debug_aranges
                0x000003f0       0x80 CMakeFiles/nbiot.elf.dir/Drivers/STM32F1xx_HAL_Driver/Src/stm32f1xx_hal_dma.c.obj
 .debug_aranges
                0x00000470       0x58 CMakeFiles/nbiot.elf.dir/Drivers/STM32F1xx_HAL_Driver/Src/stm32f1xx_hal_gpio.c.obj
 .debug_aranges
                0x000004c8       0x90 CMakeFiles/nbiot.elf.dir/Drivers/STM32F1xx_HAL_Driver/Src/stm32f1xx_hal_rcc.c.obj
 .debug_aranges
                0x00000558      0x3d0 CMakeFiles/nbiot.elf.dir/Drivers/STM32F1xx_HAL_Driver/Src/stm32f1xx_hal_tim.c.obj
 .debug_aranges
                0x00000928      0x168 CMakeFiles/nbiot.elf.dir/Drivers/STM32F1xx_HAL_Driver/Src/stm32f1xx_hal_tim_ex.c.obj
 .debug_aranges
                0x00000a90      0x208 CMakeFiles/nbiot.elf.dir/Drivers/STM32F1xx_HAL_Driver/Src/stm32f1xx_hal_uart.c.obj

.debug_ranges   0x00000000      0xc18
 .debug_ranges  0x00000000       0x10 CMakeFiles/nbiot.elf.dir/Core/Src/gpio.c.obj
 .debug_ranges  0x00000010       0x20 CMakeFiles/nbiot.elf.dir/Core/Src/main.c.obj
 .debug_ranges  0x00000030       0x10 CMakeFiles/nbiot.elf.dir/Core/Src/stm32f1xx_hal_msp.c.obj
 .debug_ranges  0x00000040       0x68 CMakeFiles/nbiot.elf.dir/Core/Src/stm32f1xx_it.c.obj
 .debug_ranges  0x000000a8       0x98 CMakeFiles/nbiot.elf.dir/Core/Src/syscalls.c.obj
 .debug_ranges  0x00000140       0x10 CMakeFiles/nbiot.elf.dir/Core/Src/sysmem.c.obj
 .debug_ranges  0x00000150       0x18 CMakeFiles/nbiot.elf.dir/Core/Src/system_stm32f1xx.c.obj
 .debug_ranges  0x00000168       0x20 CMakeFiles/nbiot.elf.dir/Core/Src/tim.c.obj
 .debug_ranges  0x00000188       0x40 CMakeFiles/nbiot.elf.dir/Core/Src/usart.c.obj
 .debug_ranges  0x000001c8       0x20 CMakeFiles/nbiot.elf.dir/Core/Startup/startup_stm32f103rctx.s.obj
 .debug_ranges  0x000001e8       0xd0 CMakeFiles/nbiot.elf.dir/Drivers/STM32F1xx_HAL_Driver/Src/stm32f1xx_hal.c.obj
 .debug_ranges  0x000002b8       0xe0 CMakeFiles/nbiot.elf.dir/Drivers/STM32F1xx_HAL_Driver/Src/stm32f1xx_hal_cortex.c.obj
 .debug_ranges  0x00000398       0x70 CMakeFiles/nbiot.elf.dir/Drivers/STM32F1xx_HAL_Driver/Src/stm32f1xx_hal_dma.c.obj
 .debug_ranges  0x00000408       0x48 CMakeFiles/nbiot.elf.dir/Drivers/STM32F1xx_HAL_Driver/Src/stm32f1xx_hal_gpio.c.obj
 .debug_ranges  0x00000450       0xa0 CMakeFiles/nbiot.elf.dir/Drivers/STM32F1xx_HAL_Driver/Src/stm32f1xx_hal_rcc.c.obj
 .debug_ranges  0x000004f0      0x3c0 CMakeFiles/nbiot.elf.dir/Drivers/STM32F1xx_HAL_Driver/Src/stm32f1xx_hal_tim.c.obj
 .debug_ranges  0x000008b0      0x158 CMakeFiles/nbiot.elf.dir/Drivers/STM32F1xx_HAL_Driver/Src/stm32f1xx_hal_tim_ex.c.obj
 .debug_ranges  0x00000a08      0x210 CMakeFiles/nbiot.elf.dir/Drivers/STM32F1xx_HAL_Driver/Src/stm32f1xx_hal_uart.c.obj

.debug_line     0x00000000     0xf06c
 .debug_line    0x00000000      0x1f6 CMakeFiles/nbiot.elf.dir/Core/Src/gpio.c.obj
 .debug_line    0x000001f6      0x469 CMakeFiles/nbiot.elf.dir/Core/Src/main.c.obj
 .debug_line    0x0000065f      0x156 CMakeFiles/nbiot.elf.dir/Core/Src/stm32f1xx_hal_msp.c.obj
 .debug_line    0x000007b5      0x331 CMakeFiles/nbiot.elf.dir/Core/Src/stm32f1xx_it.c.obj
 .debug_line    0x00000ae6      0x3cd CMakeFiles/nbiot.elf.dir/Core/Src/syscalls.c.obj
 .debug_line    0x00000eb3      0x184 CMakeFiles/nbiot.elf.dir/Core/Src/sysmem.c.obj
 .debug_line    0x00001037      0x226 CMakeFiles/nbiot.elf.dir/Core/Src/system_stm32f1xx.c.obj
 .debug_line    0x0000125d      0x30c CMakeFiles/nbiot.elf.dir/Core/Src/tim.c.obj
 .debug_line    0x00001569      0x58c CMakeFiles/nbiot.elf.dir/Core/Src/usart.c.obj
 .debug_line    0x00001af5       0xa0 CMakeFiles/nbiot.elf.dir/Core/Startup/startup_stm32f103rctx.s.obj
 .debug_line    0x00001b95      0x546 CMakeFiles/nbiot.elf.dir/Drivers/STM32F1xx_HAL_Driver/Src/stm32f1xx_hal.c.obj
 .debug_line    0x000020db      0x635 CMakeFiles/nbiot.elf.dir/Drivers/STM32F1xx_HAL_Driver/Src/stm32f1xx_hal_cortex.c.obj
 .debug_line    0x00002710      0xcee CMakeFiles/nbiot.elf.dir/Drivers/STM32F1xx_HAL_Driver/Src/stm32f1xx_hal_dma.c.obj
 .debug_line    0x000033fe      0x5f1 CMakeFiles/nbiot.elf.dir/Drivers/STM32F1xx_HAL_Driver/Src/stm32f1xx_hal_gpio.c.obj
 .debug_line    0x000039ef      0xc1a CMakeFiles/nbiot.elf.dir/Drivers/STM32F1xx_HAL_Driver/Src/stm32f1xx_hal_rcc.c.obj
 .debug_line    0x00004609     0x4a58 CMakeFiles/nbiot.elf.dir/Drivers/STM32F1xx_HAL_Driver/Src/stm32f1xx_hal_tim.c.obj
 .debug_line    0x00009061     0x1c50 CMakeFiles/nbiot.elf.dir/Drivers/STM32F1xx_HAL_Driver/Src/stm32f1xx_hal_tim_ex.c.obj
 .debug_line    0x0000acb1     0x43bb CMakeFiles/nbiot.elf.dir/Drivers/STM32F1xx_HAL_Driver/Src/stm32f1xx_hal_uart.c.obj

.debug_str      0x00000000     0x3fd1
 .debug_str     0x00000000      0x262 CMakeFiles/nbiot.elf.dir/Core/Src/gpio.c.obj
                                0x2ad (size before relaxing)
 .debug_str     0x00000262      0x661 CMakeFiles/nbiot.elf.dir/Core/Src/main.c.obj
                                0x894 (size before relaxing)
 .debug_str     0x000008c3       0x45 CMakeFiles/nbiot.elf.dir/Core/Src/stm32f1xx_hal_msp.c.obj
                                0x221 (size before relaxing)
 .debug_str     0x00000908      0x3d3 CMakeFiles/nbiot.elf.dir/Core/Src/stm32f1xx_it.c.obj
                                0x9ac (size before relaxing)
 .debug_str     0x00000cdb      0x22c CMakeFiles/nbiot.elf.dir/Core/Src/syscalls.c.obj
                                0x41c (size before relaxing)
 .debug_str     0x00000f07       0x8e CMakeFiles/nbiot.elf.dir/Core/Src/sysmem.c.obj
                                0x248 (size before relaxing)
 .debug_str     0x00000f95       0x97 CMakeFiles/nbiot.elf.dir/Core/Src/system_stm32f1xx.c.obj
                                0x284 (size before relaxing)
 .debug_str     0x0000102c      0x54a CMakeFiles/nbiot.elf.dir/Core/Src/tim.c.obj
                                0xc2d (size before relaxing)
 .debug_str     0x00001576      0x441 CMakeFiles/nbiot.elf.dir/Core/Src/usart.c.obj
                                0xf84 (size before relaxing)
 .debug_str     0x000019b7       0x4f CMakeFiles/nbiot.elf.dir/Core/Startup/startup_stm32f103rctx.s.obj
                                 0x7d (size before relaxing)
 .debug_str     0x00001a06      0x318 CMakeFiles/nbiot.elf.dir/Drivers/STM32F1xx_HAL_Driver/Src/stm32f1xx_hal.c.obj
                                0x938 (size before relaxing)
 .debug_str     0x00001d1e      0x3c1 CMakeFiles/nbiot.elf.dir/Drivers/STM32F1xx_HAL_Driver/Src/stm32f1xx_hal_cortex.c.obj
                                0x9e7 (size before relaxing)
 .debug_str     0x000020df      0x258 CMakeFiles/nbiot.elf.dir/Drivers/STM32F1xx_HAL_Driver/Src/stm32f1xx_hal_dma.c.obj
                                0x62d (size before relaxing)
 .debug_str     0x00002337      0x13f CMakeFiles/nbiot.elf.dir/Drivers/STM32F1xx_HAL_Driver/Src/stm32f1xx_hal_gpio.c.obj
                                0x430 (size before relaxing)
 .debug_str     0x00002476      0x20d CMakeFiles/nbiot.elf.dir/Drivers/STM32F1xx_HAL_Driver/Src/stm32f1xx_hal_rcc.c.obj
                                0x65b (size before relaxing)
 .debug_str     0x00002683      0xe60 CMakeFiles/nbiot.elf.dir/Drivers/STM32F1xx_HAL_Driver/Src/stm32f1xx_hal_tim.c.obj
                               0x166f (size before relaxing)
 .debug_str     0x000034e3      0x53d CMakeFiles/nbiot.elf.dir/Drivers/STM32F1xx_HAL_Driver/Src/stm32f1xx_hal_tim_ex.c.obj
                                0xe70 (size before relaxing)
 .debug_str     0x00003a20      0x5b1 CMakeFiles/nbiot.elf.dir/Drivers/STM32F1xx_HAL_Driver/Src/stm32f1xx_hal_uart.c.obj
                                0xd24 (size before relaxing)

.comment        0x00000000       0x49
 .comment       0x00000000       0x49 CMakeFiles/nbiot.elf.dir/Core/Src/gpio.c.obj
                                 0x4a (size before relaxing)
 .comment       0x00000049       0x4a CMakeFiles/nbiot.elf.dir/Core/Src/main.c.obj
 .comment       0x00000049       0x4a CMakeFiles/nbiot.elf.dir/Core/Src/stm32f1xx_hal_msp.c.obj
 .comment       0x00000049       0x4a CMakeFiles/nbiot.elf.dir/Core/Src/stm32f1xx_it.c.obj
 .comment       0x00000049       0x4a CMakeFiles/nbiot.elf.dir/Core/Src/syscalls.c.obj
 .comment       0x00000049       0x4a CMakeFiles/nbiot.elf.dir/Core/Src/sysmem.c.obj
 .comment       0x00000049       0x4a CMakeFiles/nbiot.elf.dir/Core/Src/system_stm32f1xx.c.obj
 .comment       0x00000049       0x4a CMakeFiles/nbiot.elf.dir/Core/Src/tim.c.obj
 .comment       0x00000049       0x4a CMakeFiles/nbiot.elf.dir/Core/Src/usart.c.obj
 .comment       0x00000049       0x4a CMakeFiles/nbiot.elf.dir/Drivers/STM32F1xx_HAL_Driver/Src/stm32f1xx_hal.c.obj
 .comment       0x00000049       0x4a CMakeFiles/nbiot.elf.dir/Drivers/STM32F1xx_HAL_Driver/Src/stm32f1xx_hal_cortex.c.obj
 .comment       0x00000049       0x4a CMakeFiles/nbiot.elf.dir/Drivers/STM32F1xx_HAL_Driver/Src/stm32f1xx_hal_dma.c.obj
 .comment       0x00000049       0x4a CMakeFiles/nbiot.elf.dir/Drivers/STM32F1xx_HAL_Driver/Src/stm32f1xx_hal_gpio.c.obj
 .comment       0x00000049       0x4a CMakeFiles/nbiot.elf.dir/Drivers/STM32F1xx_HAL_Driver/Src/stm32f1xx_hal_rcc.c.obj
 .comment       0x00000049       0x4a CMakeFiles/nbiot.elf.dir/Drivers/STM32F1xx_HAL_Driver/Src/stm32f1xx_hal_tim.c.obj
 .comment       0x00000049       0x4a CMakeFiles/nbiot.elf.dir/Drivers/STM32F1xx_HAL_Driver/Src/stm32f1xx_hal_tim_ex.c.obj
 .comment       0x00000049       0x4a CMakeFiles/nbiot.elf.dir/Drivers/STM32F1xx_HAL_Driver/Src/stm32f1xx_hal_uart.c.obj

.debug_frame    0x00000000     0x35c4
 .debug_frame   0x00000000       0x34 CMakeFiles/nbiot.elf.dir/Core/Src/gpio.c.obj
 .debug_frame   0x00000034       0x58 CMakeFiles/nbiot.elf.dir/Core/Src/main.c.obj
 .debug_frame   0x0000008c       0x28 CMakeFiles/nbiot.elf.dir/Core/Src/stm32f1xx_hal_msp.c.obj
 .debug_frame   0x000000b4       0xf0 CMakeFiles/nbiot.elf.dir/Core/Src/stm32f1xx_it.c.obj
 .debug_frame   0x000001a4      0x190 CMakeFiles/nbiot.elf.dir/Core/Src/syscalls.c.obj
 .debug_frame   0x00000334       0x28 CMakeFiles/nbiot.elf.dir/Core/Src/sysmem.c.obj
 .debug_frame   0x0000035c       0x30 CMakeFiles/nbiot.elf.dir/Core/Src/system_stm32f1xx.c.obj
 .debug_frame   0x0000038c       0x64 CMakeFiles/nbiot.elf.dir/Core/Src/tim.c.obj
 .debug_frame   0x000003f0       0xcc CMakeFiles/nbiot.elf.dir/Core/Src/usart.c.obj
 .debug_frame   0x000004bc      0x1cc CMakeFiles/nbiot.elf.dir/Drivers/STM32F1xx_HAL_Driver/Src/stm32f1xx_hal.c.obj
 .debug_frame   0x00000688      0x118 CMakeFiles/nbiot.elf.dir/Drivers/STM32F1xx_HAL_Driver/Src/stm32f1xx_hal_cortex.c.obj
 .debug_frame   0x000007a0      0x140 CMakeFiles/nbiot.elf.dir/Drivers/STM32F1xx_HAL_Driver/Src/stm32f1xx_hal_dma.c.obj
 .debug_frame   0x000008e0       0xe4 CMakeFiles/nbiot.elf.dir/Drivers/STM32F1xx_HAL_Driver/Src/stm32f1xx_hal_gpio.c.obj
 .debug_frame   0x000009c4      0x184 CMakeFiles/nbiot.elf.dir/Drivers/STM32F1xx_HAL_Driver/Src/stm32f1xx_hal_rcc.c.obj
 .debug_frame   0x00000b48      0xb04 CMakeFiles/nbiot.elf.dir/Drivers/STM32F1xx_HAL_Driver/Src/stm32f1xx_hal_tim.c.obj
 .debug_frame   0x0000164c      0x40c CMakeFiles/nbiot.elf.dir/Drivers/STM32F1xx_HAL_Driver/Src/stm32f1xx_hal_tim_ex.c.obj
 .debug_frame   0x00001a58      0x5d8 CMakeFiles/nbiot.elf.dir/Drivers/STM32F1xx_HAL_Driver/Src/stm32f1xx_hal_uart.c.obj
 .debug_frame   0x00002030       0x20 c:/progra~1/gnu-to~1/bin/../lib/gcc/arm-none-eabi/10.3.1/../../../../arm-none-eabi/lib/thumb/v7-m/nofp\libg.a(lib_a-errno.o)
 .debug_frame   0x00002050       0x2c c:/progra~1/gnu-to~1/bin/../lib/gcc/arm-none-eabi/10.3.1/../../../../arm-none-eabi/lib/thumb/v7-m/nofp\libg.a(lib_a-init.o)
 .debug_frame   0x0000207c       0x2c c:/progra~1/gnu-to~1/bin/../lib/gcc/arm-none-eabi/10.3.1/../../../../arm-none-eabi/lib/thumb/v7-m/nofp\libg.a(lib_a-memset.o)
 .debug_frame   0x000020a8       0x74 c:/progra~1/gnu-to~1/bin/../lib/gcc/arm-none-eabi/10.3.1/../../../../arm-none-eabi/lib/thumb/v7-m/nofp\libg.a(lib_a-printf.o)
 .debug_frame   0x0000211c       0x94 c:/progra~1/gnu-to~1/bin/../lib/gcc/arm-none-eabi/10.3.1/../../../../arm-none-eabi/lib/thumb/v7-m/nofp\libg.a(lib_a-vfprintf.o)
 .debug_frame   0x000021b0       0x2c c:/progra~1/gnu-to~1/bin/../lib/gcc/arm-none-eabi/10.3.1/../../../../arm-none-eabi/lib/thumb/v7-m/nofp\libg.a(lib_a-wsetup.o)
 .debug_frame   0x000021dc       0x5c c:/progra~1/gnu-to~1/bin/../lib/gcc/arm-none-eabi/10.3.1/../../../../arm-none-eabi/lib/thumb/v7-m/nofp\libg.a(lib_a-__call_atexit.o)
 .debug_frame   0x00002238       0x20 c:/progra~1/gnu-to~1/bin/../lib/gcc/arm-none-eabi/10.3.1/../../../../arm-none-eabi/lib/thumb/v7-m/nofp\libg.a(lib_a-atexit.o)
 .debug_frame   0x00002258       0x8c c:/progra~1/gnu-to~1/bin/../lib/gcc/arm-none-eabi/10.3.1/../../../../arm-none-eabi/lib/thumb/v7-m/nofp\libg.a(lib_a-dtoa.o)
 .debug_frame   0x000022e4       0x70 c:/progra~1/gnu-to~1/bin/../lib/gcc/arm-none-eabi/10.3.1/../../../../arm-none-eabi/lib/thumb/v7-m/nofp\libg.a(lib_a-fflush.o)
 .debug_frame   0x00002354      0x154 c:/progra~1/gnu-to~1/bin/../lib/gcc/arm-none-eabi/10.3.1/../../../../arm-none-eabi/lib/thumb/v7-m/nofp\libg.a(lib_a-findfp.o)
 .debug_frame   0x000024a8       0x34 c:/progra~1/gnu-to~1/bin/../lib/gcc/arm-none-eabi/10.3.1/../../../../arm-none-eabi/lib/thumb/v7-m/nofp\libg.a(lib_a-fini.o)
 .debug_frame   0x000024dc       0x8c c:/progra~1/gnu-to~1/bin/../lib/gcc/arm-none-eabi/10.3.1/../../../../arm-none-eabi/lib/thumb/v7-m/nofp\libg.a(lib_a-freer.o)
 .debug_frame   0x00002568       0x54 c:/progra~1/gnu-to~1/bin/../lib/gcc/arm-none-eabi/10.3.1/../../../../arm-none-eabi/lib/thumb/v7-m/nofp\libg.a(lib_a-fwalk.o)
 .debug_frame   0x000025bc       0x40 c:/progra~1/gnu-to~1/bin/../lib/gcc/arm-none-eabi/10.3.1/../../../../arm-none-eabi/lib/thumb/v7-m/nofp\libg.a(lib_a-localeconv.o)
 .debug_frame   0x000025fc       0xb0 c:/progra~1/gnu-to~1/bin/../lib/gcc/arm-none-eabi/10.3.1/../../../../arm-none-eabi/lib/thumb/v7-m/nofp\libg.a(lib_a-lock.o)
 .debug_frame   0x000026ac       0x70 c:/progra~1/gnu-to~1/bin/../lib/gcc/arm-none-eabi/10.3.1/../../../../arm-none-eabi/lib/thumb/v7-m/nofp\libg.a(lib_a-makebuf.o)